Component: ARM Compiler 5.06 update 6 (build 750) Tool: armlink [4d35ed]

==============================================================================

Section Cross References

    startup_stm32f407xx.o(RESET) refers to startup_stm32f407xx.o(STACK) for __initial_sp
    startup_stm32f407xx.o(RESET) refers to startup_stm32f407xx.o(.text) for Reset_Handler
    startup_stm32f407xx.o(RESET) refers to stm32f4xx_it.o(i.NMI_Handler) for NMI_Handler
    startup_stm32f407xx.o(RESET) refers to stm32f4xx_it.o(i.HardFault_Handler) for HardFault_Handler
    startup_stm32f407xx.o(RESET) refers to stm32f4xx_it.o(i.MemManage_Handler) for MemManage_Handler
    startup_stm32f407xx.o(RESET) refers to stm32f4xx_it.o(i.BusFault_Handler) for BusFault_Handler
    startup_stm32f407xx.o(RESET) refers to stm32f4xx_it.o(i.UsageFault_Handler) for UsageFault_Handler
    startup_stm32f407xx.o(RESET) refers to port.o(.emb_text) for SVC_Handler
    startup_stm32f407xx.o(RESET) refers to stm32f4xx_it.o(i.DebugMon_Handler) for DebugMon_Handler
    startup_stm32f407xx.o(RESET) refers to cmsis_os2.o(i.SysTick_Handler) for SysTick_Handler
    startup_stm32f407xx.o(RESET) refers to stm32f4xx_it.o(i.DMA1_Stream1_IRQHandler) for DMA1_Stream1_IRQHandler
    startup_stm32f407xx.o(RESET) refers to stm32f4xx_it.o(i.DMA1_Stream5_IRQHandler) for DMA1_Stream5_IRQHandler
    startup_stm32f407xx.o(RESET) refers to stm32f4xx_it.o(i.CAN1_RX0_IRQHandler) for CAN1_RX0_IRQHandler
    startup_stm32f407xx.o(RESET) refers to bsp_dma.o(i.USART2_IRQHandler) for USART2_IRQHandler
    startup_stm32f407xx.o(RESET) refers to stm32f4xx_it.o(i.USART3_IRQHandler) for USART3_IRQHandler
    startup_stm32f407xx.o(RESET) refers to stm32f4xx_it.o(i.TIM8_TRG_COM_TIM14_IRQHandler) for TIM8_TRG_COM_TIM14_IRQHandler
    startup_stm32f407xx.o(RESET) refers to stm32f4xx_it.o(i.DMA2_Stream1_IRQHandler) for DMA2_Stream1_IRQHandler
    startup_stm32f407xx.o(RESET) refers to stm32f4xx_it.o(i.CAN2_RX0_IRQHandler) for CAN2_RX0_IRQHandler
    startup_stm32f407xx.o(.text) refers to system_stm32f4xx.o(i.SystemInit) for SystemInit
    startup_stm32f407xx.o(.text) refers to entry.o(.ARM.Collect$$$$00000000) for __main
    main.o(i.HAL_TIM_PeriodElapsedCallback) refers to stm32f4xx_hal.o(i.HAL_IncTick) for HAL_IncTick
    main.o(i.SystemClock_Config) refers to memseta.o(.text) for __aeabi_memclr4
    main.o(i.SystemClock_Config) refers to stm32f4xx_hal_rcc.o(i.HAL_RCC_OscConfig) for HAL_RCC_OscConfig
    main.o(i.SystemClock_Config) refers to stm32f4xx_hal_rcc.o(i.HAL_RCC_ClockConfig) for HAL_RCC_ClockConfig
    main.o(i.main) refers to stm32f4xx_hal.o(i.HAL_Init) for HAL_Init
    main.o(i.main) refers to main.o(i.SystemClock_Config) for SystemClock_Config
    main.o(i.main) refers to gpio.o(i.MX_GPIO_Init) for MX_GPIO_Init
    main.o(i.main) refers to dma.o(i.MX_DMA_Init) for MX_DMA_Init
    main.o(i.main) refers to can.o(i.MX_CAN1_Init) for MX_CAN1_Init
    main.o(i.main) refers to usart.o(i.MX_USART2_UART_Init) for MX_USART2_UART_Init
    main.o(i.main) refers to usart.o(i.MX_USART1_UART_Init) for MX_USART1_UART_Init
    main.o(i.main) refers to usart.o(i.MX_USART6_UART_Init) for MX_USART6_UART_Init
    main.o(i.main) refers to can.o(i.MX_CAN2_Init) for MX_CAN2_Init
    main.o(i.main) refers to usart.o(i.MX_USART3_UART_Init) for MX_USART3_UART_Init
    main.o(i.main) refers to stm32f4xx_hal_cortex.o(i.HAL_NVIC_SetPriority) for HAL_NVIC_SetPriority
    main.o(i.main) refers to stm32f4xx_hal_cortex.o(i.HAL_NVIC_EnableIRQ) for HAL_NVIC_EnableIRQ
    main.o(i.main) refers to bsp_can.o(i.Can_init) for Can_init
    main.o(i.main) refers to bsp_can.o(i.Can2_init) for Can2_init
    main.o(i.main) refers to bsp_dma.o(i.remote_control_init) for remote_control_init
    main.o(i.main) refers to cmsis_os2.o(i.osKernelInitialize) for osKernelInitialize
    main.o(i.main) refers to freertos.o(i.MX_FREERTOS_Init) for MX_FREERTOS_Init
    main.o(i.main) refers to cmsis_os2.o(i.osKernelStart) for osKernelStart
    freertos.o(i.Detect_Task) refers to cmsis_os2.o(i.osDelay) for osDelay
    freertos.o(i.MX_FREERTOS_Init) refers to cmsis_os2.o(i.osThreadNew) for osThreadNew
    freertos.o(i.MX_FREERTOS_Init) refers to freertos.o(.constdata) for .constdata
    freertos.o(i.MX_FREERTOS_Init) refers to chassis_task.o(i.chassis_task) for chassis_task
    freertos.o(i.MX_FREERTOS_Init) refers to freertos.o(.data) for .data
    freertos.o(i.MX_FREERTOS_Init) refers to freertos.o(i.StartTask02) for StartTask02
    freertos.o(i.MX_FREERTOS_Init) refers to detect_tesk.o(i.Detect_Task) for Detect_Task
    freertos.o(i.StartTask02) refers to nground.o(i.NCLink_Send_Userdata) for NCLink_Send_Userdata
    freertos.o(i.StartTask02) refers to cmsis_os2.o(i.osDelay) for osDelay
    freertos.o(i.chassis_task) refers to cmsis_os2.o(i.osDelay) for osDelay
    freertos.o(.constdata) refers to freertos.o(.conststring) for .conststring
[...]
    i.get_Chassis_Motor_Measure_Point        0x08003ab4   Section        0  bsp_can.o(i.get_Chassis_Motor_Measure_Point)
    i.get_Yaw_Gimbal_Motor_Measure_Point     0x08003ac8   Section        0  bsp_can.o(i.get_Yaw_Gimbal_Motor_Measure_Point)
    i.get_motor_measure                      0x08003ad0   Section        0  bsp_can.o(i.get_motor_measure)
    i.get_remote_control_point               0x08003b28   Section        0  bsp_dma.o(i.get_remote_control_point)
    i.loop_fp32_constrain                    0x08003b30   Section        0  user_lib.o(i.loop_fp32_constrain)
    i.main                                   0x08003b78   Section        0  main.o(i.main)
    i.osDelay                                0x08003bea   Section        0  cmsis_os2.o(i.osDelay)
    i.osKernelInitialize                     0x08003c04   Section        0  cmsis_os2.o(i.osKernelInitialize)
    i.osKernelStart                          0x08003c28   Section        0  cmsis_os2.o(i.osKernelStart)
    i.osThreadNew                            0x08003c60   Section        0  cmsis_os2.o(i.osThreadNew)
    i.prvAddCurrentTaskToDelayedList         0x08003cec   Section        0  tasks.o(i.prvAddCurrentTaskToDelayedList)
    prvAddCurrentTaskToDelayedList           0x08003ced   Thumb Code    84  tasks.o(i.prvAddCurrentTaskToDelayedList)
    i.prvAddNewTaskToReadyList               0x08003d48   Section        0  tasks.o(i.prvAddNewTaskToReadyList)
    prvAddNewTaskToReadyList                 0x08003d49   Thumb Code   190  tasks.o(i.prvAddNewTaskToReadyList)
    i.prvCheckForValidListAndQueue           0x08003e18   Section        0  timers.o(i.prvCheckForValidListAndQueue)
    prvCheckForValidListAndQueue             0x08003e19   Thumb Code    72  timers.o(i.prvCheckForValidListAndQueue)
    i.prvCopyDataFromQueue                   0x08003e70   Section        0  queue.o(i.prvCopyDataFromQueue)
    prvCopyDataFromQueue                     0x08003e71   Thumb Code    38  queue.o(i.prvCopyDataFromQueue)
    i.prvCopyDataToQueue                     0x08003e96   Section        0  queue.o(i.prvCopyDataToQueue)
    prvCopyDataToQueue                       0x08003e97   Thumb Code   108  queue.o(i.prvCopyDataToQueue)
    i.prvDeleteTCB                           0x08003f02   Section        0  tasks.o(i.prvDeleteTCB)
    prvDeleteTCB                             0x08003f03   Thumb Code    52  tasks.o(i.prvDeleteTCB)
    i.prvHeapInit                            0x08003f38   Section        0  heap_4.o(i.prvHeapInit)
    prvHeapInit                              0x08003f39   Thumb Code    66  heap_4.o(i.prvHeapInit)
    i.prvIdleTask                            0x08003f84   Section        0  tasks.o(i.prvIdleTask)
    prvIdleTask                              0x08003f85   Thumb Code    82  tasks.o(i.prvIdleTask)
    i.prvInitialiseNewQueue                  0x08003fe4   Section        0  queue.o(i.prvInitialiseNewQueue)
    prvInitialiseNewQueue                    0x08003fe5   Thumb Code    34  queue.o(i.prvInitialiseNewQueue)
    i.prvInitialiseNewTask                   0x08004008   Section        0  tasks.o(i.prvInitialiseNewTask)
    prvInitialiseNewTask                     0x08004009   Thumb Code   176  tasks.o(i.prvInitialiseNewTask)
    i.prvInsertBlockIntoFreeList             0x080040b8   Section        0  heap_4.o(i.prvInsertBlockIntoFreeList)
    prvInsertBlockIntoFreeList               0x080040b9   Thumb Code    72  heap_4.o(i.prvInsertBlockIntoFreeList)
    i.prvInsertTimerInActiveList             0x08004104   Section        0  timers.o(i.prvInsertTimerInActiveList)
    prvInsertTimerInActiveList               0x08004105   Thumb Code    52  timers.o(i.prvInsertTimerInActiveList)
    i.prvIsQueueEmpty                        0x0800413c   Section        0  queue.o(i.prvIsQueueEmpty)
    prvIsQueueEmpty                          0x0800413d   Thumb Code    28  queue.o(i.prvIsQueueEmpty)
    i.prvProcessReceivedCommands             0x08004158   Section        0  timers.o(i.prvProcessReceivedCommands)
    prvProcessReceivedCommands               0x08004159   Thumb Code   248  timers.o(i.prvProcessReceivedCommands)
    i.prvProcessTimerOrBlockTask             0x08004254   Section        0  timers.o(i.prvProcessTimerOrBlockTask)
    prvProcessTimerOrBlockTask               0x08004255   Thumb Code   182  timers.o(i.prvProcessTimerOrBlockTask)
    i.prvResetNextTaskUnblockTime            0x08004314   Section        0  tasks.o(i.prvResetNextTaskUnblockTime)
    prvResetNextTaskUnblockTime              0x08004315   Thumb Code    26  tasks.o(i.prvResetNextTaskUnblockTime)
    i.prvSampleTimeNow                       0x08004334   Section        0  timers.o(i.prvSampleTimeNow)
    prvSampleTimeNow                         0x08004335   Thumb Code    36  timers.o(i.prvSampleTimeNow)
    i.prvSwitchTimerLists                    0x0800435c   Section        0  timers.o(i.prvSwitchTimerLists)
    prvSwitchTimerLists                      0x0800435d   Thumb Code   104  timers.o(i.prvSwitchTimerLists)
    i.prvTaskExitError                       0x080043c8   Section        0  port.o(i.prvTaskExitError)
    prvTaskExitError                         0x080043c9   Thumb Code    36  port.o(i.prvTaskExitError)
    i.prvTimerTask                           0x080043f0   Section        0  timers.o(i.prvTimerTask)
    prvTimerTask                             0x080043f1   Thumb Code    32  timers.o(i.prvTimerTask)
    i.prvUnlockQueue                         0x08004414   Section        0  queue.o(i.prvUnlockQueue)
    prvUnlockQueue                           0x08004415   Thumb Code   106  queue.o(i.prvUnlockQueue)
    i.pvPortMalloc                           0x08004480   Section        0  heap_4.o(i.pvPortMalloc)
    i.pxPortInitialiseStack                  0x0800455c   Section        0  port.o(i.pxPortInitialiseStack)
    i.remote_control_init                    0x08004588   Section        0  bsp_dma.o(i.remote_control_init)
    i.theta_format                           0x08004594   Section        0  user_lib.o(i.theta_format)
    i.uxListRemove                           0x080045a8   Section        0  list.o(i.uxListRemove)
    i.vApplicationGetIdleTaskMemory          0x080045d0   Section        0  cmsis_os2.o(i.vApplicationGetIdleTaskMemory)
    i.vApplicationGetTimerTaskMemory         0x080045e4   Section        0  cmsis_os2.o(i.vApplicationGetTimerTaskMemory)
    i.vListInitialise                        0x080045fc   Section        0  list.o(i.vListInitialise)
    i.vListInitialiseItem                    0x08004612   Section        0  list.o(i.vListInitialiseItem)
    i.vListInsert                            0x08004618   Section        0  list.o(i.vListInsert)
    i.vListInsertEnd                         0x08004648   Section        0  list.o(i.vListInsertEnd)
    i.vPortEnterCritical                     0x08004660   Section        0  port.o(i.vPortEnterCritical)
    i.vPortExitCritical                      0x080046a0   Section        0  port.o(i.vPortExitCritical)
    i.vPortFree                              0x080046c8   Section        0  heap_4.o(i.vPortFree)
    i.vPortSetupTimerInterrupt               0x0800472c   Section        0  port.o(i.vPortSetupTimerInterrupt)
    i.vPortValidateInterruptPriority         0x08004750   Section        0  port.o(i.vPortValidateInterruptPriority)
    i.vQueueAddToRegistry                    0x080047a4   Section        0  queue.o(i.vQueueAddToRegistry)
    i.vQueueWaitForMessageRestricted         0x080047cc   Section        0  queue.o(i.vQueueWaitForMessageRestricted)
    i.vTaskDelay                             0x08004810   Section        0  tasks.o(i.vTaskDelay)
    i.vTaskInternalSetTimeOutState           0x0800485c   Section        0  tasks.o(i.vTaskInternalSetTimeOutState)
    i.vTaskMissedYield                       0x0800486c   Section        0  tasks.o(i.vTaskMissedYield)
    i.vTaskPlaceOnEventList                  0x08004878   Section        0  tasks.o(i.vTaskPlaceOnEventList)
    i.vTaskPlaceOnEventListRestricted        0x080048a8   Section        0  tasks.o(i.vTaskPlaceOnEventListRestricted)
    i.vTaskStartScheduler                    0x080048e0   Section        0  tasks.o(i.vTaskStartScheduler)
    i.vTaskSuspendAll                        0x08004968   Section        0  tasks.o(i.vTaskSuspendAll)
    i.vTaskSwitchContext                     0x08004978   Section        0  tasks.o(i.vTaskSwitchContext)
    i.xPortStartScheduler                    0x080049dc   Section        0  port.o(i.xPortStartScheduler)
    i.xPortSysTickHandler                    0x08004ad0   Section        0  port.o(i.xPortSysTickHandler)
    i.xQueueGenericCreateStatic              0x08004afc   Section        0  queue.o(i.xQueueGenericCreateStatic)
    i.xQueueGenericReset                     0x08004b64   Section        0  queue.o(i.xQueueGenericReset)
    i.xQueueGenericSend                      0x08004bec   Section        0  queue.o(i.xQueueGenericSend)
    i.xQueueGenericSendFromISR               0x08004d4c   Section        0  queue.o(i.xQueueGenericSendFromISR)
    i.xQueueReceive                          0x08004e0c   Section        0  queue.o(i.xQueueReceive)
    i.xTaskCheckForTimeOut                   0x08004f44   Section        0  tasks.o(i.xTaskCheckForTimeOut)
    i.xTaskCreate                            0x08004fb8   Section        0  tasks.o(i.xTaskCreate)
    i.xTaskCreateStatic                      0x08005012   Section        0  tasks.o(i.xTaskCreateStatic)
    i.xTaskGetSchedulerState                 0x08005068   Section        0  tasks.o(i.xTaskGetSchedulerState)
    i.xTaskGetTickCount                      0x08005084   Section        0  tasks.o(i.xTaskGetTickCount)
    i.xTaskIncrementTick                     0x08005090   Section        0  tasks.o(i.xTaskIncrementTick)
    i.xTaskPriorityDisinherit                0x08005158   Section        0  tasks.o(i.xTaskPriorityDisinherit)
    i.xTaskRemoveFromEventList               0x080051d8   Section        0  tasks.o(i.xTaskRemoveFromEventList)
    i.xTaskResumeAll                         0x08005248   Section        0  tasks.o(i.xTaskResumeAll)
    i.xTimerCreateTimerTask                  0x0800530c   Section        0  timers.o(i.xTimerCreateTimerTask)
    i.xTimerGenericCommand                   0x0800536c   Section        0  timers.o(i.xTimerGenericCommand)
    .constdata                               0x080053d4   Section      108  freertos.o(.constdata)
    .constdata                               0x08005440   Section        8  stm32f4xx_hal_dma.o(.constdata)
    flagBitshiftOffset                       0x08005440   Data           8  stm32f4xx_hal_dma.o(.constdata)
    .constdata                               0x08005448   Section       16  system_stm32f4xx.o(.constdata)
    .constdata                               0x08005458   Section        8  system_stm32f4xx.o(.constdata)
    .constdata                               0x08005460   Section       24  chassis_task.o(.constdata)
    motor_speed_pid                          0x08005460   Data          12  chassis_task.o(.constdata)
    chassis_yaw_pid                          0x0800546c   Data          12  chassis_task.o(.constdata)
    .constdata                               0x08005478   Section     2052  arm_common_tables.o(.constdata)
    .conststring                             0x08005c7c   Section       32  freertos.o(.conststring)
    .data                                    0x20000000   Section       12  freertos.o(.data)
    .data                                    0x2000000c   Section        4  can.o(.data)
    HAL_RCC_CAN1_CLK_ENABLED                 0x2000000c   Data           4  can.o(.data)
    .data                                    0x20000010   Section       24  bsp_can.o(.data)
    i                                        0x20000010   Data           1  bsp_can.o(.data)
    .data                                    0x20000028   Section        8  bsp_dma.o(.data)
    .data                                    0x20000030   Section       12  stm32f4xx_hal.o(.data)
    .data                                    0x2000003c   Section        4  system_stm32f4xx.o(.data)
    .data                                    0x20000040   Section       60  tasks.o(.data)
    uxDeletedTasksWaitingCleanUp             0x20000044   Data           4  tasks.o(.data)
    uxCurrentNumberOfTasks                   0x20000048   Data           4  tasks.o(.data)
    xTickCount                               0x2000004c   Data           4  tasks.o(.data)
    uxTopReadyPriority                       0x20000050   Data           4  tasks.o(.data)
    xSchedulerRunning                        0x20000054   Data           4  tasks.o(.data)
    xPendedTicks                             0x20000058   Data           4  tasks.o(.data)
    xYieldPending                            0x2000005c   Data           4  tasks.o(.data)
    xNumOfOverflows                          0x20000060   Data           4  tasks.o(.data)
    uxTaskNumber                             0x20000064   Data           4  tasks.o(.data)
    xNextTaskUnblockTime                     0x20000068   Data           4  tasks.o(.data)
    xIdleTaskHandle                          0x2000006c   Data           4  tasks.o(.data)
    uxSchedulerSuspended                     0x20000070   Data           4  tasks.o(.data)
    pxDelayedTaskList                        0x20000074   Data           4  tasks.o(.data)
    pxOverflowDelayedTaskList                0x20000078   Data           4  tasks.o(.data)
    .data                                    0x2000007c   Section       20  timers.o(.data)
    xTimerQueue                              0x2000007c   Data           4  timers.o(.data)
    xTimerTaskHandle                         0x20000080   Data           4  timers.o(.data)
    xLastTime                                0x20000084   Data           4  timers.o(.data)
    pxCurrentTimerList                       0x20000088   Data           4  timers.o(.data)
    pxOverflowTimerList                      0x2000008c   Data           4  timers.o(.data)
    .data                                    0x20000090   Section        4  cmsis_os2.o(.data)
    KernelState                              0x20000090   Data           4  cmsis_os2.o(.data)
    .data                                    0x20000094   Section       32  heap_4.o(.data)
    pxEnd                                    0x20000094   Data           4  heap_4.o(.data)
    xFreeBytesRemaining                      0x20000098   Data           4  heap_4.o(.data)
    xMinimumEverFreeBytesRemaining           0x2000009c   Data           4  heap_4.o(.data)
    xNumberOfSuccessfulAllocations           0x200000a0   Data           4  heap_4.o(.data)
    xNumberOfSuccessfulFrees                 0x200000a4   Data           4  heap_4.o(.data)
    xBlockAllocatedBit                       0x200000a8   Data           4  heap_4.o(.data)
    xStart                                   0x200000ac   Data           8  heap_4.o(.data)
    .data                                    0x200000b4   Section       12  port.o(.data)
    ucMaxSysCallPriority                     0x200000b4   Data           1  port.o(.data)
    uxCriticalNesting                        0x200000b8   Data           4  port.o(.data)
    ulMaxPRIGROUPValue                       0x200000bc   Data           4  port.o(.data)
    .data                                    0x200000c0   Section        8  nground.o(.data)
    NCLink_Head                              0x200000c0   Data           2  nground.o(.data)
    NCLink_End                               0x200000c2   Data           2  nground.o(.data)
    .data                                    0x200000c8   Section        8  chassis_behaviour.o(.data)
    chassis_behaviour_mode                   0x200000c8   Data           1  chassis_behaviour.o(.data)
    max_angle                                0x200000cc   Data           4  chassis_behaviour.o(.data)
    .data                                    0x200000d0   Section       52  chassis_task.o(.data)
    total_ecd                                0x200000e4   Data           4  chassis_task.o(.data)
    d_theta                                  0x200000e8   Data           4  chassis_task.o(.data)
    .bss                                     0x20000104   Section       80  can.o(.bss)
    .bss                                     0x20000154   Section      560  usart.o(.bss)
    .bss                                     0x20000384   Section       72  stm32f4xx_hal_timebase_tim.o(.bss)
    .bss                                     0x200003cc   Section      234  bsp_can.o(.bss)
    .bss                                     0x200004b6   Section      150  bsp_dma.o(.bss)
    .bss                                     0x2000054c   Section       64  queue.o(.bss)
    .bss                                     0x2000058c   Section     1220  tasks.o(.bss)
    pxReadyTasksLists                        0x2000058c   Data        1120  tasks.o(.bss)
    xDelayedTaskList1                        0x200009ec   Data          20  tasks.o(.bss)
    xDelayedTaskList2                        0x20000a00   Data          20  tasks.o(.bss)
    xPendingReadyList                        0x20000a14   Data          20  tasks.o(.bss)
    xTasksWaitingTermination                 0x20000a28   Data          20  tasks.o(.bss)
    xSuspendedTaskList                       0x20000a3c   Data          20  tasks.o(.bss)
    .bss                                     0x20000a50   Section      280  timers.o(.bss)
    xStaticTimerQueue                        0x20000a50   Data          80  timers.o(.bss)
    ucStaticTimerQueueStorage                0x20000aa0   Data         160  timers.o(.bss)
    xActiveTimerList1                        0x20000b40   Data          20  timers.o(.bss)
    xActiveTimerList2                        0x20000b54   Data          20  timers.o(.bss)
    .bss                                     0x20000b68   Section     1720  cmsis_os2.o(.bss)
    Idle_TCB                                 0x20000b68   Data          92  cmsis_os2.o(.bss)
    Idle_Stack                               0x20000bc4   Data         512  cmsis_os2.o(.bss)
    Timer_TCB                                0x20000dc4   Data          92  cmsis_os2.o(.bss)
    Timer_Stack                              0x20000e20   Data        1024  cmsis_os2.o(.bss)
    .bss                                     0x20001220   Section    15360  heap_4.o(.bss)
    ucHeap                                   0x20001220   Data       15360  heap_4.o(.bss)
    .bss                                     0x20004e20   Section      100  nground.o(.bss)
    .bss                                     0x20004e84   Section      524  chassis_task.o(.bss)
    .bss                                     0x20005090   Section      102  detect_tesk.o(.bss)
    errorList                                0x20005090   Data         102  detect_tesk.o(.bss)
    STACK                                    0x200050f8   Section     1024  startup_stm32f407xx.o(STACK)

    Global Symbols

    Symbol Name                              Value     Ov Type        Size  Object(Section)

    BuildAttributes$$THM_ISAv4$E$P$D$K$B$S$7EM$VFPi3$EXTD16$VFPS$VFMA$PE$A:L22UL41UL21$X:L11$S22US41US21$IEEE1$IW$USESV6$~STKCKD$USESV7$~SHL$OTIME$ROPI$IEEEX$EBA8$MICROLIB$REQ8$PRES8$EABIv2 0x00000000   Number         0  anon$$obj.o ABSOLUTE
    __ARM_use_no_argv                        0x00000000   Number         0  main.o ABSOLUTE
    __cpp_initialize__aeabi_                  - Undefined Weak Reference
    __cxa_finalize                            - Undefined Weak Reference
    __decompress                              - Undefined Weak Reference
    _clock_init                               - Undefined Weak Reference
    _microlib_exit                            - Undefined Weak Reference
    __Vectors_Size                           0x00000188   Number         0  startup_stm32f407xx.o ABSOLUTE
    __Vectors                                0x08000000   Data           4  startup_stm32f407xx.o(RESET)
    __Vectors_End                            0x08000188   Data           0  startup_stm32f407xx.o(RESET)
    __main                                   0x08000189   Thumb Code     0  entry.o(.ARM.Collect$$$$00000000)
    _main_stk                                0x08000189   Thumb Code     0  entry2.o(.ARM.Collect$$$$00000001)
    _main_scatterload                        0x0800018d   Thumb Code     0  entry5.o(.ARM.Collect$$$$00000004)
    __main_after_scatterload                 0x08000191   Thumb Code     0  entry5.o(.ARM.Collect$$$$00000004)
    _main_clock                              0x08000191   Thumb Code     0  entry7b.o(.ARM.Collect$$$$00000008)
    _main_cpp_init                           0x08000191   Thumb Code     0  entry8b.o(.ARM.Collect$$$$0000000A)
    _main_init                               0x08000191   Thumb Code     0  entry9a.o(.ARM.Collect$$$$0000000B)
    __rt_final_cpp                           0x08000199   Thumb Code     0  entry10a.o(.ARM.Collect$$$$0000000D)
    __rt_final_exit                          0x08000199   Thumb Code     0  entry11a.o(.ARM.Collect$$$$0000000F)
    SVC_Handler                              0x0800019d   Thumb Code    28  port.o(.emb_text)
    __asm___6_port_c_39a90d8d__prvStartFirstTask 0x080001bd   Thumb Code    36  port.o(.emb_text)
    __asm___6_port_c_39a90d8d__prvEnableVFP  0x080001e5   Thumb Code    16  port.o(.emb_text)
    PendSV_Handler                           0x080001f9   Thumb Code    88  port.o(.emb_text)
    vPortGetIPSR                             0x08000255   Thumb Code     6  port.o(.emb_text)
    Reset_Handler                            0x0800025d   Thumb Code     8  startup_stm32f407xx.o(.text)
    ADC_IRQHandler                           0x08000277   Thumb Code     0  startup_stm32f407xx.o(.text)
    CAN1_RX1_IRQHandler                      0x08000277   Thumb Code     0  startup_stm32f407xx.o(.text)
    CAN1_SCE_IRQHandler                      0x08000277   Thumb Code     0  startup_stm32f407xx.o(.text)
    CAN1_TX_IRQHandler                       0x08000277   Thumb Code     0  startup_stm32f407xx.o(.text)
    CAN2_RX1_IRQHandler                      0x08000277   Thumb Code     0  startup_stm32f407xx.o(.text)
    CAN2_SCE_IRQHandler                      0x08000277   Thumb Code     0  startup_stm32f407xx.o(.text)
    CAN2_TX_IRQHandler                       0x08000277   Thumb Code     0  startup_stm32f407xx.o(.text)
    DCMI_IRQHandler                          0x08000277   Thumb Code     0  startup_stm32f407xx.o(.text)
    DMA1_Stream0_IRQHandler                  0x08000277   Thumb Code     0  startup_stm32f407xx.o(.text)
    DMA1_Stream2_IRQHandler                  0x08000277   Thumb Code     0  startup_stm32f407xx.o(.text)
    DMA1_Stream3_IRQHandler                  0x08000277   Thumb Code     0  startup_stm32f407xx.o(.text)
    DMA1_Stream4_IRQHandler                  0x08000277   Thumb Code     0  startup_stm32f407xx.o(.text)
    DMA1_Stream6_IRQHandler                  0x08000277   Thumb Code     0  startup_stm32f407xx.o(.text)
    DMA1_Stream7_IRQHandler                  0x08000277   Thumb Code     0  startup_stm32f407xx.o(.text)
    DMA2_Stream0_IRQHandler                  0x08000277   Thumb Code     0  startup_stm32f407xx.o(.text)
    DMA2_Stream2_IRQHandler                  0x08000277   Thumb Code     0  startup_stm32f407xx.o(.text)
    DMA2_Stream3_IRQHandler                  0x08000277   Thumb Code     0  startup_stm32f407xx.o(.text)
    DMA2_Stream4_IRQHandler                  0x08000277   Thumb Code     0  startup_stm32f407xx.o(.text)
    DMA2_Stream5_IRQHandler                  0x08000277   Thumb Code     0  startup_stm32f407xx.o(.text)
    DMA2_Stream6_IRQHandler                  0x08000277   Thumb Code     0  startup_stm32f407xx.o(.text)
    DMA2_Stream7_IRQHandler                  0x08000277   Thumb Code     0  startup_stm32f407xx.o(.text)
    ETH_IRQHandler                           0x08000277   Thumb Code     0  startup_stm32f407xx.o(.text)
    ETH_WKUP_IRQHandler                      0x08000277   Thumb Code     0  startup_stm32f407xx.o(.text)
    EXTI0_IRQHandler                         0x08000277   Thumb Code     0  startup_stm32f407xx.o(.text)
    EXTI15_10_IRQHandler                     0x08000277   Thumb Code     0  startup_stm32f407xx.o(.text)
    EXTI1_IRQHandler                         0x08000277   Thumb Code     0  startup_stm32f407xx.o(.text)
    EXTI2_IRQHandler                         0x08000277   Thumb Code     0  startup_stm32f407xx.o(.text)
    EXTI3_IRQHandler                         0x08000277   Thumb Code     0  startup_stm32f407xx.o(.text)
    EXTI4_IRQHandler                         0x08000277   Thumb Code     0  startup_stm32f407xx.o(.text)
    EXTI9_5_IRQHandler                       0x08000277   Thumb Code     0  startup_stm32f407xx.o(.text)
    FLASH_IRQHandler                         0x08000277   Thumb Code     0  startup_stm32f407xx.o(.text)
    FMC_IRQHandler                           0x08000277   Thumb Code     0  startup_stm32f407xx.o(.text)
    FPU_IRQHandler                           0x08000277   Thumb Code     0  startup_stm32f407xx.o(.text)
    HASH_RNG_IRQHandler                      0x08000277   Thumb Code     0  startup_stm32f407xx.o(.text)
    I2C1_ER_IRQHandler                       0x08000277   Thumb Code     0  startup_stm32f407xx.o(.text)
    I2C1_EV_IRQHandler                       0x08000277   Thumb Code     0  startup_stm32f407xx.o(.text)
    I2C2_ER_IRQHandler                       0x08000277   Thumb Code     0  startup_stm32f407xx.o(.text)
    I2C2_EV_IRQHandler                       0x08000277   Thumb Code     0  startup_stm32f407xx.o(.text)
    I2C3_ER_IRQHandler                       0x08000277   Thumb Code     0  startup_stm32f407xx.o(.text)
    I2C3_EV_IRQHandler                       0x08000277   Thumb Code     0  startup_stm32f407xx.o(.text)
    OTG_FS_IRQHandler                        0x08000277   Thumb Code     0  startup_stm32f407xx.o(.text)
    OTG_FS_WKUP_IRQHandler                   0x08000277   Thumb Code     0  startup_stm32f407xx.o(.text)
    OTG_HS_EP1_IN_IRQHandler                 0x08000277   Thumb Code     0  startup_stm32f407xx.o(.text)
    OTG_HS_EP1_OUT_IRQHandler                0x08000277   Thumb Code     0  startup_stm32f407xx.o(.text)
    OTG_HS_IRQHandler                        0x08000277   Thumb Code     0  startup_stm32f407xx.o(.text)
    OTG_HS_WKUP_IRQHandler                   0x08000277   Thumb Code     0  startup_stm32f407xx.o(.text)
    PVD_IRQHandler                           0x08000277   Thumb Code     0  startup_stm32f407xx.o(.text)
    RCC_IRQHandler                           0x08000277   Thumb Code     0  startup_stm32f407xx.o(.text)
    RTC_Alarm_IRQHandler                     0x08000277   Thumb Code     0  startup_stm32f407xx.o(.text)
    RTC_WKUP_IRQHandler                      0x08000277   Thumb Code     0  startup_stm32f407xx.o(.text)
    SDIO_IRQHandler                          0x08000277   Thumb Code     0  startup_stm32f407xx.o(.text)
    SPI1_IRQHandler                          0x08000277   Thumb Code     0  startup_stm32f407xx.o(.text)
    SPI2_IRQHandler                          0x08000277   Thumb Code     0  startup_stm32f407xx.o(.text)
    SPI3_IRQHandler                          0x08000277   Thumb Code     0  startup_stm32f407xx.o(.text)
    TAMP_STAMP_IRQHandler                    0x08000277   Thumb Code     0  startup_stm32f407xx.o(.text)
    TIM1_BRK_TIM9_IRQHandler                 0x08000277   Thumb Code     0  startup_stm32f407xx.o(.text)
    TIM1_CC_IRQHandler                       0x08000277   Thumb Code     0  startup_stm32f407xx.o(.text)
    TIM1_TRG_COM_TIM11_IRQHandler            0x08000277   Thumb Code     0  startup_stm32f407xx.o(.text)
    TIM1_UP_TIM10_IRQHandler                 0x08000277   Thumb Code     0  startup_stm32f407xx.o(.text)
    TIM2_IRQHandler                          0x08000277   Thumb Code     0  startup_stm32f407xx.o(.text)
    TIM3_IRQHandler                          0x08000277   Thumb Code     0  startup_stm32f407xx.o(.text)
    TIM4_IRQHandler                          0x08000277   Thumb Code     0  startup_stm32f407xx.o(.text)
    TIM5_IRQHandler                          0x08000277   Thumb Code     0  startup_stm32f407xx.o(.text)
    TIM6_DAC_IRQHandler                      0x08000277   Thumb Code     0  startup_stm32f407xx.o(.text)
    TIM7_IRQHandler                          0x08000277   Thumb Code     0  startup_stm32f407xx.o(.text)
    TIM8_BRK_TIM12_IRQHandler                0x08000277   Thumb Code     0  startup_stm32f407xx.o(.text)
    TIM8_CC_IRQHandler                       0x08000277   Thumb Code     0  startup_stm32f407xx.o(.text)
    TIM8_UP_TIM13_IRQHandler                 0x08000277   Thumb Code     0  startup_stm32f407xx.o(.text)
    UART4_IRQHandler                         0x08000277   Thumb Code     0  startup_stm32f407xx.o(.text)
    UART5_IRQHandler                         0x08000277   Thumb Code     0  startup_stm32f407xx.o(.text)
    USART1_IRQHandler                        0x08000277   Thumb Code     0  startup_stm32f407xx.o(.text)
    USART6_IRQHandler                        0x08000277   Thumb Code     0  startup_stm32f407xx.o(.text)
    WWDG_IRQHandler                          0x08000277   Thumb Code     0  startup_stm32f407xx.o(.text)
    arm_cos_f32                              0x08000281   Thumb Code   108  arm_cos_f32.o(.text)
    arm_sin_f32                              0x080002f9   Thumb Code   104  arm_sin_f32.o(.text)
    __aeabi_uldivmod                         0x0800036d   Thumb Code    98  uldiv.o(.text)
    __aeabi_memcpy                           0x080003cf   Thumb Code    36  memcpya.o(.text)
    __aeabi_memcpy4                          0x080003cf   Thumb Code     0  memcpya.o(.text)
    __aeabi_memcpy8                          0x080003cf   Thumb Code     0  memcpya.o(.text)
    __aeabi_memset                           0x080003f3   Thumb Code    14  memseta.o(.text)
    __aeabi_memset4                          0x080003f3   Thumb Code     0  memseta.o(.text)
    __aeabi_memset8                          0x080003f3   Thumb Code     0  memseta.o(.text)
    __aeabi_memclr                           0x08000401   Thumb Code     4  memseta.o(.text)
    __aeabi_memclr4                          0x08000401   Thumb Code     0  memseta.o(.text)
    __aeabi_memclr8                          0x08000401   Thumb Code     0  memseta.o(.text)
    memset                                   0x08000405   Thumb Code    18  memseta.o(.text)
    __aeabi_dmul                             0x08000417   Thumb Code   228  dmul.o(.text)
    __aeabi_ddiv                             0x080004fb   Thumb Code   222  ddiv.o(.text)
    __aeabi_i2d                              0x080005d9   Thumb Code    34  dflti.o(.text)
    __aeabi_f2d                              0x080005fb   Thumb Code    38  f2d.o(.text)
    __aeabi_d2f                              0x08000621   Thumb Code    56  d2f.o(.text)
    __aeabi_llsl                             0x08000659   Thumb Code    30  llshl.o(.text)
    _ll_shift_l                              0x08000659   Thumb Code     0  llshl.o(.text)
    __aeabi_llsr                             0x08000677   Thumb Code    32  llushr.o(.text)
    _ll_ushift_r                             0x08000677   Thumb Code     0  llushr.o(.text)
    __I$use$fp                               0x08000697   Thumb Code     0  iusefp.o(.text)
    _float_round                             0x08000697   Thumb Code    18  fepilogue.o(.text)
    _float_epilogue                          0x080006a9   Thumb Code    92  fepilogue.o(.text)
    _double_round                            0x08000705   Thumb Code    30  depilogue.o(.text)
    _double_epilogue                         0x08000723   Thumb Code   156  depilogue.o(.text)
    __scatterload                            0x080007c1   Thumb Code    28  init.o(.text)
    __scatterload_rt2                        0x080007c1   Thumb Code     0  init.o(.text)
    BusFault_Handler                         0x080007e5   Thumb Code     2  stm32f4xx_it.o(i.BusFault_Handler)
    CAN1_RX0_IRQHandler                      0x080007e9   Thumb Code     6  stm32f4xx_it.o(i.CAN1_RX0_IRQHandler)
    CAN2_RX0_IRQHandler                      0x080007f5   Thumb Code     6  stm32f4xx_it.o(i.CAN2_RX0_IRQHandler)
    CAN_cmd_chassis                          0x08000801   Thumb Code    60  bsp_can.o(i.CAN_cmd_chassis)
    Can2_init                                0x08000909   Thumb Code    24  bsp_can.o(i.Can2_init)
    Can_init                                 0x08000925   Thumb Code    24  bsp_can.o(i.Can_init)
    DMA1_Stream1_IRQHandler                  0x08000941   Thumb Code     6  stm32f4xx_it.o(i.DMA1_Stream1_IRQHandler)
    DMA1_Stream5_IRQHandler                  0x0800094d   Thumb Code     6  stm32f4xx_it.o(i.DMA1_Stream5_IRQHandler)
    DMA2_Stream1_IRQHandler                  0x08000959   Thumb Code     6  stm32f4xx_it.o(i.DMA2_Stream1_IRQHandler)
    DebugMon_Handler                         0x08000a09   Thumb Code     2  stm32f4xx_it.o(i.DebugMon_Handler)
    DetectHook                               0x08000a0d   Thumb Code    20  detect_tesk.o(i.DetectHook)
    DetectInit                               0x08000a25   Thumb Code    26  detect_tesk.o(i.DetectInit)
    Detect_Judeg                             0x08000a45   Thumb Code    18  detect_tesk.o(i.Detect_Judeg)
    Detect_Task                              0x08000a5d   Thumb Code   152  detect_tesk.o(i.Detect_Task)
    Error_Handler                            0x08000af9   Thumb Code     4  main.o(i.Error_Handler)
    Float2Byte                               0x08000afd   Thumb Code    62  nground.o(i.Float2Byte)
    Get_Remote_info                          0x08000b41   Thumb Code   192  bsp_dma.o(i.Get_Remote_info)
    HAL_CAN_ActivateNotification             0x08000c05   Thumb Code    36  stm32f4xx_hal_can.o(i.HAL_CAN_ActivateNotification)
    HAL_CAN_AddTxMessage                     0x08000c29   Thumb Code   200  stm32f4xx_hal_can.o(i.HAL_CAN_AddTxMessage)
    HAL_CAN_ConfigFilter                     0x08000cf1   Thumb Code   262  stm32f4xx_hal_can.o(i.HAL_CAN_ConfigFilter)
    HAL_CAN_ErrorCallback                    0x08000dfd   Thumb Code     2  stm32f4xx_hal_can.o(i.HAL_CAN_ErrorCallback)
    HAL_CAN_GetRxMessage                     0x08000dff   Thumb Code   232  stm32f4xx_hal_can.o(i.HAL_CAN_GetRxMessage)
    HAL_CAN_IRQHandler                       0x08000ee7   Thumb Code   508  stm32f4xx_hal_can.o(i.HAL_CAN_IRQHandler)
    HAL_CAN_Init                             0x080010e3   Thumb Code   282  stm32f4xx_hal_can.o(i.HAL_CAN_Init)
    HAL_CAN_MspInit                          0x080011fd   Thumb Code   216  can.o(i.HAL_CAN_MspInit)
    HAL_CAN_RxFifo0FullCallback              0x080012ed   Thumb Code     2  stm32f4xx_hal_can.o(i.HAL_CAN_RxFifo0FullCallback)
    HAL_CAN_RxFifo0MsgPendingCallback        0x080012f1   Thumb Code    62  bsp_can.o(i.HAL_CAN_RxFifo0MsgPendingCallback)
    HAL_CAN_RxFifo1FullCallback              0x08001339   Thumb Code     2  stm32f4xx_hal_can.o(i.HAL_CAN_RxFifo1FullCallback)
    HAL_CAN_RxFifo1MsgPendingCallback        0x0800133b   Thumb Code     2  stm32f4xx_hal_can.o(i.HAL_CAN_RxFifo1MsgPendingCallback)
    HAL_CAN_SleepCallback                    0x0800133d   Thumb Code     2  stm32f4xx_hal_can.o(i.HAL_CAN_SleepCallback)
    HAL_CAN_Start                            0x08001341   Thumb Code    88  stm32f4xx_hal_can.o(i.HAL_CAN_Start)
    HAL_CAN_TxMailbox0AbortCallback          0x08001399   Thumb Code     2  stm32f4xx_hal_can.o(i.HAL_CAN_TxMailbox0AbortCallback)
    HAL_CAN_TxMailbox0CompleteCallback       0x0800139b   Thumb Code     2  stm32f4xx_hal_can.o(i.HAL_CAN_TxMailbox0CompleteCallback)
    HAL_CAN_TxMailbox1AbortCallback          0x0800139d   Thumb Code     2  stm32f4xx_hal_can.o(i.HAL_CAN_TxMailbox1AbortCallback)
    HAL_CAN_TxMailbox1CompleteCallback       0x0800139f   Thumb Code     2  stm32f4xx_hal_can.o(i.HAL_CAN_TxMailbox1CompleteCallback)
    HAL_CAN_TxMailbox2AbortCallback          0x080013a1   Thumb Code     2  stm32f4xx_hal_can.o(i.HAL_CAN_TxMailbox2AbortCallback)
    HAL_CAN_TxMailbox2CompleteCallback       0x080013a3   Thumb Code     2  stm32f4xx_hal_can.o(i.HAL_CAN_TxMailbox2CompleteCallback)
    HAL_CAN_WakeUpFromRxMsgCallback          0x080013a5   Thumb Code     2  stm32f4xx_hal_can.o(i.HAL_CAN_WakeUpFromRxMsgCallback)
    HAL_DMA_Abort                            0x080013a7   Thumb Code   146  stm32f4xx_hal_dma.o(i.HAL_DMA_Abort)
    HAL_DMA_Abort_IT                         0x08001439   Thumb Code    36  stm32f4xx_hal_dma.o(i.HAL_DMA_Abort_IT)
    HAL_DMA_IRQHandler                       0x0800145d   Thumb Code   412  stm32f4xx_hal_dma.o(i.HAL_DMA_IRQHandler)
    HAL_DMA_Init                             0x080015fd   Thumb Code   206  stm32f4xx_hal_dma.o(i.HAL_DMA_Init)
    HAL_DMA_Start_IT                         0x080016d1   Thumb Code   110  stm32f4xx_hal_dma.o(i.HAL_DMA_Start_IT)
    HAL_GPIO_Init                            0x08001741   Thumb Code   450  stm32f4xx_hal_gpio.o(i.HAL_GPIO_Init)
    HAL_GetTick                              0x08001931   Thumb Code     6  stm32f4xx_hal.o(i.HAL_GetTick)
    HAL_IncTick                              0x0800193d   Thumb Code    12  stm32f4xx_hal.o(i.HAL_IncTick)
    HAL_Init                                 0x0800194d   Thumb Code    48  stm32f4xx_hal.o(i.HAL_Init)
    HAL_InitTick                             0x08001981   Thumb Code   132  stm32f4xx_hal_timebase_tim.o(i.HAL_InitTick)
    HAL_MspInit                              0x08001a19   Thumb Code    52  stm32f4xx_hal_msp.o(i.HAL_MspInit)
    HAL_NVIC_EnableIRQ                       0x08001a51   Thumb Code    26  stm32f4xx_hal_cortex.o(i.HAL_NVIC_EnableIRQ)
    HAL_NVIC_SetPriority                     0x08001a6d   Thumb Code    60  stm32f4xx_hal_cortex.o(i.HAL_NVIC_SetPriority)
    HAL_NVIC_SetPriorityGrouping             0x08001aad   Thumb Code    26  stm32f4xx_hal_cortex.o(i.HAL_NVIC_SetPriorityGrouping)
    HAL_RCC_ClockConfig                      0x08001ad1   Thumb Code   288  stm32f4xx_hal_rcc.o(i.HAL_RCC_ClockConfig)
    HAL_RCC_GetClockConfig                   0x08001c05   Thumb Code    54  stm32f4xx_hal_rcc.o(i.HAL_RCC_GetClockConfig)
    HAL_RCC_GetPCLK1Freq                     0x08001c45   Thumb Code    20  stm32f4xx_hal_rcc.o(i.HAL_RCC_GetPCLK1Freq)
    HAL_RCC_GetPCLK2Freq                     0x08001c65   Thumb Code    20  stm32f4xx_hal_rcc.o(i.HAL_RCC_GetPCLK2Freq)
    HAL_RCC_GetSysClockFreq                  0x08001c85   Thumb Code    88  stm32f4xx_hal_rcc.o(i.HAL_RCC_GetSysClockFreq)
    HAL_RCC_OscConfig                        0x08001ce5   Thumb Code   856  stm32f4xx_hal_rcc.o(i.HAL_RCC_OscConfig)
    HAL_TIMEx_BreakCallback                  0x08002051   Thumb Code     2  stm32f4xx_hal_tim_ex.o(i.HAL_TIMEx_BreakCallback)
    HAL_TIMEx_CommutCallback                 0x08002053   Thumb Code     2  stm32f4xx_hal_tim_ex.o(i.HAL_TIMEx_CommutCallback)
    HAL_TIM_Base_Init                        0x08002055   Thumb Code    90  stm32f4xx_hal_tim.o(i.HAL_TIM_Base_Init)
    HAL_TIM_Base_MspInit                     0x080020af   Thumb Code     2  stm32f4xx_hal_tim.o(i.HAL_TIM_Base_MspInit)
    HAL_TIM_Base_Start_IT                    0x080020b1   Thumb Code   100  stm32f4xx_hal_tim.o(i.HAL_TIM_Base_Start_IT)
    HAL_TIM_IC_CaptureCallback               0x08002131   Thumb Code     2  stm32f4xx_hal_tim.o(i.HAL_TIM_IC_CaptureCallback)
    HAL_TIM_IRQHandler                       0x08002133   Thumb Code   358  stm32f4xx_hal_tim.o(i.HAL_TIM_IRQHandler)
    HAL_TIM_OC_DelayElapsedCallback          0x08002299   Thumb Code     2  stm32f4xx_hal_tim.o(i.HAL_TIM_OC_DelayElapsedCallback)
    HAL_TIM_PWM_PulseFinishedCallback        0x0800229b   Thumb Code     2  stm32f4xx_hal_tim.o(i.HAL_TIM_PWM_PulseFinishedCallback)
    HAL_TIM_PeriodElapsedCallback            0x0800229d   Thumb Code    14  main.o(i.HAL_TIM_PeriodElapsedCallback)
    HAL_TIM_TriggerCallback                  0x080022b1   Thumb Code     2  stm32f4xx_hal_tim.o(i.HAL_TIM_TriggerCallback)
    HAL_UARTEx_RxEventCallback               0x080022b3   Thumb Code     2  stm32f4xx_hal_uart.o(i.HAL_UARTEx_RxEventCallback)
    HAL_UART_ErrorCallback                   0x080022b5   Thumb Code     2  stm32f4xx_hal_uart.o(i.HAL_UART_ErrorCallback)
    HAL_UART_IRQHandler                      0x080022b9   Thumb Code   610  stm32f4xx_hal_uart.o(i.HAL_UART_IRQHandler)
    HAL_UART_Init                            0x08002521   Thumb Code    98  stm32f4xx_hal_uart.o(i.HAL_UART_Init)
    HAL_UART_MspInit                         0x08002585   Thumb Code   496  usart.o(i.HAL_UART_MspInit)
    HAL_UART_Receive_DMA                     0x080027a5   Thumb Code    42  stm32f4xx_hal_uart.o(i.HAL_UART_Receive_DMA)
    HAL_UART_RxCpltCallback                  0x080027cf   Thumb Code     2  stm32f4xx_hal_uart.o(i.HAL_UART_RxCpltCallback)
    HAL_UART_RxHalfCpltCallback              0x080027d1   Thumb Code     2  stm32f4xx_hal_uart.o(i.HAL_UART_RxHalfCpltCallback)
    HAL_UART_Transmit                        0x080027d5   Thumb Code   178  stm32f4xx_hal_uart.o(i.HAL_UART_Transmit)
    HAL_UART_TxCpltCallback                  0x08002887   Thumb Code     2  stm32f4xx_hal_uart.o(i.HAL_UART_TxCpltCallback)
    HardFault_Handler                        0x08002889   Thumb Code     2  stm32f4xx_it.o(i.HardFault_Handler)
    LimitMax                                 0x0800288b   Thumb Code    96  pid.o(i.LimitMax)
    MX_CAN1_Init                             0x080028ed   Thumb Code    60  can.o(i.MX_CAN1_Init)
    MX_CAN2_Init                             0x08002931   Thumb Code    60  can.o(i.MX_CAN2_Init)
    MX_DMA_Init                              0x08002975   Thumb Code    72  dma.o(i.MX_DMA_Init)
    MX_FREERTOS_Init                         0x080029c1   Thumb Code    46  freertos.o(i.MX_FREERTOS_Init)
    MX_GPIO_Init                             0x08002a05   Thumb Code    86  gpio.o(i.MX_GPIO_Init)
    MX_USART1_UART_Init                      0x08002a61   Thumb Code    48  usart.o(i.MX_USART1_UART_Init)
    MX_USART2_UART_Init                      0x08002a99   Thumb Code    50  usart.o(i.MX_USART2_UART_Init)
    MX_USART3_UART_Init                      0x08002ad9   Thumb Code    48  usart.o(i.MX_USART3_UART_Init)
    MX_USART6_UART_Init                      0x08002b11   Thumb Code    48  usart.o(i.MX_USART6_UART_Init)
    MemManage_Handler                        0x08002b49   Thumb Code     2  stm32f4xx_it.o(i.MemManage_Handler)
    NCLink_Send_Userdata                     0x08002b4d   Thumb Code   140  nground.o(i.NCLink_Send_Userdata)
    NMI_Handler                              0x08002be1   Thumb Code     2  stm32f4xx_it.o(i.NMI_Handler)
    PID_calc                                 0x08002be5   Thumb Code   160  pid.o(i.PID_calc)
    PID_init                                 0x08002c89   Thumb Code    88  pid.o(i.PID_init)
    RC_Init                                  0x08002ce5   Thumb Code    22  bsp_dma.o(i.RC_Init)
    Serial_Data_Send                         0x08002d01   Thumb Code    12  nground.o(i.Serial_Data_Send)
    StartTask02                              0x08002d11   Thumb Code    36  freertos.o(i.StartTask02)
    SysTick_Handler                          0x08002d35   Thumb Code    26  cmsis_os2.o(i.SysTick_Handler)
    SystemClock_Config                       0x08002d51   Thumb Code   140  main.o(i.SystemClock_Config)
    SystemInit                               0x08002de5   Thumb Code    12  system_stm32f4xx.o(i.SystemInit)
    TIM8_TRG_COM_TIM14_IRQHandler            0x08002df5   Thumb Code     6  stm32f4xx_it.o(i.TIM8_TRG_COM_TIM14_IRQHandler)
    TIM_Base_SetConfig                       0x08002e01   Thumb Code   156  stm32f4xx_hal_tim.o(i.TIM_Base_SetConfig)
    UART_Start_Receive_DMA                   0x080031f5   Thumb Code   134  stm32f4xx_hal_uart.o(i.UART_Start_Receive_DMA)
    USART2_IRQHandler                        0x08003301   Thumb Code   122  bsp_dma.o(i.USART2_IRQHandler)
    USART3_IRQHandler                        0x0800338d   Thumb Code     6  stm32f4xx_it.o(i.USART3_IRQHandler)
    UsageFault_Handler                       0x08003399   Thumb Code     2  stm32f4xx_it.o(i.UsageFault_Handler)
    __scatterload_copy                       0x080033bb   Thumb Code    14  handlers.o(i.__scatterload_copy)
    __scatterload_null                       0x080033c9   Thumb Code     2  handlers.o(i.__scatterload_null)
    __scatterload_zeroinit                   0x080033cb   Thumb Code    14  handlers.o(i.__scatterload_zeroinit)
    can2_filter_init                         0x080033d9   Thumb Code    42  bsp_can.o(i.can2_filter_init)
    can_filter_init                          0x08003409   Thumb Code    42  bsp_can.o(i.can_filter_init)
    chassis_behaviour_control_set            0x08003439   Thumb Code   134  chassis_behaviour.o(i.chassis_behaviour_control_set)
    chassis_behaviour_mode_set               0x080034d1   Thumb Code    84  chassis_behaviour.o(i.chassis_behaviour_mode_set)
    chassis_rc_to_control_vector             0x08003735   Thumb Code   150  chassis_task.o(i.chassis_rc_to_control_vector)
    chassis_task                             0x08003931   Thumb Code   240  chassis_task.o(i.chassis_task)
    fp32_constrain                           0x08003a95   Thumb Code    32  user_lib.o(i.fp32_constrain)
    get_Chassis_Motor_Measure_Point          0x08003ab5   Thumb Code    16  bsp_can.o(i.get_Chassis_Motor_Measure_Point)
    get_Yaw_Gimbal_Motor_Measure_Point       0x08003ac9   Thumb Code     4  bsp_can.o(i.get_Yaw_Gimbal_Motor_Measure_Point)
    get_motor_measure                        0x08003ad1   Thumb Code    84  bsp_can.o(i.get_motor_measure)
    get_remote_control_point                 0x08003b29   Thumb Code     4  bsp_dma.o(i.get_remote_control_point)
    loop_fp32_constrain                      0x08003b31   Thumb Code    72  user_lib.o(i.loop_fp32_constrain)
    main                                     0x08003b79   Thumb Code   114  main.o(i.main)
    osDelay                                  0x08003beb   Thumb Code    26  cmsis_os2.o(i.osDelay)
    osKernelInitialize                       0x08003c05   Thumb Code    32  cmsis_os2.o(i.osKernelInitialize)
    osKernelStart                            0x08003c29   Thumb Code    48  cmsis_os2.o(i.osKernelStart)
    osThreadNew                              0x08003c61   Thumb Code   138  cmsis_os2.o(i.osThreadNew)
    pvPortMalloc                             0x08004481   Thumb Code   216  heap_4.o(i.pvPortMalloc)
    pxPortInitialiseStack                    0x0800455d   Thumb Code    40  port.o(i.pxPortInitialiseStack)
    remote_control_init                      0x08004589   Thumb Code     8  bsp_dma.o(i.remote_control_init)
    theta_format                             0x08004595   Thumb Code    12  user_lib.o(i.theta_format)
    uxListRemove                             0x080045a9   Thumb Code    38  list.o(i.uxListRemove)
    vApplicationGetIdleTaskMemory            0x080045d1   Thumb Code    16  cmsis_os2.o(i.vApplicationGetIdleTaskMemory)
    vApplicationGetTimerTaskMemory           0x080045e5   Thumb Code    18  cmsis_os2.o(i.vApplicationGetTimerTaskMemory)
    vListInitialise                          0x080045fd   Thumb Code    22  list.o(i.vListInitialise)
    vListInitialiseItem                      0x08004613   Thumb Code     6  list.o(i.vListInitialiseItem)
    vListInsert                              0x08004619   Thumb Code    48  list.o(i.vListInsert)
    vListInsertEnd                           0x08004649   Thumb Code    24  list.o(i.vListInsertEnd)
    vPortEnterCritical                       0x08004661   Thumb Code    54  port.o(i.vPortEnterCritical)
    vPortExitCritical                        0x080046a1   Thumb Code    34  port.o(i.vPortExitCritical)
    vPortFree                                0x080046c9   Thumb Code    94  heap_4.o(i.vPortFree)
    vPortSetupTimerInterrupt                 0x0800472d   Thumb Code    32  port.o(i.vPortSetupTimerInterrupt)
    vPortValidateInterruptPriority           0x08004751   Thumb Code    74  port.o(i.vPortValidateInterruptPriority)
    vQueueAddToRegistry                      0x080047a5   Thumb Code    34  queue.o(i.vQueueAddToRegistry)
    vQueueWaitForMessageRestricted           0x080047cd   Thumb Code    68  queue.o(i.vQueueWaitForMessageRestricted)
    vTaskDelay                               0x08004811   Thumb Code    66  tasks.o(i.vTaskDelay)
    vTaskInternalSetTimeOutState             0x0800485d   Thumb Code    12  tasks.o(i.vTaskInternalSetTimeOutState)
    vTaskMissedYield                         0x0800486d   Thumb Code     8  tasks.o(i.vTaskMissedYield)
    vTaskPlaceOnEventList                    0x08004879   Thumb Code    44  tasks.o(i.vTaskPlaceOnEventList)
    vTaskPlaceOnEventListRestricted          0x080048a9   Thumb Code    52  tasks.o(i.vTaskPlaceOnEventListRestricted)
    vTaskStartScheduler                      0x080048e1   Thumb Code   118  tasks.o(i.vTaskStartScheduler)
    vTaskSuspendAll                          0x08004969   Thumb Code    10  tasks.o(i.vTaskSuspendAll)
    vTaskSwitchContext                       0x08004979   Thumb Code    90  tasks.o(i.vTaskSwitchContext)
    xPortStartScheduler                      0x080049dd   Thumb Code   222  port.o(i.xPortStartScheduler)
    xPortSysTickHandler                      0x08004ad1   Thumb Code    38  port.o(i.xPortSysTickHandler)
    xQueueGenericCreateStatic                0x08004afd   Thumb Code   102  queue.o(i.xQueueGenericCreateStatic)
    xQueueGenericReset                       0x08004b65   Thumb Code   132  queue.o(i.xQueueGenericReset)
    xQueueGenericSend                        0x08004bed   Thumb Code   346  queue.o(i.xQueueGenericSend)
    xQueueGenericSendFromISR                 0x08004d4d   Thumb Code   190  queue.o(i.xQueueGenericSendFromISR)
    xQueueReceive                            0x08004e0d   Thumb Code   308  queue.o(i.xQueueReceive)
    xTaskCheckForTimeOut                     0x08004f45   Thumb Code   112  tasks.o(i.xTaskCheckForTimeOut)
    xTaskCreate                              0x08004fb9   Thumb Code    90  tasks.o(i.xTaskCreate)
    xTaskCreateStatic                        0x08005013   Thumb Code    86  tasks.o(i.xTaskCreateStatic)
    xTaskGetSchedulerState                   0x08005069   Thumb Code    22  tasks.o(i.xTaskGetSchedulerState)
    xTaskGetTickCount                        0x08005085   Thumb Code     6  tasks.o(i.xTaskGetTickCount)
    xTaskIncrementTick                       0x08005091   Thumb Code   192  tasks.o(i.xTaskIncrementTick)
    xTaskPriorityDisinherit                  0x08005159   Thumb Code   118  tasks.o(i.xTaskPriorityDisinherit)
    xTaskRemoveFromEventList                 0x080051d9   Thumb Code    98  tasks.o(i.xTaskRemoveFromEventList)
    xTaskResumeAll                           0x08005249   Thumb Code   182  tasks.o(i.xTaskResumeAll)
    xTimerCreateTimerTask                    0x0800530d   Thumb Code    78  timers.o(i.xTimerCreateTimerTask)
    xTimerGenericCommand                     0x0800536d   Thumb Code    98  timers.o(i.xTimerGenericCommand)
    chassis_attributes                       0x080053d4   Data          36  freertos.o(.constdata)
    myTask02_attributes                      0x080053f8   Data          36  freertos.o(.constdata)
    DetectTask_attributes                    0x0800541c   Data          36  freertos.o(.constdata)
    AHBPrescTable                            0x08005448   Data          16  system_stm32f4xx.o(.constdata)
    APBPrescTable                            0x08005458   Data           8  system_stm32f4xx.o(.constdata)
    sinTable_f32                             0x08005478   Data        2052  arm_common_tables.o(.constdata)
    Region$$Table$$Base                      0x08005c9c   Number         0  anon$$obj.o(Region$$Table)
    Region$$Table$$Limit                     0x08005cbc   Number         0  anon$$obj.o(Region$$Table)
    chassisHandle                            0x20000000   Data           4  freertos.o(.data)
    myTask02Handle                           0x20000004   Data           4  freertos.o(.data)
    DetectTaskHandle                         0x20000008   Data           4  freertos.o(.data)
    motor_flag                               0x20000014   Data           4  bsp_can.o(.data)
    chassis_can_send_data                    0x20000018   Data           8  bsp_can.o(.data)
    GIMBAL_can_send_data                     0x20000020   Data           8  bsp_can.o(.data)
    temp                                     0x20000028   Data           2  bsp_dma.o(.data)
    s0_flag                                  0x2000002c   Data           4  bsp_dma.o(.data)
    uwTickFreq                               0x20000030   Data           1  stm32f4xx_hal.o(.data)
    uwTickPrio                               0x20000034   Data           4  stm32f4xx_hal.o(.data)
    uwTick                                   0x20000038   Data           4  stm32f4xx_hal.o(.data)
    SystemCoreClock                          0x2000003c   Data           4  system_stm32f4xx.o(.data)
    pxCurrentTCB                             0x20000040   Data           4  tasks.o(.data)
    FloatUnion                               0x200000c4   Data           4  nground.o(.data)
    M3505_MOTOR_SPEED_PID_MAX_OUT            0x200000d0   Data           4  chassis_task.o(.data)
    M3505_MOTOR_SPEED_PID_MAX_IOUT           0x200000d4   Data           4  chassis_task.o(.data)
    CHASSIS_FOLLOW_GIMBAL_PID_MAX_OUT        0x200000d8   Data           4  chassis_task.o(.data)
    CHASSIS_FOLLOW_GIMBAL_PID_MAX_IOUT       0x200000dc   Data           4  chassis_task.o(.data)
    CHASSIS_WZ_SET_SCALE                     0x200000e0   Data           4  chassis_task.o(.data)
    motor_speed_pid                          0x200000ec   Data          12  chassis_task.o(.data)
    motor_angle_pid                          0x200000f8   Data          12  chassis_task.o(.data)
    hcan1                                    0x20000104   Data          40  can.o(.bss)
    hcan2                                    0x2000012c   Data          40  can.o(.bss)
    huart1                                   0x20000154   Data          68  usart.o(.bss)
    huart2                                   0x20000198   Data          68  usart.o(.bss)
    huart3                                   0x200001dc   Data          68  usart.o(.bss)
    huart6                                   0x20000220   Data          68  usart.o(.bss)
    hdma_usart2_rx                           0x20000264   Data          96  usart.o(.bss)
    hdma_usart3_rx                           0x200002c4   Data          96  usart.o(.bss)
    hdma_usart6_rx                           0x20000324   Data          96  usart.o(.bss)
    htim14                                   0x20000384   Data          72  stm32f4xx_hal_timebase_tim.o(.bss)
    chassis_tx_message                       0x200003cc   Data          24  bsp_can.o(.bss)
    GIMBAL_TxMessage                         0x200003e4   Data          24  bsp_can.o(.bss)
    motor_yaw                                0x200003fc   Data          24  bsp_can.o(.bss)
    motor_pit                                0x20000414   Data          24  bsp_can.o(.bss)
    motor_trigger                            0x2000042c   Data          24  bsp_can.o(.bss)
    motor_chassis                            0x20000444   Data          96  bsp_can.o(.bss)
    sbus_buf                                 0x200004a4   Data          18  bsp_can.o(.bss)
    rc_RxBuffer                              0x200004b6   Data         128  bsp_dma.o(.bss)
    RC_CtrlData                              0x20000536   Data          22  bsp_dma.o(.bss)
    xQueueRegistry                           0x2000054c   Data          64  queue.o(.bss)
    nclink_databuf                           0x20004e20   Data         100  nground.o(.bss)
    chassis_move                             0x20004e84   Data         524  chassis_task.o(.bss)
    __initial_sp                             0x200054f8   Data           0  startup_stm32f407xx.o(STACK)



==============================================================================

Memory Map of the image

  Image Entry point : 0x08000189

  Load Region LR_IROM1 (Base: 0x08000000, Size: 0x00005dc0, Max: 0x00080000, ABSOLUTE)

    Execution Region ER_IROM1 (Exec base: 0x08000000, Load base: 0x08000000, Size: 0x00005cbc, Max: 0x00080000, ABSOLUTE)

    Exec Addr    Load Addr    Size         Type   Attr      Idx    E Section Name        Object

    0x08000000   0x08000000   0x00000188   Data   RO            3    RESET               startup_stm32f407xx.o
    0x08000188   0x08000188   0x00000000   Code   RO         5948  * .ARM.Collect$$$$00000000  mc_w.l(entry.o)
    0x08000188   0x08000188   0x00000004   Code   RO         5971    .ARM.Collect$$$$00000001  mc_w.l(entry2.o)
    0x0800018c   0x0800018c   0x00000004   Code   RO         5974    .ARM.Collect$$$$00000004  mc_w.l(entry5.o)
    0x08000190   0x08000190   0x00000000   Code   RO         5976    .ARM.Collect$$$$00000008  mc_w.l(entry7b.o)
    0x08000190   0x08000190   0x00000000   Code   RO         5978    .ARM.Collect$$$$0000000A  mc_w.l(entry8b.o)
    0x08000190   0x08000190   0x00000008   Code   RO         5979    .ARM.Collect$$$$0000000B  mc_w.l(entry9a.o)
    0x08000198   0x08000198   0x00000000   Code   RO         5981    .ARM.Collect$$$$0000000D  mc_w.l(entry10a.o)
    0x08000198   0x08000198   0x00000000   Code   RO         5983    .ARM.Collect$$$$0000000F  mc_w.l(entry11a.o)
    0x08000198   0x08000198   0x00000004   Code   RO         5972    .ARM.Collect$$$$00002712  mc_w.l(entry2.o)
    0x0800019c   0x0800019c   0x000000be   Code   RO         5388    .emb_text           port.o
    0x0800025a   0x0800025a   0x00000002   PAD
    0x0800025c   0x0800025c   0x00000024   Code   RO            4    .text               startup_stm32f407xx.o
    0x08000280   0x08000280   0x00000078   Code   RO         5792    .text               arm_cortexM4lf_math.lib(arm_cos_f32.o)
    0x080002f8   0x080002f8   0x00000074   Code   RO         5845    .text               arm_cortexM4lf_math.lib(arm_sin_f32.o)
    0x0800036c   0x0800036c   0x00000062   Code   RO         5951    .text               mc_w.l(uldiv.o)
    0x080003ce   0x080003ce   0x00000024   Code   RO         5953    .text               mc_w.l(memcpya.o)
    0x080003f2   0x080003f2   0x00000024   Code   RO         5957    .text               mc_w.l(memseta.o)
    0x08000416   0x08000416   0x000000e4   Code   RO         5961    .text               mf_w.l(dmul.o)
    0x080004fa   0x080004fa   0x000000de   Code   RO         5963    .text               mf_w.l(ddiv.o)
    0x080005d8   0x080005d8   0x00000022   Code   RO         5965    .text               mf_w.l(dflti.o)
    0x080005fa   0x080005fa   0x00000026   Code   RO         5967    .text               mf_w.l(f2d.o)
    0x08000620   0x08000620   0x00000038   Code   RO         5969    .text               mf_w.l(d2f.o)
    0x08000658   0x08000658   0x0000001e   Code   RO         5985    .text               mc_w.l(llshl.o)
    0x08000676   0x08000676   0x00000020   Code   RO         5987    .text               mc_w.l(llushr.o)
    0x08000696   0x08000696   0x00000000   Code   RO         5989    .text               mc_w.l(iusefp.o)
    0x08000696   0x08000696   0x0000006e   Code   RO         5990    .text               mf_w.l(fepilogue.o)
    0x08000704   0x08000704   0x000000ba   Code   RO         5992    .text               mf_w.l(depilogue.o)
    0x080007be   0x080007be   0x00000002   PAD
    0x080007c0   0x080007c0   0x00000024   Code   RO         5994    .text               mc_w.l(init.o)
    0x080007e4   0x080007e4   0x00000002   Code   RO          439    i.BusFault_Handler  stm32f4xx_it.o
    0x080007e6   0x080007e6   0x00000002   PAD
    0x080007e8   0x080007e8   0x0000000c   Code   RO          440    i.CAN1_RX0_IRQHandler  stm32f4xx_it.o
    0x080007f4   0x080007f4   0x0000000c   Code   RO          441    i.CAN2_RX0_IRQHandler  stm32f4xx_it.o
    0x08000800   0x08000800   0x00000048   Code   RO          602    i.CAN_cmd_chassis   bsp_can.o
    0x08000848   0x08000848   0x000000c0   Code   RO          604    i.CAN_hook          bsp_can.o
    0x08000908   0x08000908   0x0000001c   Code   RO          605    i.Can2_init         bsp_can.o
    0x08000924   0x08000924   0x0000001c   Code   RO          606    i.Can_init          bsp_can.o
    0x08000940   0x08000940   0x0000000c   Code   RO          442    i.DMA1_Stream1_IRQHandler  stm32f4xx_it.o
    0x0800094c   0x0800094c   0x0000000c   Code   RO          443    i.DMA1_Stream5_IRQHandler  stm32f4xx_it.o
    0x08000958   0x08000958   0x0000000c   Code   RO          444    i.DMA2_Stream1_IRQHandler  stm32f4xx_it.o
    0x08000964   0x08000964   0x00000028   Code   RO         1669    i.DMA_CalcBaseAndBitshift  stm32f4xx_hal_dma.o
    0x0800098c   0x0800098c   0x00000054   Code   RO         1670    i.DMA_CheckFifoParam  stm32f4xx_hal_dma.o
    0x080009e0   0x080009e0   0x00000028   Code   RO         1671    i.DMA_SetConfig     stm32f4xx_hal_dma.o
    0x08000a08   0x08000a08   0x00000002   Code   RO          445    i.DebugMon_Handler  stm32f4xx_it.o
    0x08000a0a   0x08000a0a   0x00000002   PAD
    0x08000a0c   0x08000a0c   0x00000018   Code   RO         5626    i.DetectHook        detect_tesk.o
    0x08000a24   0x08000a24   0x00000020   Code   RO         5627    i.DetectInit        detect_tesk.o
    0x08000a44   0x08000a44   0x00000018   Code   RO         5628    i.Detect_Judeg      detect_tesk.o
    0x08000a5c   0x08000a5c   0x0000009c   Code   RO         5629    i.Detect_Task       detect_tesk.o
    0x08000af8   0x08000af8   0x00000004   Code   RO           13    i.Error_Handler     main.o
    0x08000afc   0x08000afc   0x00000044   Code   RO         5468    i.Float2Byte        nground.o
    0x08000b40   0x08000b40   0x000000c4   Code   RO          707    i.Get_Remote_info   bsp_dma.o
    0x08000c04   0x08000c04   0x00000024   Code   RO          977    i.HAL_CAN_ActivateNotification  stm32f4xx_hal_can.o
    0x08000c28   0x08000c28   0x000000c8   Code   RO          978    i.HAL_CAN_AddTxMessage  stm32f4xx_hal_can.o
    0x08000cf0   0x08000cf0   0x0000010c   Code   RO          979    i.HAL_CAN_ConfigFilter  stm32f4xx_hal_can.o
    0x08000dfc   0x08000dfc   0x00000002   Code   RO          982    i.HAL_CAN_ErrorCallback  stm32f4xx_hal_can.o
    0x08000dfe   0x08000dfe   0x000000e8   Code   RO          985    i.HAL_CAN_GetRxMessage  stm32f4xx_hal_can.o
    0x08000ee6   0x08000ee6   0x000001fc   Code   RO          989    i.HAL_CAN_IRQHandler  stm32f4xx_hal_can.o
    0x080010e2   0x080010e2   0x0000011a   Code   RO          990    i.HAL_CAN_Init      stm32f4xx_hal_can.o
    0x080011fc   0x080011fc   0x000000f0   Code   RO          304    i.HAL_CAN_MspInit   can.o
    0x080012ec   0x080012ec   0x00000002   Code   RO          997    i.HAL_CAN_RxFifo0FullCallback  stm32f4xx_hal_can.o
    0x080012ee   0x080012ee   0x00000002   PAD
    0x080012f0   0x080012f0   0x00000048   Code   RO          607    i.HAL_CAN_RxFifo0MsgPendingCallback  bsp_can.o
    0x08001338   0x08001338   0x00000002   Code   RO          999    i.HAL_CAN_RxFifo1FullCallback  stm32f4xx_hal_can.o
    0x0800133a   0x0800133a   0x00000002   Code   RO         1000    i.HAL_CAN_RxFifo1MsgPendingCallback  stm32f4xx_hal_can.o
    0x0800133c   0x0800133c   0x00000002   Code   RO         1001    i.HAL_CAN_SleepCallback  stm32f4xx_hal_can.o
    0x0800133e   0x0800133e   0x00000002   PAD
    0x08001340   0x08001340   0x00000058   Code   RO         1002    i.HAL_CAN_Start     stm32f4xx_hal_can.o
    0x08001398   0x08001398   0x00000002   Code   RO         1004    i.HAL_CAN_TxMailbox0AbortCallback  stm32f4xx_hal_can.o
    0x0800139a   0x0800139a   0x00000002   Code   RO         1005    i.HAL_CAN_TxMailbox0CompleteCallback  stm32f4xx_hal_can.o
    0x0800139c   0x0800139c   0x00000002   Code   RO         1006    i.HAL_CAN_TxMailbox1AbortCallback  stm32f4xx_hal_can.o
    0x0800139e   0x0800139e   0x00000002   Code   RO         1007    i.HAL_CAN_TxMailbox1CompleteCallback  stm32f4xx_hal_can.o
    0x080013a0   0x080013a0   0x00000002   Code   RO         1008    i.HAL_CAN_TxMailbox2AbortCallback  stm32f4xx_hal_can.o
    0x080013a2   0x080013a2   0x00000002   Code   RO         1009    i.HAL_CAN_TxMailbox2CompleteCallback  stm32f4xx_hal_can.o
    0x080013a4   0x080013a4   0x00000002   Code   RO         1011    i.HAL_CAN_WakeUpFromRxMsgCallback  stm32f4xx_hal_can.o
    0x080013a6   0x080013a6   0x00000092   Code   RO         1672    i.HAL_DMA_Abort     stm32f4xx_hal_dma.o
    0x08001438   0x08001438   0x00000024   Code   RO         1673    i.HAL_DMA_Abort_IT  stm32f4xx_hal_dma.o
    0x0800145c   0x0800145c   0x000001a0   Code   RO         1677    i.HAL_DMA_IRQHandler  stm32f4xx_hal_dma.o
    0x080015fc   0x080015fc   0x000000d4   Code   RO         1678    i.HAL_DMA_Init      stm32f4xx_hal_dma.o
    0x080016d0   0x080016d0   0x0000006e   Code   RO         1682    i.HAL_DMA_Start_IT  stm32f4xx_hal_dma.o
    0x0800173e   0x0800173e   0x00000002   PAD
    0x08001740   0x08001740   0x000001f0   Code   RO         1565    i.HAL_GPIO_Init     stm32f4xx_hal_gpio.o
    0x08001930   0x08001930   0x0000000c   Code   RO         2097    i.HAL_GetTick       stm32f4xx_hal.o
    0x0800193c   0x0800193c   0x00000010   Code   RO         2103    i.HAL_IncTick       stm32f4xx_hal.o
    0x0800194c   0x0800194c   0x00000034   Code   RO         2104    i.HAL_Init          stm32f4xx_hal.o
    0x08001980   0x08001980   0x00000098   Code   RO          563    i.HAL_InitTick      stm32f4xx_hal_timebase_tim.o
    0x08001a18   0x08001a18   0x00000038   Code   RO          539    i.HAL_MspInit       stm32f4xx_hal_msp.o
    0x08001a50   0x08001a50   0x0000001a   Code   RO         1954    i.HAL_NVIC_EnableIRQ  stm32f4xx_hal_cortex.o
    0x08001a6a   0x08001a6a   0x00000002   PAD
    0x08001a6c   0x08001a6c   0x00000040   Code   RO         1960    i.HAL_NVIC_SetPriority  stm32f4xx_hal_cortex.o
    0x08001aac   0x08001aac   0x00000024   Code   RO         1961    i.HAL_NVIC_SetPriorityGrouping  stm32f4xx_hal_cortex.o
    0x08001ad0   0x08001ad0   0x00000134   Code   RO         1211    i.HAL_RCC_ClockConfig  stm32f4xx_hal_rcc.o
    0x08001c04   0x08001c04   0x00000040   Code   RO         1215    i.HAL_RCC_GetClockConfig  stm32f4xx_hal_rcc.o
    0x08001c44   0x08001c44   0x00000020   Code   RO         1218    i.HAL_RCC_GetPCLK1Freq  stm32f4xx_hal_rcc.o
    0x08001c64   0x08001c64   0x00000020   Code   RO         1219    i.HAL_RCC_GetPCLK2Freq  stm32f4xx_hal_rcc.o
    0x08001c84   0x08001c84   0x00000060   Code   RO         1220    i.HAL_RCC_GetSysClockFreq  stm32f4xx_hal_rcc.o
    0x08001ce4   0x08001ce4   0x0000036c   Code   RO         1223    i.HAL_RCC_OscConfig  stm32f4xx_hal_rcc.o
    0x08002050   0x08002050   0x00000002   Code   RO         3048    i.HAL_TIMEx_BreakCallback  stm32f4xx_hal_tim_ex.o
    0x08002052   0x08002052   0x00000002   Code   RO         3049    i.HAL_TIMEx_CommutCallback  stm32f4xx_hal_tim_ex.o
    0x08002054   0x08002054   0x0000005a   Code   RO         2344    i.HAL_TIM_Base_Init  stm32f4xx_hal_tim.o
    0x080020ae   0x080020ae   0x00000002   Code   RO         2346    i.HAL_TIM_Base_MspInit  stm32f4xx_hal_tim.o
    0x080020b0   0x080020b0   0x00000080   Code   RO         2349    i.HAL_TIM_Base_Start_IT  stm32f4xx_hal_tim.o
    0x08002130   0x08002130   0x00000002   Code   RO         2378    i.HAL_TIM_IC_CaptureCallback  stm32f4xx_hal_tim.o
    0x08002132   0x08002132   0x00000166   Code   RO         2392    i.HAL_TIM_IRQHandler  stm32f4xx_hal_tim.o
    0x08002298   0x08002298   0x00000002   Code   RO         2395    i.HAL_TIM_OC_DelayElapsedCallback  stm32f4xx_hal_tim.o
    0x0800229a   0x0800229a   0x00000002   Code   RO         2422    i.HAL_TIM_PWM_PulseFinishedCallback  stm32f4xx_hal_tim.o
    0x0800229c   0x0800229c   0x00000014   Code   RO           14    i.HAL_TIM_PeriodElapsedCallback  main.o
    0x080022b0   0x080022b0   0x00000002   Code   RO         2435    i.HAL_TIM_TriggerCallback  stm32f4xx_hal_tim.o
    0x080022b2   0x080022b2   0x00000002   Code   RO         3326    i.HAL_UARTEx_RxEventCallback  stm32f4xx_hal_uart.o
    0x080022b4   0x080022b4   0x00000002   Code   RO         3340    i.HAL_UART_ErrorCallback  stm32f4xx_hal_uart.o
    0x080022b6   0x080022b6   0x00000002   PAD
    0x080022b8   0x080022b8   0x00000268   Code   RO         3343    i.HAL_UART_IRQHandler  stm32f4xx_hal_uart.o
    0x08002520   0x08002520   0x00000062   Code   RO         3344    i.HAL_UART_Init     stm32f4xx_hal_uart.o
    0x08002582   0x08002582   0x00000002   PAD
    0x08002584   0x08002584   0x00000220   Code   RO          377    i.HAL_UART_MspInit  usart.o
    0x080027a4   0x080027a4   0x0000002a   Code   RO         3348    i.HAL_UART_Receive_DMA  stm32f4xx_hal_uart.o
    0x080027ce   0x080027ce   0x00000002   Code   RO         3350    i.HAL_UART_RxCpltCallback  stm32f4xx_hal_uart.o
    0x080027d0   0x080027d0   0x00000002   Code   RO         3351    i.HAL_UART_RxHalfCpltCallback  stm32f4xx_hal_uart.o
    0x080027d2   0x080027d2   0x00000002   PAD
    0x080027d4   0x080027d4   0x000000b2   Code   RO         3352    i.HAL_UART_Transmit  stm32f4xx_hal_uart.o
    0x08002886   0x08002886   0x00000002   Code   RO         3355    i.HAL_UART_TxCpltCallback  stm32f4xx_hal_uart.o
    0x08002888   0x08002888   0x00000002   Code   RO          446    i.HardFault_Handler  stm32f4xx_it.o
    0x0800288a   0x0800288a   0x00000060   Code   RO          845    i.LimitMax          pid.o
    0x080028ea   0x080028ea   0x00000002   PAD
    0x080028ec   0x080028ec   0x00000044   Code   RO          305    i.MX_CAN1_Init      can.o
    0x08002930   0x08002930   0x00000044   Code   RO          306    i.MX_CAN2_Init      can.o
    0x08002974   0x08002974   0x0000004c   Code   RO          352    i.MX_DMA_Init       dma.o
    0x080029c0   0x080029c0   0x00000044   Code   RO          243    i.MX_FREERTOS_Init  freertos.o
    0x08002a04   0x08002a04   0x0000005c   Code   RO          218    i.MX_GPIO_Init      gpio.o
    0x08002a60   0x08002a60   0x00000038   Code   RO          378    i.MX_USART1_UART_Init  usart.o
    0x08002a98   0x08002a98   0x00000040   Code   RO          379    i.MX_USART2_UART_Init  usart.o
    0x08002ad8   0x08002ad8   0x00000038   Code   RO          380    i.MX_USART3_UART_Init  usart.o
    0x08002b10   0x08002b10   0x00000038   Code   RO          381    i.MX_USART6_UART_Init  usart.o
    0x08002b48   0x08002b48   0x00000002   Code   RO          447    i.MemManage_Handler  stm32f4xx_it.o
    0x08002b4a   0x08002b4a   0x00000002   PAD
    0x08002b4c   0x08002b4c   0x00000094   Code   RO         5469    i.NCLink_Send_Userdata  nground.o
    0x08002be0   0x08002be0   0x00000002   Code   RO          448    i.NMI_Handler       stm32f4xx_it.o
    0x08002be2   0x08002be2   0x00000002   PAD
    0x08002be4   0x08002be4   0x000000a4   Code   RO          846    i.PID_calc          pid.o
    0x08002c88   0x08002c88   0x0000005c   Code   RO          848    i.PID_init          pid.o
    0x08002ce4   0x08002ce4   0x0000001c   Code   RO          708    i.RC_Init           bsp_dma.o
    0x08002d00   0x08002d00   0x00000010   Code   RO         5470    i.Serial_Data_Send  nground.o
    0x08002d10   0x08002d10   0x00000024   Code   RO          244    i.StartTask02       freertos.o
    0x08002d34   0x08002d34   0x0000001a   Code   RO         4820    i.SysTick_Handler   cmsis_os2.o
    0x08002d4e   0x08002d4e   0x00000002   PAD
    0x08002d50   0x08002d50   0x00000094   Code   RO           15    i.SystemClock_Config  main.o
    0x08002de4   0x08002de4   0x00000010   Code   RO         3673    i.SystemInit        system_stm32f4xx.o
    0x08002df4   0x08002df4   0x0000000c   Code   RO          449    i.TIM8_TRG_COM_TIM14_IRQHandler  stm32f4xx_it.o
    0x08002e00   0x08002e00   0x000000c8   Code   RO         2437    i.TIM_Base_SetConfig  stm32f4xx_hal_tim.o
    0x08002ec8   0x08002ec8   0x00000010   Code   RO         3357    i.UART_DMAAbortOnError  stm32f4xx_hal_uart.o
    0x08002ed8   0x08002ed8   0x0000004a   Code   RO         3358    i.UART_DMAError     stm32f4xx_hal_uart.o
    0x08002f22   0x08002f22   0x00000082   Code   RO         3359    i.UART_DMAReceiveCplt  stm32f4xx_hal_uart.o
    0x08002fa4   0x08002fa4   0x0000001a   Code   RO         3361    i.UART_DMARxHalfCplt  stm32f4xx_hal_uart.o
    0x08002fbe   0x08002fbe   0x0000004e   Code   RO         3367    i.UART_EndRxTransfer  stm32f4xx_hal_uart.o
    0x0800300c   0x0800300c   0x0000001c   Code   RO         3368    i.UART_EndTxTransfer  stm32f4xx_hal_uart.o
    0x08003028   0x08003028   0x000000c0   Code   RO         3369    i.UART_Receive_IT   stm32f4xx_hal_uart.o
    0x080030e8   0x080030e8   0x0000010c   Code   RO         3370    i.UART_SetConfig    stm32f4xx_hal_uart.o
    0x080031f4   0x080031f4   0x00000094   Code   RO         3371    i.UART_Start_Receive_DMA  stm32f4xx_hal_uart.o
    0x08003288   0x08003288   0x00000078   Code   RO         3373    i.UART_WaitOnFlagUntilTimeout  stm32f4xx_hal_uart.o
    0x08003300   0x08003300   0x0000008c   Code   RO          709    i.USART2_IRQHandler  bsp_dma.o
    0x0800338c   0x0800338c   0x0000000c   Code   RO          450    i.USART3_IRQHandler  stm32f4xx_it.o
    0x08003398   0x08003398   0x00000002   Code   RO          451    i.UsageFault_Handler  stm32f4xx_it.o
    0x0800339a   0x0800339a   0x00000020   Code   RO         1967    i.__NVIC_SetPriority  stm32f4xx_hal_cortex.o
    0x080033ba   0x080033ba   0x0000000e   Code   RO         5998    i.__scatterload_copy  mc_w.l(handlers.o)
    0x080033c8   0x080033c8   0x00000002   Code   RO         5999    i.__scatterload_null  mc_w.l(handlers.o)
    0x080033ca   0x080033ca   0x0000000e   Code   RO         6000    i.__scatterload_zeroinit  mc_w.l(handlers.o)
    0x080033d8   0x080033d8   0x00000030   Code   RO          608    i.can2_filter_init  bsp_can.o
    0x08003408   0x08003408   0x00000030   Code   RO          609    i.can_filter_init   bsp_can.o
    0x08003438   0x08003438   0x00000098   Code   RO         5512    i.chassis_behaviour_control_set  chassis_behaviour.o
    0x080034d0   0x080034d0   0x00000058   Code   RO         5513    i.chassis_behaviour_mode_set  chassis_behaviour.o
    0x08003528   0x08003528   0x000000f4   Code   RO         5550    i.chassis_control_loop  chassis_task.o
    0x0800361c   0x0800361c   0x00000074   Code   RO         5551    i.chassis_feedback_update  chassis_task.o
    0x08003690   0x08003690   0x000000a4   Code   RO         5552    i.chassis_init      chassis_task.o
    0x08003734   0x08003734   0x000000b4   Code   RO         5553    i.chassis_rc_to_control_vector  chassis_task.o
    0x080037e8   0x080037e8   0x00000148   Code   RO         5554    i.chassis_set_contorl  chassis_task.o
    0x08003930   0x08003930   0x000000f8   Code   RO         5555    i.chassis_task      chassis_task.o
    0x08003a28   0x08003a28   0x0000006c   Code   RO         5556    i.chassis_vector_to_mecanum_wheel_speed  chassis_task.o
    0x08003a94   0x08003a94   0x00000020   Code   RO         5679    i.fp32_constrain    user_lib.o
    0x08003ab4   0x08003ab4   0x00000014   Code   RO          610    i.get_Chassis_Motor_Measure_Point  bsp_can.o
    0x08003ac8   0x08003ac8   0x00000008   Code   RO          613    i.get_Yaw_Gimbal_Motor_Measure_Point  bsp_can.o
    0x08003ad0   0x08003ad0   0x00000058   Code   RO          614    i.get_motor_measure  bsp_can.o
    0x08003b28   0x08003b28   0x00000008   Code   RO          710    i.get_remote_control_point  bsp_dma.o
    0x08003b30   0x08003b30   0x00000048   Code   RO         5684    i.loop_fp32_constrain  user_lib.o
    0x08003b78   0x08003b78   0x00000072   Code   RO           16    i.main              main.o
    0x08003bea   0x08003bea   0x0000001a   Code   RO         4822    i.osDelay           cmsis_os2.o
    0x08003c04   0x08003c04   0x00000024   Code   RO         4836    i.osKernelInitialize  cmsis_os2.o
    0x08003c28   0x08003c28   0x00000038   Code   RO         4839    i.osKernelStart     cmsis_os2.o
    0x08003c60   0x08003c60   0x0000008a   Code   RO         4881    i.osThreadNew       cmsis_os2.o
    0x08003cea   0x08003cea   0x00000002   PAD
    0x08003cec   0x08003cec   0x0000005c   Code   RO         4281    i.prvAddCurrentTaskToDelayedList  tasks.o
    0x08003d48   0x08003d48   0x000000d0   Code   RO         4282    i.prvAddNewTaskToReadyList  tasks.o
    0x08003e18   0x08003e18   0x00000058   Code   RO         4646    i.prvCheckForValidListAndQueue  timers.o
    0x08003e70   0x08003e70   0x00000026   Code   RO         3878    i.prvCopyDataFromQueue  queue.o
    0x08003e96   0x08003e96   0x0000006c   Code   RO         3879    i.prvCopyDataToQueue  queue.o
    0x08003f02   0x08003f02   0x00000034   Code   RO         4283    i.prvDeleteTCB      tasks.o
    0x08003f36   0x08003f36   0x00000002   PAD
    0x08003f38   0x08003f38   0x0000004c   Code   RO         5333    i.prvHeapInit       heap_4.o
    0x08003f84   0x08003f84   0x00000060   Code   RO         4284    i.prvIdleTask       tasks.o
    0x08003fe4   0x08003fe4   0x00000022   Code   RO         3881    i.prvInitialiseNewQueue  queue.o
    0x08004006   0x08004006   0x00000002   PAD
    0x08004008   0x08004008   0x000000b0   Code   RO         4285    i.prvInitialiseNewTask  tasks.o
    0x080040b8   0x080040b8   0x0000004c   Code   RO         5334    i.prvInsertBlockIntoFreeList  heap_4.o
    0x08004104   0x08004104   0x00000038   Code   RO         4648    i.prvInsertTimerInActiveList  timers.o
    0x0800413c   0x0800413c   0x0000001c   Code   RO         3882    i.prvIsQueueEmpty   queue.o
    0x08004158   0x08004158   0x000000fc   Code   RO         4649    i.prvProcessReceivedCommands  timers.o
    0x08004254   0x08004254   0x000000c0   Code   RO         4650    i.prvProcessTimerOrBlockTask  timers.o
    0x08004314   0x08004314   0x00000020   Code   RO         4287    i.prvResetNextTaskUnblockTime  tasks.o
    0x08004334   0x08004334   0x00000028   Code   RO         4651    i.prvSampleTimeNow  timers.o
    0x0800435c   0x0800435c   0x0000006c   Code   RO         4652    i.prvSwitchTimerLists  timers.o
    0x080043c8   0x080043c8   0x00000028   Code   RO         5389    i.prvTaskExitError  port.o
    0x080043f0   0x080043f0   0x00000024   Code   RO         4653    i.prvTimerTask      timers.o
    0x08004414   0x08004414   0x0000006a   Code   RO         3883    i.prvUnlockQueue    queue.o
    0x0800447e   0x0800447e   0x00000002   PAD
    0x08004480   0x08004480   0x000000dc   Code   RO         5335    i.pvPortMalloc      heap_4.o
    0x0800455c   0x0800455c   0x0000002c   Code   RO         5390    i.pxPortInitialiseStack  port.o
    0x08004588   0x08004588   0x0000000c   Code   RO          711    i.remote_control_init  bsp_dma.o
    0x08004594   0x08004594   0x00000014   Code   RO         5688    i.theta_format      user_lib.o
    0x080045a8   0x080045a8   0x00000026   Code   RO         3838    i.uxListRemove      list.o
    0x080045ce   0x080045ce   0x00000002   PAD
    0x080045d0   0x080045d0   0x00000014   Code   RO         4893    i.vApplicationGetIdleTaskMemory  cmsis_os2.o
    0x080045e4   0x080045e4   0x00000018   Code   RO         4894    i.vApplicationGetTimerTaskMemory  cmsis_os2.o
    0x080045fc   0x080045fc   0x00000016   Code   RO         3839    i.vListInitialise   list.o
    0x08004612   0x08004612   0x00000006   Code   RO         3840    i.vListInitialiseItem  list.o
    0x08004618   0x08004618   0x00000030   Code   RO         3841    i.vListInsert       list.o
    0x08004648   0x08004648   0x00000018   Code   RO         3842    i.vListInsertEnd    list.o
    0x08004660   0x08004660   0x00000040   Code   RO         5392    i.vPortEnterCritical  port.o
    0x080046a0   0x080046a0   0x00000028   Code   RO         5393    i.vPortExitCritical  port.o
    0x080046c8   0x080046c8   0x00000064   Code   RO         5336    i.vPortFree         heap_4.o
    0x0800472c   0x0800472c   0x00000024   Code   RO         5394    i.vPortSetupTimerInterrupt  port.o
    0x08004750   0x08004750   0x00000054   Code   RO         5395    i.vPortValidateInterruptPriority  port.o
    0x080047a4   0x080047a4   0x00000028   Code   RO         3889    i.vQueueAddToRegistry  queue.o
    0x080047cc   0x080047cc   0x00000044   Code   RO         3893    i.vQueueWaitForMessageRestricted  queue.o
    0x08004810   0x08004810   0x0000004c   Code   RO         4300    i.vTaskDelay        tasks.o
    0x0800485c   0x0800485c   0x00000010   Code   RO         4305    i.vTaskInternalSetTimeOutState  tasks.o
    0x0800486c   0x0800486c   0x0000000c   Code   RO         4306    i.vTaskMissedYield  tasks.o
    0x08004878   0x08004878   0x00000030   Code   RO         4308    i.vTaskPlaceOnEventList  tasks.o
    0x080048a8   0x080048a8   0x00000038   Code   RO         4309    i.vTaskPlaceOnEventListRestricted  tasks.o
    0x080048e0   0x080048e0   0x00000088   Code   RO         4317    i.vTaskStartScheduler  tasks.o
    0x08004968   0x08004968   0x00000010   Code   RO         4319    i.vTaskSuspendAll   tasks.o
    0x08004978   0x08004978   0x00000064   Code   RO         4320    i.vTaskSwitchContext  tasks.o
    0x080049dc   0x080049dc   0x000000f4   Code   RO         5396    i.xPortStartScheduler  port.o
    0x08004ad0   0x08004ad0   0x0000002c   Code   RO         5397    i.xPortSysTickHandler  port.o
    0x08004afc   0x08004afc   0x00000066   Code   RO         3899    i.xQueueGenericCreateStatic  queue.o
    0x08004b62   0x08004b62   0x00000002   PAD
    0x08004b64   0x08004b64   0x00000088   Code   RO         3900    i.xQueueGenericReset  queue.o
    0x08004bec   0x08004bec   0x00000160   Code   RO         3901    i.xQueueGenericSend  queue.o
    0x08004d4c   0x08004d4c   0x000000be   Code   RO         3902    i.xQueueGenericSendFromISR  queue.o
    0x08004e0a   0x08004e0a   0x00000002   PAD
    0x08004e0c   0x08004e0c   0x00000138   Code   RO         3911    i.xQueueReceive     queue.o
    0x08004f44   0x08004f44   0x00000074   Code   RO         4322    i.xTaskCheckForTimeOut  tasks.o
    0x08004fb8   0x08004fb8   0x0000005a   Code   RO         4323    i.xTaskCreate       tasks.o
    0x08005012   0x08005012   0x00000056   Code   RO         4324    i.xTaskCreateStatic  tasks.o
    0x08005068   0x08005068   0x0000001c   Code   RO         4328    i.xTaskGetSchedulerState  tasks.o
    0x08005084   0x08005084   0x0000000c   Code   RO         4329    i.xTaskGetTickCount  tasks.o
    0x08005090   0x08005090   0x000000c8   Code   RO         4331    i.xTaskIncrementTick  tasks.o
    0x08005158   0x08005158   0x00000080   Code   RO         4334    i.xTaskPriorityDisinherit  tasks.o
    0x080051d8   0x080051d8   0x00000070   Code   RO         4336    i.xTaskRemoveFromEventList  tasks.o
    0x08005248   0x08005248   0x000000c4   Code   RO         4337    i.xTaskResumeAll    tasks.o
    0x0800530c   0x0800530c   0x00000060   Code   RO         4662    i.xTimerCreateTimerTask  timers.o
    0x0800536c   0x0800536c   0x00000068   Code   RO         4663    i.xTimerGenericCommand  timers.o
    0x080053d4   0x080053d4   0x0000006c   Data   RO          246    .constdata          freertos.o
    0x08005440   0x08005440   0x00000008   Data   RO         1684    .constdata          stm32f4xx_hal_dma.o
    0x08005448   0x08005448   0x00000010   Data   RO         3674    .constdata          system_stm32f4xx.o
    0x08005458   0x08005458   0x00000008   Data   RO         3675    .constdata          system_stm32f4xx.o
    0x08005460   0x08005460   0x00000018   Data   RO         5560    .constdata          chassis_task.o
    0x08005478   0x08005478   0x00000804   Data   RO         5925    .constdata          arm_cortexM4lf_math.lib(arm_common_tables.o)
    0x08005c7c   0x08005c7c   0x00000020   Data   RO          247    .conststring        freertos.o
    0x08005c9c   0x08005c9c   0x00000020   Data   RO         5996    Region$$Table       anon$$obj.o


    Execution Region RW_IRAM2 (Exec base: 0x10000000, Load base: 0x08005dc0, Size: 0x00000000, Max: 0x00010000, ABSOLUTE)

    **** No section assigned to this execution region ****


    Execution Region RW_IRAM1 (Exec base: 0x20000000, Load base: 0x08005cbc, Size: 0x000054f8, Max: 0x00020000, ABSOLUTE)

    Exec Addr    Load Addr    Size         Type   Attr      Idx    E Section Name        Object

    0x20000000   0x08005cbc   0x0000000c   Data   RW          250    .data               freertos.o
    0x2000000c   0x08005cc8   0x00000004   Data   RW          308    .data               can.o
    0x20000010   0x08005ccc   0x00000018   Data   RW          616    .data               bsp_can.o
    0x20000028   0x08005ce4   0x00000008   Data   RW          715    .data               bsp_dma.o
    0x20000030   0x08005cec   0x0000000c   Data   RW         2111    .data               stm32f4xx_hal.o
    0x2000003c   0x08005cf8   0x00000004   Data   RW         3676    .data               system_stm32f4xx.o
    0x20000040   0x08005cfc   0x0000003c   Data   RW         4340    .data               tasks.o
    0x2000007c   0x08005d38   0x00000014   Data   RW         4671    .data               timers.o
    0x20000090   0x08005d4c   0x00000004   Data   RW         4896    .data               cmsis_os2.o
    0x20000094   0x08005d50   0x00000020   Data   RW         5342    .data               heap_4.o
    0x200000b4   0x08005d70   0x0000000c   Data   RW         5398    .data               port.o
    0x200000c0   0x08005d7c   0x00000008   Data   RW         5472    .data               nground.o
    0x200000c8   0x08005d84   0x00000008   Data   RW         5514    .data               chassis_behaviour.o
    0x200000d0   0x08005d8c   0x00000034   Data   RW         5561    .data               chassis_task.o
    0x20000104        -       0x00000050   Zero   RW          307    .bss                can.o
    0x20000154        -       0x00000230   Zero   RW          382    .bss                usart.o
    0x20000384        -       0x00000048   Zero   RW          566    .bss                stm32f4xx_hal_timebase_tim.o
    0x200003cc        -       0x000000ea   Zero   RW          615    .bss                bsp_can.o
    0x200004b6        -       0x00000096   Zero   RW          712    .bss                bsp_dma.o
    0x2000054c        -       0x00000040   Zero   RW         3915    .bss                queue.o
    0x2000058c        -       0x000004c4   Zero   RW         4339    .bss                tasks.o
    0x20000a50        -       0x00000118   Zero   RW         4670    .bss                timers.o
    0x20000b68        -       0x000006b8   Zero   RW         4895    .bss                cmsis_os2.o
    0x20001220        -       0x00003c00   Zero   RW         5341    .bss                heap_4.o
    0x20004e20        -       0x00000064   Zero   RW         5471    .bss                nground.o
    0x20004e84        -       0x0000020c   Zero   RW         5559    .bss                chassis_task.o
    0x20005090        -       0x00000066   Zero   RW         5630    .bss                detect_tesk.o
    0x200050f6   0x08005dc0   0x00000002   PAD
    0x200050f8        -       0x00000400   Zero   RW            1    STACK               startup_stm32f407xx.o


==============================================================================

Image component sizes


      Code (inc. data)   RO Data    RW Data    ZI Data      Debug   Object Name

       604         68          0         24        234       7830   bsp_can.o
       384         36          0          8        150       5637   bsp_dma.o
       376         40          0          4         80       2390   can.o
       240         22          0          8          0       6073   chassis_behaviour.o
      1388        112         24         52        524       8019   chassis_task.o
       326         22          0          4       1720      64671   cmsis_os2.o
       236         20          0          0        102       3151   detect_tesk.o
        76          4          0          0          0        778   dma.o
         0          0          0          0          0      19340   event_groups.o
       104         22        140         12          0       1938   freertos.o
        92          6          0          0          0        863   gpio.o
       472         24          0         32      15360       4735   heap_4.o
       138          0          0          0          0       3410   list.o
       286         14          0          0          0     717572   main.o
       232         18          0          8        100       2615   nground.o
       352          8          0          0          0       3325   pid.o
       786         82          0         12          0      11249   port.o
      1514         20          0          0         64      17100   queue.o
        36          8        392          0       1024        816   startup_stm32f407xx.o
        80         14          0         12          0       7954   stm32f4xx_hal.o
      1638          6          0          0          0      13843   stm32f4xx_hal_can.o
       158         14          0          0          0      33042   stm32f4xx_hal_cortex.o
      1084         16          8          0          0       7158   stm32f4xx_hal_dma.o
       496         46          0          0          0       1492   stm32f4xx_hal_gpio.o
        56          4          0          0          0        826   stm32f4xx_hal_msp.o
      1408         82          0          0          0       5749   stm32f4xx_hal_rcc.o
       786         72          0          0          0       7144   stm32f4xx_hal_tim.o
         4          0          0          0          0       1537   stm32f4xx_hal_tim_ex.o
       152         20          0          0         72       1416   stm32f4xx_hal_timebase_tim.o
      2024         30          0          0          0      14822   stm32f4xx_hal_uart.o
        96         42          0          0          0       5851   stm32f4xx_it.o
         0          0          0          0          0        384   stream_buffer.o
        16          4         24          4          0       1067   system_stm32f4xx.o
      2084        168          0         60       1220      26352   tasks.o
       972         80          0         20        280      31767   timers.o
       776         86          0          0        560       3986   usart.o
       124          8          0          0          0       1994   user_lib.o

    ----------------------------------------------------------------------
     19638       1218        620        260      21492    1047896   Object Totals
         0          0         32          0          0          0   (incl. Generated)
        42          0          0          0          2          0   (incl. Padding)

    ----------------------------------------------------------------------

      Code (inc. data)   RO Data    RW Data    ZI Data      Debug   Library Member Name

         0          0       2052          0          0       4636   arm_common_tables.o
       120         12          0          0          0      16970   arm_cos_f32.o
       116         12          0          0          0        658   arm_sin_f32.o
         0          0          0          0          0          0   entry.o
         0          0          0          0          0          0   entry10a.o
         0          0          0          0          0          0   entry11a.o
         8          4          0          0          0          0   entry2.o
         4          0          0          0          0          0   entry5.o
         0          0          0          0          0          0   entry7b.o
         0          0          0          0          0          0   entry8b.o
         8          4          0          0          0          0   entry9a.o
        30          0          0          0          0          0   handlers.o
        36          8          0          0          0         68   init.o
         0          0          0          0          0          0   iusefp.o
        30          0          0          0          0         68   llshl.o
        32          0          0          0          0         68   llushr.o
        36          0          0          0          0         68   memcpya.o
        36          0          0          0          0        108   memseta.o
        98          0          0          0          0         92   uldiv.o
        56          0          0          0          0         88   d2f.o
       222          0          0          0          0        100   ddiv.o
       186          0          0          0          0        176   depilogue.o
        34          0          0          0          0         76   dflti.o
       228          0          0          0          0         96   dmul.o
        38          0          0          0          0         68   f2d.o
       110          0          0          0          0        168   fepilogue.o

    ----------------------------------------------------------------------
      1430         40       2052          0          0      23508   Library Totals
         2          0          0          0          0          0   (incl. Padding)

    ----------------------------------------------------------------------

      Code (inc. data)   RO Data    RW Data    ZI Data      Debug   Library Name

       236         24       2052          0          0      22264   arm_cortexM4lf_math.lib
       318         16          0          0          0        472   mc_w.l
       874          0          0          0          0        772   mf_w.l

    ----------------------------------------------------------------------
      1430         40       2052          0          0      23508   Library Totals

    ----------------------------------------------------------------------

==============================================================================


      Code (inc. data)   RO Data    RW Data    ZI Data      Debug   

     21068       1258       2672        260      21492    1051488   Grand Totals
     21068       1258       2672        260      21492    1051488   ELF Image Totals
     21068       1258       2672        260          0          0   ROM Totals

==============================================================================

    Total RO  Size (Code + RO Data)                23740 (  23.18kB)
    Total RW  Size (RW Data + ZI Data)             21752 (  21.24kB)
    Total ROM Size (Code + RO Data + RW Data)      24000 (  23.44kB)

==============================================================================

