Component: ARM Compiler 5.06 update 6 (build 750) Tool: armlink [4d35ed]

==============================================================================

Section Cross References

    startup_stm32f407xx.o(RESET) refers to startup_stm32f407xx.o(STACK) for __initial_sp
    startup_stm32f407xx.o(RESET) refers to startup_stm32f407xx.o(.text) for Reset_Handler
    startup_stm32f407xx.o(RESET) refers to stm32f4xx_it.o(i.NMI_Handler) for NMI_Handler
    startup_stm32f407xx.o(RESET) refers to stm32f4xx_it.o(i.HardFault_Handler) for HardFault_Handler
    startup_stm32f407xx.o(RESET) refers to stm32f4xx_it.o(i.MemManage_Handler) for MemManage_Handler
    startup_stm32f407xx.o(RESET) refers to stm32f4xx_it.o(i.BusFault_Handler) for BusFault_Handler
    startup_stm32f407xx.o(RESET) refers to stm32f4xx_it.o(i.UsageFault_Handler) for UsageFault_Handler
    startup_stm32f407xx.o(RESET) refers to port.o(.emb_text) for SVC_Handler
    startup_stm32f407xx.o(RESET) refers to stm32f4xx_it.o(i.DebugMon_Handler) for DebugMon_Handler
    startup_stm32f407xx.o(RESET) refers to cmsis_os2.o(i.SysTick_Handler) for SysTick_Handler
    startup_stm32f407xx.o(RESET) refers to stm32f4xx_it.o(i.DMA1_Stream1_IRQHandler) for DMA1_Stream1_IRQHandler
    startup_stm32f407xx.o(RESET) refers to stm32f4xx_it.o(i.DMA1_Stream5_IRQHandler) for DMA1_Stream5_IRQHandler
    startup_stm32f407xx.o(RESET) refers to stm32f4xx_it.o(i.CAN1_RX0_IRQHandler) for CAN1_RX0_IRQHandler
    startup_stm32f407xx.o(RESET) refers to bsp_dma.o(i.USART2_IRQHandler) for USART2_IRQHandler
    startup_stm32f407xx.o(RESET) refers to stm32f4xx_it.o(i.USART3_IRQHandler) for USART3_IRQHandler
    startup_stm32f407xx.o(RESET) refers to stm32f4xx_it.o(i.TIM8_TRG_COM_TIM14_IRQHandler) for TIM8_TRG_COM_TIM14_IRQHandler
    startup_stm32f407xx.o(RESET) refers to stm32f4xx_it.o(i.DMA2_Stream1_IRQHandler) for DMA2_Stream1_IRQHandler
    startup_stm32f407xx.o(RESET) refers to stm32f4xx_it.o(i.CAN2_RX0_IRQHandler) for CAN2_RX0_IRQHandler
    startup_stm32f407xx.o(.text) refers to system_stm32f4xx.o(i.SystemInit) for SystemInit
    startup_stm32f407xx.o(.text) refers to entry.o(.ARM.Collect$$$$00000000) for __main
    main.o(i.HAL_TIM_PeriodElapsedCallback) refers to stm32f4xx_hal.o(i.HAL_IncTick) for HAL_IncTick
    main.o(i.MX_NVIC_Init) refers to stm32f4xx_hal_cortex.o(i.HAL_NVIC_SetPriority) for HAL_NVIC_SetPriority
    main.o(i.MX_NVIC_Init) refers to stm32f4xx_hal_cortex.o(i.HAL_NVIC_EnableIRQ) for HAL_NVIC_EnableIRQ
    main.o(i.SystemClock_Config) refers to memseta.o(.text) for __aeabi_memclr4
    main.o(i.SystemClock_Config) refers to stm32f4xx_hal_rcc.o(i.HAL_RCC_OscConfig) for HAL_RCC_OscConfig
    main.o(i.SystemClock_Config) refers to main.o(i.Error_Handler) for Error_Handler
    main.o(i.SystemClock_Config) refers to stm32f4xx_hal_rcc.o(i.HAL_RCC_ClockConfig) for HAL_RCC_ClockConfig
    main.o(i.main) refers to stm32f4xx_hal.o(i.HAL_Init) for HAL_Init
    main.o(i.main) refers to main.o(i.SystemClock_Config) for SystemClock_Config
    main.o(i.main) refers to gpio.o(i.MX_GPIO_Init) for MX_GPIO_Init
    main.o(i.main) refers to dma.o(i.MX_DMA_Init) for MX_DMA_Init
    main.o(i.main) refers to can.o(i.MX_CAN1_Init) for MX_CAN1_Init
    main.o(i.main) refers to usart.o(i.MX_USART2_UART_Init) for MX_USART2_UART_Init
    main.o(i.main) refers to usart.o(i.MX_USART1_UART_Init) for MX_USART1_UART_Init
    main.o(i.main) refers to usart.o(i.MX_USART6_UART_Init) for MX_USART6_UART_Init
    main.o(i.main) refers to can.o(i.MX_CAN2_Init) for MX_CAN2_Init
    main.o(i.main) refers to usart.o(i.MX_USART3_UART_Init) for MX_USART3_UART_Init
    main.o(i.main) refers to main.o(i.MX_NVIC_Init) for MX_NVIC_Init
    main.o(i.main) refers to bsp_can.o(i.Can_init) for Can_init
    main.o(i.main) refers to bsp_can.o(i.Can2_init) for Can2_init
    main.o(i.main) refers to bsp_dma.o(i.remote_control_init) for remote_control_init
    main.o(i.main) refers to cmsis_os2.o(i.osKernelInitialize) for osKernelInitialize
    main.o(i.main) refers to freertos.o(i.MX_FREERTOS_Init) for MX_FREERTOS_Init
    main.o(i.main) refers to cmsis_os2.o(i.osKernelStart) for osKernelStart
    freertos.o(i.Detect_Task) refers to cmsis_os2.o(i.osDelay) for osDelay
    freertos.o(i.MX_FREERTOS_Init) refers to cmsis_os2.o(i.osThreadNew) for osThreadNew
    freertos.o(i.MX_FREERTOS_Init) refers to freertos.o(.constdata) for chassis_attributes
    freertos.o(i.MX_FREERTOS_Init) refers to chassis_task.o(i.chassis_task) for chassis_task
    freertos.o(i.MX_FREERTOS_Init) refers to freertos.o(.data) for chassisHandle
    freertos.o(i.MX_FREERTOS_Init) refers to freertos.o(i.StartTask02) for StartTask02
    freertos.o(i.MX_FREERTOS_Init) refers to detect_tesk.o(i.Detect_Task) for Detect_Task
    freertos.o(i.StartTask02) refers to nground.o(i.NCLink_Send_Userdata) for NCLink_Send_Userdata
    freertos.o(i.StartTask02) refers to cmsis_os2.o(i.osDelay) for osDelay
[...]
    prvGetNextExpireTime                     0x08005151   Thumb Code    36  timers.o(i.prvGetNextExpireTime)
    i.prvHeapInit                            0x08005178   Section        0  heap_4.o(i.prvHeapInit)
    prvHeapInit                              0x08005179   Thumb Code    98  heap_4.o(i.prvHeapInit)
    i.prvIdleTask                            0x080051f4   Section        0  tasks.o(i.prvIdleTask)
    prvIdleTask                              0x080051f5   Thumb Code    32  tasks.o(i.prvIdleTask)
    i.prvInitialiseNewQueue                  0x0800521c   Section        0  queue.o(i.prvInitialiseNewQueue)
    prvInitialiseNewQueue                    0x0800521d   Thumb Code    42  queue.o(i.prvInitialiseNewQueue)
    i.prvInitialiseNewTask                   0x08005246   Section        0  tasks.o(i.prvInitialiseNewTask)
    prvInitialiseNewTask                     0x08005247   Thumb Code   190  tasks.o(i.prvInitialiseNewTask)
    i.prvInitialiseTaskLists                 0x08005304   Section        0  tasks.o(i.prvInitialiseTaskLists)
    prvInitialiseTaskLists                   0x08005305   Thumb Code    70  tasks.o(i.prvInitialiseTaskLists)
    i.prvInsertBlockIntoFreeList             0x0800536c   Section        0  heap_4.o(i.prvInsertBlockIntoFreeList)
    prvInsertBlockIntoFreeList               0x0800536d   Thumb Code    96  heap_4.o(i.prvInsertBlockIntoFreeList)
    i.prvInsertTimerInActiveList             0x080053d4   Section        0  timers.o(i.prvInsertTimerInActiveList)
    prvInsertTimerInActiveList               0x080053d5   Thumb Code    80  timers.o(i.prvInsertTimerInActiveList)
    i.prvIsQueueEmpty                        0x0800542c   Section        0  queue.o(i.prvIsQueueEmpty)
    prvIsQueueEmpty                          0x0800542d   Thumb Code    26  queue.o(i.prvIsQueueEmpty)
    i.prvIsQueueFull                         0x08005446   Section        0  queue.o(i.prvIsQueueFull)
    prvIsQueueFull                           0x08005447   Thumb Code    30  queue.o(i.prvIsQueueFull)
    i.prvProcessExpiredTimer                 0x08005464   Section        0  timers.o(i.prvProcessExpiredTimer)
    prvProcessExpiredTimer                   0x08005465   Thumb Code   110  timers.o(i.prvProcessExpiredTimer)
    i.prvProcessReceivedCommands             0x080054d8   Section        0  timers.o(i.prvProcessReceivedCommands)
    prvProcessReceivedCommands               0x080054d9   Thumb Code   350  timers.o(i.prvProcessReceivedCommands)
    i.prvProcessTimerOrBlockTask             0x0800563c   Section        0  timers.o(i.prvProcessTimerOrBlockTask)
    prvProcessTimerOrBlockTask               0x0800563d   Thumb Code   102  timers.o(i.prvProcessTimerOrBlockTask)
    i.prvResetNextTaskUnblockTime            0x080056b0   Section        0  tasks.o(i.prvResetNextTaskUnblockTime)
    prvResetNextTaskUnblockTime              0x080056b1   Thumb Code    42  tasks.o(i.prvResetNextTaskUnblockTime)
    i.prvSampleTimeNow                       0x080056e4   Section        0  timers.o(i.prvSampleTimeNow)
    prvSampleTimeNow                         0x080056e5   Thumb Code    40  timers.o(i.prvSampleTimeNow)
    i.prvSwitchTimerLists                    0x08005710   Section        0  timers.o(i.prvSwitchTimerLists)
    prvSwitchTimerLists                      0x08005711   Thumb Code   154  timers.o(i.prvSwitchTimerLists)
    i.prvTaskExitError                       0x080057b4   Section        0  port.o(i.prvTaskExitError)
    prvTaskExitError                         0x080057b5   Thumb Code    60  port.o(i.prvTaskExitError)
    i.prvTimerTask                           0x080057f4   Section        0  timers.o(i.prvTimerTask)
    prvTimerTask                             0x080057f5   Thumb Code    26  timers.o(i.prvTimerTask)
    i.prvUnlockQueue                         0x0800580e   Section        0  queue.o(i.prvUnlockQueue)
    prvUnlockQueue                           0x0800580f   Thumb Code   126  queue.o(i.prvUnlockQueue)
    i.pvPortMalloc                           0x0800588c   Section        0  heap_4.o(i.pvPortMalloc)
    i.pxPortInitialiseStack                  0x080059d8   Section        0  port.o(i.pxPortInitialiseStack)
    i.remote_control_init                    0x08005a04   Section        0  bsp_dma.o(i.remote_control_init)
    i.theta_format                           0x08005a14   Section        0  user_lib.o(i.theta_format)
    i.uxListRemove                           0x08005a34   Section        0  list.o(i.uxListRemove)
    i.vApplicationGetIdleTaskMemory          0x08005a5c   Section        0  cmsis_os2.o(i.vApplicationGetIdleTaskMemory)
    i.vApplicationGetTimerTaskMemory         0x08005a74   Section        0  cmsis_os2.o(i.vApplicationGetTimerTaskMemory)
    i.vListInitialise                        0x08005a8c   Section        0  list.o(i.vListInitialise)
    i.vListInitialiseItem                    0x08005aa6   Section        0  list.o(i.vListInitialiseItem)
    i.vListInsert                            0x08005aac   Section        0  list.o(i.vListInsert)
    i.vListInsertEnd                         0x08005ae0   Section        0  list.o(i.vListInsertEnd)
    i.vPortEnterCritical                     0x08005af8   Section        0  port.o(i.vPortEnterCritical)
    i.vPortExitCritical                      0x08005b4c   Section        0  port.o(i.vPortExitCritical)
    i.vPortFree                              0x08005b88   Section        0  heap_4.o(i.vPortFree)
    i.vPortSetupTimerInterrupt               0x08005c2c   Section        0  port.o(i.vPortSetupTimerInterrupt)
    i.vPortValidateInterruptPriority         0x08005c54   Section        0  port.o(i.vPortValidateInterruptPriority)
    i.vQueueAddToRegistry                    0x08005ccc   Section        0  queue.o(i.vQueueAddToRegistry)
    i.vQueueWaitForMessageRestricted         0x08005cf8   Section        0  queue.o(i.vQueueWaitForMessageRestricted)
    i.vTaskDelay                             0x08005d44   Section        0  tasks.o(i.vTaskDelay)
    i.vTaskInternalSetTimeOutState           0x08005da0   Section        0  tasks.o(i.vTaskInternalSetTimeOutState)
    i.vTaskMissedYield                       0x08005db8   Section        0  tasks.o(i.vTaskMissedYield)
    i.vTaskPlaceOnEventList                  0x08005dc4   Section        0  tasks.o(i.vTaskPlaceOnEventList)
    i.vTaskPlaceOnEventListRestricted        0x08005dfc   Section        0  tasks.o(i.vTaskPlaceOnEventListRestricted)
    i.vTaskStartScheduler                    0x08005e3c   Section        0  tasks.o(i.vTaskStartScheduler)
    i.vTaskSuspendAll                        0x08005ef4   Section        0  tasks.o(i.vTaskSuspendAll)
    i.vTaskSwitchContext                     0x08005f04   Section        0  tasks.o(i.vTaskSwitchContext)
    i.xPortStartScheduler                    0x08005f94   Section        0  port.o(i.xPortStartScheduler)
    i.xPortSysTickHandler                    0x080060fc   Section        0  port.o(i.xPortSysTickHandler)
    i.xQueueGenericCreateStatic              0x08006130   Section        0  queue.o(i.xQueueGenericCreateStatic)
    i.xQueueGenericReset                     0x08006210   Section        0  queue.o(i.xQueueGenericReset)
    i.xQueueGenericSend                      0x080062a8   Section        0  queue.o(i.xQueueGenericSend)
    i.xQueueGenericSendFromISR               0x08006450   Section        0  queue.o(i.xQueueGenericSendFromISR)
    i.xQueueReceive                          0x0800654c   Section        0  queue.o(i.xQueueReceive)
    i.xTaskCheckForTimeOut                   0x080066b4   Section        0  tasks.o(i.xTaskCheckForTimeOut)
    i.xTaskCreate                            0x08006740   Section        0  tasks.o(i.xTaskCreate)
    i.xTaskCreateStatic                      0x080067a4   Section        0  tasks.o(i.xTaskCreateStatic)
    i.xTaskGetSchedulerState                 0x08006860   Section        0  tasks.o(i.xTaskGetSchedulerState)
    i.xTaskGetTickCount                      0x08006880   Section        0  tasks.o(i.xTaskGetTickCount)
    i.xTaskIncrementTick                     0x0800688c   Section        0  tasks.o(i.xTaskIncrementTick)
    i.xTaskPriorityDisinherit                0x080069d0   Section        0  tasks.o(i.xTaskPriorityDisinherit)
    i.xTaskRemoveFromEventList               0x08006a74   Section        0  tasks.o(i.xTaskRemoveFromEventList)
    i.xTaskResumeAll                         0x08006b0c   Section        0  tasks.o(i.xTaskResumeAll)
    i.xTimerCreateTimerTask                  0x08006c10   Section        0  timers.o(i.xTimerCreateTimerTask)
    i.xTimerGenericCommand                   0x08006c88   Section        0  timers.o(i.xTimerGenericCommand)
    .constdata                               0x08006d0c   Section      108  freertos.o(.constdata)
    .constdata                               0x08006d78   Section        8  stm32f4xx_hal_dma.o(.constdata)
    flagBitshiftOffset                       0x08006d78   Data           8  stm32f4xx_hal_dma.o(.constdata)
    .constdata                               0x08006d80   Section       24  system_stm32f4xx.o(.constdata)
    .constdata                               0x08006d98   Section     2052  arm_common_tables.o(.constdata)
    .conststring                             0x0800759c   Section       32  freertos.o(.conststring)
    .data                                    0x20000000   Section       20  freertos.o(.data)
    .data                                    0x20000014   Section        4  can.o(.data)
    HAL_RCC_CAN1_CLK_ENABLED                 0x20000014   Data           4  can.o(.data)
    .data                                    0x20000018   Section       17  bsp_can.o(.data)
    i                                        0x20000028   Data           1  bsp_can.o(.data)
    .data                                    0x2000002a   Section        2  bsp_dma.o(.data)
    .data                                    0x2000002c   Section        9  stm32f4xx_hal.o(.data)
    .data                                    0x20000038   Section        4  system_stm32f4xx.o(.data)
    .data                                    0x2000003c   Section       60  tasks.o(.data)
    pxDelayedTaskList                        0x20000040   Data           4  tasks.o(.data)
    pxOverflowDelayedTaskList                0x20000044   Data           4  tasks.o(.data)
    uxDeletedTasksWaitingCleanUp             0x20000048   Data           4  tasks.o(.data)
    uxCurrentNumberOfTasks                   0x2000004c   Data           4  tasks.o(.data)
    xTickCount                               0x20000050   Data           4  tasks.o(.data)
    uxTopReadyPriority                       0x20000054   Data           4  tasks.o(.data)
    xSchedulerRunning                        0x20000058   Data           4  tasks.o(.data)
    xPendedTicks                             0x2000005c   Data           4  tasks.o(.data)
    xYieldPending                            0x20000060   Data           4  tasks.o(.data)
    xNumOfOverflows                          0x20000064   Data           4  tasks.o(.data)
    uxTaskNumber                             0x20000068   Data           4  tasks.o(.data)
    xNextTaskUnblockTime                     0x2000006c   Data           4  tasks.o(.data)
    xIdleTaskHandle                          0x20000070   Data           4  tasks.o(.data)
    uxSchedulerSuspended                     0x20000074   Data           4  tasks.o(.data)
    .data                                    0x20000078   Section       20  timers.o(.data)
    pxCurrentTimerList                       0x20000078   Data           4  timers.o(.data)
    pxOverflowTimerList                      0x2000007c   Data           4  timers.o(.data)
    xTimerQueue                              0x20000080   Data           4  timers.o(.data)
    xTimerTaskHandle                         0x20000084   Data           4  timers.o(.data)
    xLastTime                                0x20000088   Data           4  timers.o(.data)
    .data                                    0x2000008c   Section        4  cmsis_os2.o(.data)
    KernelState                              0x2000008c   Data           4  cmsis_os2.o(.data)
    .data                                    0x20000090   Section       32  heap_4.o(.data)
    xStart                                   0x20000090   Data           8  heap_4.o(.data)
    pxEnd                                    0x20000098   Data           4  heap_4.o(.data)
    xFreeBytesRemaining                      0x2000009c   Data           4  heap_4.o(.data)
    xMinimumEverFreeBytesRemaining           0x200000a0   Data           4  heap_4.o(.data)
    xNumberOfSuccessfulAllocations           0x200000a4   Data           4  heap_4.o(.data)
    xNumberOfSuccessfulFrees                 0x200000a8   Data           4  heap_4.o(.data)
    xBlockAllocatedBit                       0x200000ac   Data           4  heap_4.o(.data)
    .data                                    0x200000b0   Section       12  port.o(.data)
    uxCriticalNesting                        0x200000b0   Data           4  port.o(.data)
    ucMaxSysCallPriority                     0x200000b4   Data           1  port.o(.data)
    ulMaxPRIGROUPValue                       0x200000b8   Data           4  port.o(.data)
    .data                                    0x200000bc   Section        8  nground.o(.data)
    NCLink_Head                              0x200000bc   Data           2  nground.o(.data)
    NCLink_End                               0x200000be   Data           2  nground.o(.data)
    .data                                    0x200000c4   Section       12  chassis_behaviour.o(.data)
    chassis_behaviour_mode                   0x200000c4   Data           1  chassis_behaviour.o(.data)
    chassis_writhe_speed_fac                 0x200000c8   Data           4  chassis_behaviour.o(.data)
    max_angle                                0x200000cc   Data           4  chassis_behaviour.o(.data)
    .data                                    0x200000d0   Section       64  chassis_task.o(.data)
    total_ecd                                0x20000100   Data           4  chassis_task.o(.data)
    d_theta                                  0x20000104   Data           4  chassis_task.o(.data)
    swing_angle                              0x20000108   Data           4  chassis_task.o(.data)
    sin_angle                                0x2000010c   Data           4  chassis_task.o(.data)
    .bss                                     0x20000110   Section       80  can.o(.bss)
    .bss                                     0x20000160   Section      560  usart.o(.bss)
    .bss                                     0x20000390   Section       72  stm32f4xx_hal_timebase_tim.o(.bss)
    .bss                                     0x200003d8   Section      210  bsp_can.o(.bss)
    .bss                                     0x200004aa   Section      150  bsp_dma.o(.bss)
    .bss                                     0x20000540   Section       64  queue.o(.bss)
    .bss                                     0x20000580   Section     1220  tasks.o(.bss)
    pxReadyTasksLists                        0x20000580   Data        1120  tasks.o(.bss)
    xDelayedTaskList1                        0x200009e0   Data          20  tasks.o(.bss)
    xDelayedTaskList2                        0x200009f4   Data          20  tasks.o(.bss)
    xPendingReadyList                        0x20000a08   Data          20  tasks.o(.bss)
    xTasksWaitingTermination                 0x20000a1c   Data          20  tasks.o(.bss)
    xSuspendedTaskList                       0x20000a30   Data          20  tasks.o(.bss)
    .bss                                     0x20000a44   Section      280  timers.o(.bss)
    xActiveTimerList1                        0x20000a44   Data          20  timers.o(.bss)
    xActiveTimerList2                        0x20000a58   Data          20  timers.o(.bss)
    xStaticTimerQueue                        0x20000a6c   Data          80  timers.o(.bss)
    ucStaticTimerQueueStorage                0x20000abc   Data         160  timers.o(.bss)
    .bss                                     0x20000b5c   Section     1720  cmsis_os2.o(.bss)
    Idle_TCB                                 0x20000b5c   Data          92  cmsis_os2.o(.bss)
    Idle_Stack                               0x20000bb8   Data         512  cmsis_os2.o(.bss)
    Timer_TCB                                0x20000db8   Data          92  cmsis_os2.o(.bss)
    Timer_Stack                              0x20000e14   Data        1024  cmsis_os2.o(.bss)
    .bss                                     0x20001214   Section    15360  heap_4.o(.bss)
    ucHeap                                   0x20001214   Data       15360  heap_4.o(.bss)
    .bss                                     0x20004e14   Section      100  nground.o(.bss)
    .bss                                     0x20004e78   Section      524  chassis_task.o(.bss)
    .bss                                     0x20005084   Section      102  detect_tesk.o(.bss)
    errorList                                0x20005084   Data         102  detect_tesk.o(.bss)
    STACK                                    0x200050f0   Section     1024  startup_stm32f407xx.o(STACK)

    Global Symbols

    Symbol Name                              Value     Ov Type        Size  Object(Section)

    BuildAttributes$$THM_ISAv4$E$P$D$K$B$S$7EM$VFPi3$EXTD16$VFPS$VFMA$PE$A:L22UL41UL21$X:L11$S22US41US21$IEEE1$IW$USESV6$~STKCKD$USESV7$~SHL$OTIME$ROPI$IEEEX$EBA8$MICROLIB$REQ8$PRES8$EABIv2 0x00000000   Number         0  anon$$obj.o ABSOLUTE
    __ARM_use_no_argv                        0x00000000   Number         0  main.o ABSOLUTE
    __cpp_initialize__aeabi_                  - Undefined Weak Reference
    __cxa_finalize                            - Undefined Weak Reference
    __decompress                              - Undefined Weak Reference
    _clock_init                               - Undefined Weak Reference
    _microlib_exit                            - Undefined Weak Reference
    __Vectors_Size                           0x00000188   Number         0  startup_stm32f407xx.o ABSOLUTE
    __Vectors                                0x08000000   Data           4  startup_stm32f407xx.o(RESET)
    __Vectors_End                            0x08000188   Data           0  startup_stm32f407xx.o(RESET)
    __main                                   0x08000189   Thumb Code     0  entry.o(.ARM.Collect$$$$00000000)
    _main_stk                                0x08000189   Thumb Code     0  entry2.o(.ARM.Collect$$$$00000001)
    _main_scatterload                        0x0800018d   Thumb Code     0  entry5.o(.ARM.Collect$$$$00000004)
    __main_after_scatterload                 0x08000191   Thumb Code     0  entry5.o(.ARM.Collect$$$$00000004)
    _main_clock                              0x08000191   Thumb Code     0  entry7b.o(.ARM.Collect$$$$00000008)
    _main_cpp_init                           0x08000191   Thumb Code     0  entry8b.o(.ARM.Collect$$$$0000000A)
    _main_init                               0x08000191   Thumb Code     0  entry9a.o(.ARM.Collect$$$$0000000B)
    __rt_final_cpp                           0x08000199   Thumb Code     0  entry10a.o(.ARM.Collect$$$$0000000D)
    __rt_final_exit                          0x08000199   Thumb Code     0  entry11a.o(.ARM.Collect$$$$0000000F)
    SVC_Handler                              0x0800019d   Thumb Code    28  port.o(.emb_text)
    __asm___6_port_c_39a90d8d__prvStartFirstTask 0x080001bd   Thumb Code    36  port.o(.emb_text)
    __asm___6_port_c_39a90d8d__prvEnableVFP  0x080001e5   Thumb Code    16  port.o(.emb_text)
    PendSV_Handler                           0x080001f9   Thumb Code    88  port.o(.emb_text)
    vPortGetIPSR                             0x08000255   Thumb Code     6  port.o(.emb_text)
    Reset_Handler                            0x0800025d   Thumb Code     8  startup_stm32f407xx.o(.text)
    ADC_IRQHandler                           0x08000277   Thumb Code     0  startup_stm32f407xx.o(.text)
    CAN1_RX1_IRQHandler                      0x08000277   Thumb Code     0  startup_stm32f407xx.o(.text)
    CAN1_SCE_IRQHandler                      0x08000277   Thumb Code     0  startup_stm32f407xx.o(.text)
    CAN1_TX_IRQHandler                       0x08000277   Thumb Code     0  startup_stm32f407xx.o(.text)
    CAN2_RX1_IRQHandler                      0x08000277   Thumb Code     0  startup_stm32f407xx.o(.text)
    CAN2_SCE_IRQHandler                      0x08000277   Thumb Code     0  startup_stm32f407xx.o(.text)
    CAN2_TX_IRQHandler                       0x08000277   Thumb Code     0  startup_stm32f407xx.o(.text)
    DCMI_IRQHandler                          0x08000277   Thumb Code     0  startup_stm32f407xx.o(.text)
    DMA1_Stream0_IRQHandler                  0x08000277   Thumb Code     0  startup_stm32f407xx.o(.text)
    DMA1_Stream2_IRQHandler                  0x08000277   Thumb Code     0  startup_stm32f407xx.o(.text)
    DMA1_Stream3_IRQHandler                  0x08000277   Thumb Code     0  startup_stm32f407xx.o(.text)
    DMA1_Stream4_IRQHandler                  0x08000277   Thumb Code     0  startup_stm32f407xx.o(.text)
    DMA1_Stream6_IRQHandler                  0x08000277   Thumb Code     0  startup_stm32f407xx.o(.text)
    DMA1_Stream7_IRQHandler                  0x08000277   Thumb Code     0  startup_stm32f407xx.o(.text)
    DMA2_Stream0_IRQHandler                  0x08000277   Thumb Code     0  startup_stm32f407xx.o(.text)
    DMA2_Stream2_IRQHandler                  0x08000277   Thumb Code     0  startup_stm32f407xx.o(.text)
    DMA2_Stream3_IRQHandler                  0x08000277   Thumb Code     0  startup_stm32f407xx.o(.text)
    DMA2_Stream4_IRQHandler                  0x08000277   Thumb Code     0  startup_stm32f407xx.o(.text)
    DMA2_Stream5_IRQHandler                  0x08000277   Thumb Code     0  startup_stm32f407xx.o(.text)
    DMA2_Stream6_IRQHandler                  0x08000277   Thumb Code     0  startup_stm32f407xx.o(.text)
    DMA2_Stream7_IRQHandler                  0x08000277   Thumb Code     0  startup_stm32f407xx.o(.text)
    ETH_IRQHandler                           0x08000277   Thumb Code     0  startup_stm32f407xx.o(.text)
    ETH_WKUP_IRQHandler                      0x08000277   Thumb Code     0  startup_stm32f407xx.o(.text)
    EXTI0_IRQHandler                         0x08000277   Thumb Code     0  startup_stm32f407xx.o(.text)
    EXTI15_10_IRQHandler                     0x08000277   Thumb Code     0  startup_stm32f407xx.o(.text)
    EXTI1_IRQHandler                         0x08000277   Thumb Code     0  startup_stm32f407xx.o(.text)
    EXTI2_IRQHandler                         0x08000277   Thumb Code     0  startup_stm32f407xx.o(.text)
    EXTI3_IRQHandler                         0x08000277   Thumb Code     0  startup_stm32f407xx.o(.text)
    EXTI4_IRQHandler                         0x08000277   Thumb Code     0  startup_stm32f407xx.o(.text)
    EXTI9_5_IRQHandler                       0x08000277   Thumb Code     0  startup_stm32f407xx.o(.text)
    FLASH_IRQHandler                         0x08000277   Thumb Code     0  startup_stm32f407xx.o(.text)
    FMC_IRQHandler                           0x08000277   Thumb Code     0  startup_stm32f407xx.o(.text)
    FPU_IRQHandler                           0x08000277   Thumb Code     0  startup_stm32f407xx.o(.text)
    HASH_RNG_IRQHandler                      0x08000277   Thumb Code     0  startup_stm32f407xx.o(.text)
    I2C1_ER_IRQHandler                       0x08000277   Thumb Code     0  startup_stm32f407xx.o(.text)
    I2C1_EV_IRQHandler                       0x08000277   Thumb Code     0  startup_stm32f407xx.o(.text)
    I2C2_ER_IRQHandler                       0x08000277   Thumb Code     0  startup_stm32f407xx.o(.text)
    I2C2_EV_IRQHandler                       0x08000277   Thumb Code     0  startup_stm32f407xx.o(.text)
    I2C3_ER_IRQHandler                       0x08000277   Thumb Code     0  startup_stm32f407xx.o(.text)
    I2C3_EV_IRQHandler                       0x08000277   Thumb Code     0  startup_stm32f407xx.o(.text)
    OTG_FS_IRQHandler                        0x08000277   Thumb Code     0  startup_stm32f407xx.o(.text)
    OTG_FS_WKUP_IRQHandler                   0x08000277   Thumb Code     0  startup_stm32f407xx.o(.text)
    OTG_HS_EP1_IN_IRQHandler                 0x08000277   Thumb Code     0  startup_stm32f407xx.o(.text)
    OTG_HS_EP1_OUT_IRQHandler                0x08000277   Thumb Code     0  startup_stm32f407xx.o(.text)
    OTG_HS_IRQHandler                        0x08000277   Thumb Code     0  startup_stm32f407xx.o(.text)
    OTG_HS_WKUP_IRQHandler                   0x08000277   Thumb Code     0  startup_stm32f407xx.o(.text)
    PVD_IRQHandler                           0x08000277   Thumb Code     0  startup_stm32f407xx.o(.text)
    RCC_IRQHandler                           0x08000277   Thumb Code     0  startup_stm32f407xx.o(.text)
    RTC_Alarm_IRQHandler                     0x08000277   Thumb Code     0  startup_stm32f407xx.o(.text)
    RTC_WKUP_IRQHandler                      0x08000277   Thumb Code     0  startup_stm32f407xx.o(.text)
    SDIO_IRQHandler                          0x08000277   Thumb Code     0  startup_stm32f407xx.o(.text)
    SPI1_IRQHandler                          0x08000277   Thumb Code     0  startup_stm32f407xx.o(.text)
    SPI2_IRQHandler                          0x08000277   Thumb Code     0  startup_stm32f407xx.o(.text)
    SPI3_IRQHandler                          0x08000277   Thumb Code     0  startup_stm32f407xx.o(.text)
    TAMP_STAMP_IRQHandler                    0x08000277   Thumb Code     0  startup_stm32f407xx.o(.text)
    TIM1_BRK_TIM9_IRQHandler                 0x08000277   Thumb Code     0  startup_stm32f407xx.o(.text)
    TIM1_CC_IRQHandler                       0x08000277   Thumb Code     0  startup_stm32f407xx.o(.text)
    TIM1_TRG_COM_TIM11_IRQHandler            0x08000277   Thumb Code     0  startup_stm32f407xx.o(.text)
    TIM1_UP_TIM10_IRQHandler                 0x08000277   Thumb Code     0  startup_stm32f407xx.o(.text)
    TIM2_IRQHandler                          0x08000277   Thumb Code     0  startup_stm32f407xx.o(.text)
    TIM3_IRQHandler                          0x08000277   Thumb Code     0  startup_stm32f407xx.o(.text)
    TIM4_IRQHandler                          0x08000277   Thumb Code     0  startup_stm32f407xx.o(.text)
    TIM5_IRQHandler                          0x08000277   Thumb Code     0  startup_stm32f407xx.o(.text)
    TIM6_DAC_IRQHandler                      0x08000277   Thumb Code     0  startup_stm32f407xx.o(.text)
    TIM7_IRQHandler                          0x08000277   Thumb Code     0  startup_stm32f407xx.o(.text)
    TIM8_BRK_TIM12_IRQHandler                0x08000277   Thumb Code     0  startup_stm32f407xx.o(.text)
    TIM8_CC_IRQHandler                       0x08000277   Thumb Code     0  startup_stm32f407xx.o(.text)
    TIM8_UP_TIM13_IRQHandler                 0x08000277   Thumb Code     0  startup_stm32f407xx.o(.text)
    UART4_IRQHandler                         0x08000277   Thumb Code     0  startup_stm32f407xx.o(.text)
    UART5_IRQHandler                         0x08000277   Thumb Code     0  startup_stm32f407xx.o(.text)
    USART1_IRQHandler                        0x08000277   Thumb Code     0  startup_stm32f407xx.o(.text)
    USART6_IRQHandler                        0x08000277   Thumb Code     0  startup_stm32f407xx.o(.text)
    WWDG_IRQHandler                          0x08000277   Thumb Code     0  startup_stm32f407xx.o(.text)
    arm_cos_f32                              0x08000281   Thumb Code   108  arm_cos_f32.o(.text)
    arm_sin_f32                              0x080002f9   Thumb Code   104  arm_sin_f32.o(.text)
    __aeabi_uldivmod                         0x0800036d   Thumb Code    98  uldiv.o(.text)
    __aeabi_memcpy                           0x080003cf   Thumb Code    36  memcpya.o(.text)
    __aeabi_memcpy4                          0x080003cf   Thumb Code     0  memcpya.o(.text)
    __aeabi_memcpy8                          0x080003cf   Thumb Code     0  memcpya.o(.text)
    __aeabi_memset                           0x080003f3   Thumb Code    14  memseta.o(.text)
    __aeabi_memset4                          0x080003f3   Thumb Code     0  memseta.o(.text)
    __aeabi_memset8                          0x080003f3   Thumb Code     0  memseta.o(.text)
    __aeabi_memclr                           0x08000401   Thumb Code     4  memseta.o(.text)
    __aeabi_memclr4                          0x08000401   Thumb Code     0  memseta.o(.text)
    __aeabi_memclr8                          0x08000401   Thumb Code     0  memseta.o(.text)
    memset                                   0x08000405   Thumb Code    18  memseta.o(.text)
    __aeabi_dmul                             0x08000417   Thumb Code   228  dmul.o(.text)
    __aeabi_ddiv                             0x080004fb   Thumb Code   222  ddiv.o(.text)
    __aeabi_i2d                              0x080005d9   Thumb Code    34  dflti.o(.text)
    __aeabi_f2d                              0x080005fb   Thumb Code    38  f2d.o(.text)
    __aeabi_d2f                              0x08000621   Thumb Code    56  d2f.o(.text)
    __aeabi_llsl                             0x08000659   Thumb Code    30  llshl.o(.text)
    _ll_shift_l                              0x08000659   Thumb Code     0  llshl.o(.text)
    __aeabi_llsr                             0x08000677   Thumb Code    32  llushr.o(.text)
    _ll_ushift_r                             0x08000677   Thumb Code     0  llushr.o(.text)
    __I$use$fp                               0x08000697   Thumb Code     0  iusefp.o(.text)
    _float_round                             0x08000697   Thumb Code    18  fepilogue.o(.text)
    _float_epilogue                          0x080006a9   Thumb Code    92  fepilogue.o(.text)
    _double_round                            0x08000705   Thumb Code    30  depilogue.o(.text)
    _double_epilogue                         0x08000723   Thumb Code   156  depilogue.o(.text)
    __scatterload                            0x080007c1   Thumb Code    28  init.o(.text)
    __scatterload_rt2                        0x080007c1   Thumb Code     0  init.o(.text)
    BusFault_Handler                         0x080007e5   Thumb Code     4  stm32f4xx_it.o(i.BusFault_Handler)
    CAN1_RX0_IRQHandler                      0x080007e9   Thumb Code    10  stm32f4xx_it.o(i.CAN1_RX0_IRQHandler)
    CAN2_RX0_IRQHandler                      0x080007f9   Thumb Code    10  stm32f4xx_it.o(i.CAN2_RX0_IRQHandler)
    CAN_cmd_chassis                          0x08000809   Thumb Code    68  bsp_can.o(i.CAN_cmd_chassis)
    Can2_init                                0x08000921   Thumb Code    22  bsp_can.o(i.Can2_init)
    Can_init                                 0x0800093d   Thumb Code    22  bsp_can.o(i.Can_init)
    DMA1_Stream1_IRQHandler                  0x08000959   Thumb Code    10  stm32f4xx_it.o(i.DMA1_Stream1_IRQHandler)
    DMA1_Stream5_IRQHandler                  0x08000969   Thumb Code    10  stm32f4xx_it.o(i.DMA1_Stream5_IRQHandler)
    DMA2_Stream1_IRQHandler                  0x08000979   Thumb Code    10  stm32f4xx_it.o(i.DMA2_Stream1_IRQHandler)
    DebugMon_Handler                         0x08000a93   Thumb Code     2  stm32f4xx_it.o(i.DebugMon_Handler)
    DetectHook                               0x08000a95   Thumb Code    20  detect_tesk.o(i.DetectHook)
    DetectInit                               0x08000aad   Thumb Code    32  detect_tesk.o(i.DetectInit)
    Detect_Judeg                             0x08000ad1   Thumb Code    22  detect_tesk.o(i.Detect_Judeg)
    Detect_Task                              0x08000aed   Thumb Code   256  detect_tesk.o(i.Detect_Task)
    Error_Handler                            0x08000bf1   Thumb Code     6  main.o(i.Error_Handler)
    Float2Byte                               0x08000bf9   Thumb Code    96  nground.o(i.Float2Byte)
    Get_Remote_info                          0x08000c5d   Thumb Code   210  bsp_dma.o(i.Get_Remote_info)
    HAL_CAN_ActivateNotification             0x08000d2f   Thumb Code    42  stm32f4xx_hal_can.o(i.HAL_CAN_ActivateNotification)
    HAL_CAN_AddTxMessage                     0x08000d59   Thumb Code   342  stm32f4xx_hal_can.o(i.HAL_CAN_AddTxMessage)
    HAL_CAN_ConfigFilter                     0x08000eb1   Thumb Code   286  stm32f4xx_hal_can.o(i.HAL_CAN_ConfigFilter)
    HAL_CAN_ErrorCallback                    0x08000fd5   Thumb Code     2  stm32f4xx_hal_can.o(i.HAL_CAN_ErrorCallback)
    HAL_CAN_GetRxMessage                     0x08000fd7   Thumb Code   378  stm32f4xx_hal_can.o(i.HAL_CAN_GetRxMessage)
    HAL_CAN_IRQHandler                       0x08001151   Thumb Code   590  stm32f4xx_hal_can.o(i.HAL_CAN_IRQHandler)
    HAL_CAN_Init                             0x0800139f   Thumb Code   372  stm32f4xx_hal_can.o(i.HAL_CAN_Init)
    HAL_CAN_MspInit                          0x08001515   Thumb Code   314  can.o(i.HAL_CAN_MspInit)
    HAL_CAN_RxFifo0FullCallback              0x08001669   Thumb Code     2  stm32f4xx_hal_can.o(i.HAL_CAN_RxFifo0FullCallback)
    HAL_CAN_RxFifo0MsgPendingCallback        0x0800166d   Thumb Code    66  bsp_can.o(i.HAL_CAN_RxFifo0MsgPendingCallback)
    HAL_CAN_RxFifo1FullCallback              0x080016b9   Thumb Code     2  stm32f4xx_hal_can.o(i.HAL_CAN_RxFifo1FullCallback)
    HAL_CAN_RxFifo1MsgPendingCallback        0x080016bb   Thumb Code     2  stm32f4xx_hal_can.o(i.HAL_CAN_RxFifo1MsgPendingCallback)
    HAL_CAN_SleepCallback                    0x080016bd   Thumb Code     2  stm32f4xx_hal_can.o(i.HAL_CAN_SleepCallback)
    HAL_CAN_Start                            0x080016bf   Thumb Code    94  stm32f4xx_hal_can.o(i.HAL_CAN_Start)
    HAL_CAN_TxMailbox0AbortCallback          0x0800171d   Thumb Code     2  stm32f4xx_hal_can.o(i.HAL_CAN_TxMailbox0AbortCallback)
    HAL_CAN_TxMailbox0CompleteCallback       0x0800171f   Thumb Code     2  stm32f4xx_hal_can.o(i.HAL_CAN_TxMailbox0CompleteCallback)
    HAL_CAN_TxMailbox1AbortCallback          0x08001721   Thumb Code     2  stm32f4xx_hal_can.o(i.HAL_CAN_TxMailbox1AbortCallback)
    HAL_CAN_TxMailbox1CompleteCallback       0x08001723   Thumb Code     2  stm32f4xx_hal_can.o(i.HAL_CAN_TxMailbox1CompleteCallback)
    HAL_CAN_TxMailbox2AbortCallback          0x08001725   Thumb Code     2  stm32f4xx_hal_can.o(i.HAL_CAN_TxMailbox2AbortCallback)
    HAL_CAN_TxMailbox2CompleteCallback       0x08001727   Thumb Code     2  stm32f4xx_hal_can.o(i.HAL_CAN_TxMailbox2CompleteCallback)
    HAL_CAN_WakeUpFromRxMsgCallback          0x08001729   Thumb Code     2  stm32f4xx_hal_can.o(i.HAL_CAN_WakeUpFromRxMsgCallback)
    HAL_DMA_Abort                            0x0800172b   Thumb Code   172  stm32f4xx_hal_dma.o(i.HAL_DMA_Abort)
    HAL_DMA_Abort_IT                         0x080017d7   Thumb Code    40  stm32f4xx_hal_dma.o(i.HAL_DMA_Abort_IT)
    HAL_DMA_IRQHandler                       0x08001801   Thumb Code   570  stm32f4xx_hal_dma.o(i.HAL_DMA_IRQHandler)
    HAL_DMA_Init                             0x08001a41   Thumb Code   232  stm32f4xx_hal_dma.o(i.HAL_DMA_Init)
    HAL_DMA_Start_IT                         0x08001b2d   Thumb Code   146  stm32f4xx_hal_dma.o(i.HAL_DMA_Start_IT)
    HAL_GPIO_Init                            0x08001bc1   Thumb Code   454  stm32f4xx_hal_gpio.o(i.HAL_GPIO_Init)
    HAL_GetTick                              0x08001db5   Thumb Code     6  stm32f4xx_hal.o(i.HAL_GetTick)
    HAL_IncTick                              0x08001dc1   Thumb Code    16  stm32f4xx_hal.o(i.HAL_IncTick)
    HAL_Init                                 0x08001dd9   Thumb Code    54  stm32f4xx_hal.o(i.HAL_Init)
    HAL_InitTick                             0x08001e15   Thumb Code   160  stm32f4xx_hal_timebase_tim.o(i.HAL_InitTick)
    HAL_MspInit                              0x08001ec9   Thumb Code    78  stm32f4xx_hal_msp.o(i.HAL_MspInit)
    HAL_NVIC_EnableIRQ                       0x08001f1d   Thumb Code    32  stm32f4xx_hal_cortex.o(i.HAL_NVIC_EnableIRQ)
    HAL_NVIC_SetPriority                     0x08001f3d   Thumb Code   124  stm32f4xx_hal_cortex.o(i.HAL_NVIC_SetPriority)
    HAL_NVIC_SetPriorityGrouping             0x08001fb9   Thumb Code    32  stm32f4xx_hal_cortex.o(i.HAL_NVIC_SetPriorityGrouping)
    HAL_RCC_ClockConfig                      0x08001fe1   Thumb Code   368  stm32f4xx_hal_rcc.o(i.HAL_RCC_ClockConfig)
    HAL_RCC_GetClockConfig                   0x08002165   Thumb Code    58  stm32f4xx_hal_rcc.o(i.HAL_RCC_GetClockConfig)
    HAL_RCC_GetHCLKFreq                      0x080021a9   Thumb Code     6  stm32f4xx_hal_rcc.o(i.HAL_RCC_GetHCLKFreq)
    HAL_RCC_GetPCLK1Freq                     0x080021b5   Thumb Code    22  stm32f4xx_hal_rcc.o(i.HAL_RCC_GetPCLK1Freq)
    HAL_RCC_GetPCLK2Freq                     0x080021d5   Thumb Code    22  stm32f4xx_hal_rcc.o(i.HAL_RCC_GetPCLK2Freq)
    HAL_RCC_GetSysClockFreq                  0x080021f5   Thumb Code   162  stm32f4xx_hal_rcc.o(i.HAL_RCC_GetSysClockFreq)
    HAL_RCC_OscConfig                        0x080022a5   Thumb Code  1172  stm32f4xx_hal_rcc.o(i.HAL_RCC_OscConfig)
    HAL_TIMEx_BreakCallback                  0x08002741   Thumb Code     2  stm32f4xx_hal_tim_ex.o(i.HAL_TIMEx_BreakCallback)
    HAL_TIMEx_CommutCallback                 0x08002743   Thumb Code     2  stm32f4xx_hal_tim_ex.o(i.HAL_TIMEx_CommutCallback)
    HAL_TIM_Base_Init                        0x08002745   Thumb Code   102  stm32f4xx_hal_tim.o(i.HAL_TIM_Base_Init)
    HAL_TIM_Base_MspInit                     0x080027ab   Thumb Code     2  stm32f4xx_hal_tim.o(i.HAL_TIM_Base_MspInit)
    HAL_TIM_Base_Start_IT                    0x080027ad   Thumb Code   138  stm32f4xx_hal_tim.o(i.HAL_TIM_Base_Start_IT)
    HAL_TIM_IC_CaptureCallback               0x08002855   Thumb Code     2  stm32f4xx_hal_tim.o(i.HAL_TIM_IC_CaptureCallback)
    HAL_TIM_IRQHandler                       0x08002857   Thumb Code   406  stm32f4xx_hal_tim.o(i.HAL_TIM_IRQHandler)
    HAL_TIM_OC_DelayElapsedCallback          0x080029ed   Thumb Code     2  stm32f4xx_hal_tim.o(i.HAL_TIM_OC_DelayElapsedCallback)
    HAL_TIM_PWM_PulseFinishedCallback        0x080029ef   Thumb Code     2  stm32f4xx_hal_tim.o(i.HAL_TIM_PWM_PulseFinishedCallback)
    HAL_TIM_PeriodElapsedCallback            0x080029f1   Thumb Code    18  main.o(i.HAL_TIM_PeriodElapsedCallback)
    HAL_TIM_TriggerCallback                  0x08002a09   Thumb Code     2  stm32f4xx_hal_tim.o(i.HAL_TIM_TriggerCallback)
    HAL_UARTEx_RxEventCallback               0x08002a0b   Thumb Code     2  stm32f4xx_hal_uart.o(i.HAL_UARTEx_RxEventCallback)
    HAL_UART_ErrorCallback                   0x08002a0d   Thumb Code     2  stm32f4xx_hal_uart.o(i.HAL_UART_ErrorCallback)
    HAL_UART_IRQHandler                      0x08002a11   Thumb Code   732  stm32f4xx_hal_uart.o(i.HAL_UART_IRQHandler)
    HAL_UART_Init                            0x08002cf1   Thumb Code   114  stm32f4xx_hal_uart.o(i.HAL_UART_Init)
    HAL_UART_MspInit                         0x08002d65   Thumb Code   710  usart.o(i.HAL_UART_MspInit)
    HAL_UART_Receive_DMA                     0x08003065   Thumb Code    66  stm32f4xx_hal_uart.o(i.HAL_UART_Receive_DMA)
    HAL_UART_RxCpltCallback                  0x080030a7   Thumb Code     2  stm32f4xx_hal_uart.o(i.HAL_UART_RxCpltCallback)
    HAL_UART_RxHalfCpltCallback              0x080030a9   Thumb Code     2  stm32f4xx_hal_uart.o(i.HAL_UART_RxHalfCpltCallback)
    HAL_UART_Transmit                        0x080030ab   Thumb Code   210  stm32f4xx_hal_uart.o(i.HAL_UART_Transmit)
    HAL_UART_TxCpltCallback                  0x0800317d   Thumb Code     2  stm32f4xx_hal_uart.o(i.HAL_UART_TxCpltCallback)
    HardFault_Handler                        0x0800317f   Thumb Code     4  stm32f4xx_it.o(i.HardFault_Handler)
    LimitMax                                 0x08003183   Thumb Code   150  pid.o(i.LimitMax)
    MX_CAN1_Init                             0x08003219   Thumb Code    58  can.o(i.MX_CAN1_Init)
    MX_CAN2_Init                             0x0800325d   Thumb Code    58  can.o(i.MX_CAN2_Init)
    MX_DMA_Init                              0x080032a1   Thumb Code    98  dma.o(i.MX_DMA_Init)
    MX_FREERTOS_Init                         0x08003309   Thumb Code    46  freertos.o(i.MX_FREERTOS_Init)
    MX_GPIO_Init                             0x0800335d   Thumb Code   156  gpio.o(i.MX_GPIO_Init)
    MX_USART1_UART_Init                      0x08003431   Thumb Code    46  usart.o(i.MX_USART1_UART_Init)
    MX_USART2_UART_Init                      0x08003469   Thumb Code    48  usart.o(i.MX_USART2_UART_Init)
    MX_USART3_UART_Init                      0x080034a5   Thumb Code    46  usart.o(i.MX_USART3_UART_Init)
    MX_USART6_UART_Init                      0x080034dd   Thumb Code    46  usart.o(i.MX_USART6_UART_Init)
    MemManage_Handler                        0x08003515   Thumb Code     4  stm32f4xx_it.o(i.MemManage_Handler)
    NCLink_Send_Userdata                     0x08003519   Thumb Code   204  nground.o(i.NCLink_Send_Userdata)
    NMI_Handler                              0x080035f1   Thumb Code     4  stm32f4xx_it.o(i.NMI_Handler)
    PID_calc                                 0x080035f5   Thumb Code   186  pid.o(i.PID_calc)
    PID_init                                 0x080036b5   Thumb Code    92  pid.o(i.PID_init)
    RC_Init                                  0x08003715   Thumb Code    34  bsp_dma.o(i.RC_Init)
    Serial_Data_Send                         0x0800373d   Thumb Code    20  nground.o(i.Serial_Data_Send)
    StartTask02                              0x08003755   Thumb Code    38  freertos.o(i.StartTask02)
    SysTick_Handler                          0x0800377b   Thumb Code    22  cmsis_os2.o(i.SysTick_Handler)
    SystemClock_Config                       0x08003791   Thumb Code   174  main.o(i.SystemClock_Config)
    SystemInit                               0x08003849   Thumb Code    14  system_stm32f4xx.o(i.SystemInit)
    TIM8_TRG_COM_TIM14_IRQHandler            0x0800385d   Thumb Code    10  stm32f4xx_it.o(i.TIM8_TRG_COM_TIM14_IRQHandler)
    TIM_Base_SetConfig                       0x0800386d   Thumb Code   170  stm32f4xx_hal_tim.o(i.TIM_Base_SetConfig)
    UART_Start_Receive_DMA                   0x08003e51   Thumb Code   196  stm32f4xx_hal_uart.o(i.UART_Start_Receive_DMA)
    USART2_IRQHandler                        0x08004015   Thumb Code   204  bsp_dma.o(i.USART2_IRQHandler)
    USART3_IRQHandler                        0x080040f5   Thumb Code    10  stm32f4xx_it.o(i.USART3_IRQHandler)
    UsageFault_Handler                       0x08004105   Thumb Code     4  stm32f4xx_it.o(i.UsageFault_Handler)
    __scatterload_copy                       0x08004147   Thumb Code    14  handlers.o(i.__scatterload_copy)
    __scatterload_null                       0x08004155   Thumb Code     2  handlers.o(i.__scatterload_null)
    __scatterload_zeroinit                   0x08004157   Thumb Code    14  handlers.o(i.__scatterload_zeroinit)
    can2_filter_init                         0x08004165   Thumb Code    50  bsp_can.o(i.can2_filter_init)
    can_filter_init                          0x0800419d   Thumb Code    46  bsp_can.o(i.can_filter_init)
    chassis_behaviour_control_set            0x080041d1   Thumb Code   112  chassis_behaviour.o(i.chassis_behaviour_control_set)
    chassis_behaviour_mode_set               0x08004245   Thumb Code   114  chassis_behaviour.o(i.chassis_behaviour_mode_set)
    chassis_rc_to_control_vector             0x08004715   Thumb Code   222  chassis_task.o(i.chassis_rc_to_control_vector)
    chassis_task                             0x08004a19   Thumb Code   138  chassis_task.o(i.chassis_task)
    fp32_constrain                           0x08004ba5   Thumb Code    42  user_lib.o(i.fp32_constrain)
    get_Chassis_Motor_Measure_Point          0x08004bd1   Thumb Code    18  bsp_can.o(i.get_Chassis_Motor_Measure_Point)
    get_Yaw_Gimbal_Motor_Measure_Point       0x08004be9   Thumb Code     4  bsp_can.o(i.get_Yaw_Gimbal_Motor_Measure_Point)
    get_motor_measure                        0x08004bf1   Thumb Code   100  bsp_can.o(i.get_motor_measure)
    get_remote_control_point                 0x08004c55   Thumb Code     4  bsp_dma.o(i.get_remote_control_point)
    loop_fp32_constrain                      0x08004c5d   Thumb Code    96  user_lib.o(i.loop_fp32_constrain)
    main                                     0x08004cbd   Thumb Code    72  main.o(i.main)
    osDelay                                  0x08004d05   Thumb Code    30  cmsis_os2.o(i.osDelay)
    osKernelInitialize                       0x08004d25   Thumb Code    38  cmsis_os2.o(i.osKernelInitialize)
    osKernelStart                            0x08004d51   Thumb Code    82  cmsis_os2.o(i.osKernelStart)
    osThreadNew                              0x08004db1   Thumb Code   184  cmsis_os2.o(i.osThreadNew)
    pvPortMalloc                             0x0800588d   Thumb Code   306  heap_4.o(i.pvPortMalloc)
    pxPortInitialiseStack                    0x080059d9   Thumb Code    38  port.o(i.pxPortInitialiseStack)
    remote_control_init                      0x08005a05   Thumb Code    12  bsp_dma.o(i.remote_control_init)
    theta_format                             0x08005a15   Thumb Code    24  user_lib.o(i.theta_format)
    uxListRemove                             0x08005a35   Thumb Code    40  list.o(i.uxListRemove)
    vApplicationGetIdleTaskMemory            0x08005a5d   Thumb Code    14  cmsis_os2.o(i.vApplicationGetIdleTaskMemory)
    vApplicationGetTimerTaskMemory           0x08005a75   Thumb Code    16  cmsis_os2.o(i.vApplicationGetTimerTaskMemory)
    vListInitialise                          0x08005a8d   Thumb Code    26  list.o(i.vListInitialise)
    vListInitialiseItem                      0x08005aa7   Thumb Code     6  list.o(i.vListInitialiseItem)
    vListInsert                              0x08005aad   Thumb Code    52  list.o(i.vListInsert)
    vListInsertEnd                           0x08005ae1   Thumb Code    24  list.o(i.vListInsertEnd)
    vPortEnterCritical                       0x08005af9   Thumb Code    76  port.o(i.vPortEnterCritical)
    vPortExitCritical                        0x08005b4d   Thumb Code    56  port.o(i.vPortExitCritical)
    vPortFree                                0x08005b89   Thumb Code   150  heap_4.o(i.vPortFree)
    vPortSetupTimerInterrupt                 0x08005c2d   Thumb Code    36  port.o(i.vPortSetupTimerInterrupt)
    vPortValidateInterruptPriority           0x08005c55   Thumb Code   106  port.o(i.vPortValidateInterruptPriority)
    vQueueAddToRegistry                      0x08005ccd   Thumb Code    38  queue.o(i.vQueueAddToRegistry)
    vQueueWaitForMessageRestricted           0x08005cf9   Thumb Code    74  queue.o(i.vQueueWaitForMessageRestricted)
    vTaskDelay                               0x08005d45   Thumb Code    82  tasks.o(i.vTaskDelay)
    vTaskInternalSetTimeOutState             0x08005da1   Thumb Code    14  tasks.o(i.vTaskInternalSetTimeOutState)
    vTaskMissedYield                         0x08005db9   Thumb Code     8  tasks.o(i.vTaskMissedYield)
    vTaskPlaceOnEventList                    0x08005dc5   Thumb Code    52  tasks.o(i.vTaskPlaceOnEventList)
    vTaskPlaceOnEventListRestricted          0x08005dfd   Thumb Code    60  tasks.o(i.vTaskPlaceOnEventListRestricted)
    vTaskStartScheduler                      0x08005e3d   Thumb Code   156  tasks.o(i.vTaskStartScheduler)
    vTaskSuspendAll                          0x08005ef5   Thumb Code    12  tasks.o(i.vTaskSuspendAll)
    vTaskSwitchContext                       0x08005f05   Thumb Code   122  tasks.o(i.vTaskSwitchContext)
    xPortStartScheduler                      0x08005f95   Thumb Code   330  port.o(i.xPortStartScheduler)
    xPortSysTickHandler                      0x080060fd   Thumb Code    46  port.o(i.xPortSysTickHandler)
    xQueueGenericCreateStatic                0x08006131   Thumb Code   224  queue.o(i.xQueueGenericCreateStatic)
    xQueueGenericReset                       0x08006211   Thumb Code   146  queue.o(i.xQueueGenericReset)
    xQueueGenericSend                        0x080062a9   Thumb Code   420  queue.o(i.xQueueGenericSend)
    xQueueGenericSendFromISR                 0x08006451   Thumb Code   252  queue.o(i.xQueueGenericSendFromISR)
    xQueueReceive                            0x0800654d   Thumb Code   356  queue.o(i.xQueueReceive)
    xTaskCheckForTimeOut                     0x080066b5   Thumb Code   132  tasks.o(i.xTaskCheckForTimeOut)
    xTaskCreate                              0x08006741   Thumb Code   100  tasks.o(i.xTaskCreate)
    xTaskCreateStatic                        0x080067a5   Thumb Code   186  tasks.o(i.xTaskCreateStatic)
    xTaskGetSchedulerState                   0x08006861   Thumb Code    24  tasks.o(i.xTaskGetSchedulerState)
    xTaskGetTickCount                        0x08006881   Thumb Code     6  tasks.o(i.xTaskGetTickCount)
    xTaskIncrementTick                       0x0800688d   Thumb Code   280  tasks.o(i.xTaskIncrementTick)
    xTaskPriorityDisinherit                  0x080069d1   Thumb Code   152  tasks.o(i.xTaskPriorityDisinherit)
    xTaskRemoveFromEventList                 0x08006a75   Thumb Code   126  tasks.o(i.xTaskRemoveFromEventList)
    xTaskResumeAll                           0x08006b0d   Thumb Code   222  tasks.o(i.xTaskResumeAll)
    xTimerCreateTimerTask                    0x08006c11   Thumb Code   100  timers.o(i.xTimerCreateTimerTask)
    xTimerGenericCommand                     0x08006c89   Thumb Code   128  timers.o(i.xTimerGenericCommand)
    chassis_attributes                       0x08006d0c   Data          36  freertos.o(.constdata)
    myTask02_attributes                      0x08006d30   Data          36  freertos.o(.constdata)
    DetectTask_attributes                    0x08006d54   Data          36  freertos.o(.constdata)
    AHBPrescTable                            0x08006d80   Data          16  system_stm32f4xx.o(.constdata)
    APBPrescTable                            0x08006d90   Data           8  system_stm32f4xx.o(.constdata)
    sinTable_f32                             0x08006d98   Data        2052  arm_common_tables.o(.constdata)
    Region$$Table$$Base                      0x080075bc   Number         0  anon$$obj.o(Region$$Table)
    Region$$Table$$Limit                     0x080075dc   Number         0  anon$$obj.o(Region$$Table)
    i                                        0x20000000   Data           4  freertos.o(.data)
    speed                                    0x20000004   Data           2  freertos.o(.data)
    chassisHandle                            0x20000008   Data           4  freertos.o(.data)
    myTask02Handle                           0x2000000c   Data           4  freertos.o(.data)
    DetectTaskHandle                         0x20000010   Data           4  freertos.o(.data)
    chassis_can_send_data                    0x20000018   Data           8  bsp_can.o(.data)
    GIMBAL_can_send_data                     0x20000020   Data           8  bsp_can.o(.data)
    temp                                     0x2000002a   Data           2  bsp_dma.o(.data)
    uwTick                                   0x2000002c   Data           4  stm32f4xx_hal.o(.data)
    uwTickPrio                               0x20000030   Data           4  stm32f4xx_hal.o(.data)
    uwTickFreq                               0x20000034   Data           1  stm32f4xx_hal.o(.data)
    SystemCoreClock                          0x20000038   Data           4  system_stm32f4xx.o(.data)
    pxCurrentTCB                             0x2000003c   Data           4  tasks.o(.data)
    FloatUnion                               0x200000c0   Data           4  nground.o(.data)
    motor_speed_pid                          0x200000d0   Data          12  chassis_task.o(.data)
    motor_angle_pid                          0x200000dc   Data          12  chassis_task.o(.data)
    M3505_MOTOR_SPEED_PID_MAX_OUT            0x200000e8   Data           4  chassis_task.o(.data)
    M3505_MOTOR_SPEED_PID_MAX_IOUT           0x200000ec   Data           4  chassis_task.o(.data)
    CHASSIS_FOLLOW_GIMBAL_PID_MAX_OUT        0x200000f0   Data           4  chassis_task.o(.data)
    CHASSIS_FOLLOW_GIMBAL_PID_MAX_IOUT       0x200000f4   Data           4  chassis_task.o(.data)
    CHASSIS_WZ_SET_SCALE                     0x200000f8   Data           4  chassis_task.o(.data)
    CHASSIS_WZ_SET_YOU                       0x200000fc   Data           4  chassis_task.o(.data)
    hcan1                                    0x20000110   Data          40  can.o(.bss)
    hcan2                                    0x20000138   Data          40  can.o(.bss)
    huart1                                   0x20000160   Data          68  usart.o(.bss)
    huart2                                   0x200001a4   Data          68  usart.o(.bss)
    huart3                                   0x200001e8   Data          68  usart.o(.bss)
    huart6                                   0x2000022c   Data          68  usart.o(.bss)
    hdma_usart2_rx                           0x20000270   Data          96  usart.o(.bss)
    hdma_usart3_rx                           0x200002d0   Data          96  usart.o(.bss)
    hdma_usart6_rx                           0x20000330   Data          96  usart.o(.bss)
    htim14                                   0x20000390   Data          72  stm32f4xx_hal_timebase_tim.o(.bss)
    chassis_tx_message                       0x200003d8   Data          24  bsp_can.o(.bss)
    GIMBAL_TxMessage                         0x200003f0   Data          24  bsp_can.o(.bss)
    motor_yaw                                0x20000408   Data          24  bsp_can.o(.bss)
    motor_pit                                0x20000420   Data          24  bsp_can.o(.bss)
    motor_chassis                            0x20000438   Data          96  bsp_can.o(.bss)
    sbus_buf                                 0x20000498   Data          18  bsp_can.o(.bss)
    rc_RxBuffer                              0x200004aa   Data         128  bsp_dma.o(.bss)
    RC_CtrlData                              0x2000052a   Data          22  bsp_dma.o(.bss)
    xQueueRegistry                           0x20000540   Data          64  queue.o(.bss)
    nclink_databuf                           0x20004e14   Data         100  nground.o(.bss)
    chassis_move                             0x20004e78   Data         524  chassis_task.o(.bss)
    __initial_sp                             0x200054f0   Data           0  startup_stm32f407xx.o(STACK)



==============================================================================

Memory Map of the image

  Image Entry point : 0x08000189

  Load Region LR_IROM1 (Base: 0x08000000, Size: 0x000076ec, Max: 0x00080000, ABSOLUTE)

    Execution Region ER_IROM1 (Exec base: 0x08000000, Load base: 0x08000000, Size: 0x000075dc, Max: 0x00080000, ABSOLUTE)

    Exec Addr    Load Addr    Size         Type   Attr      Idx    E Section Name        Object

    0x08000000   0x08000000   0x00000188   Data   RO            3    RESET               startup_stm32f407xx.o
    0x08000188   0x08000188   0x00000000   Code   RO         6088  * .ARM.Collect$$$$00000000  mc_w.l(entry.o)
    0x08000188   0x08000188   0x00000004   Code   RO         6111    .ARM.Collect$$$$00000001  mc_w.l(entry2.o)
    0x0800018c   0x0800018c   0x00000004   Code   RO         6114    .ARM.Collect$$$$00000004  mc_w.l(entry5.o)
    0x08000190   0x08000190   0x00000000   Code   RO         6116    .ARM.Collect$$$$00000008  mc_w.l(entry7b.o)
    0x08000190   0x08000190   0x00000000   Code   RO         6118    .ARM.Collect$$$$0000000A  mc_w.l(entry8b.o)
    0x08000190   0x08000190   0x00000008   Code   RO         6119    .ARM.Collect$$$$0000000B  mc_w.l(entry9a.o)
    0x08000198   0x08000198   0x00000000   Code   RO         6121    .ARM.Collect$$$$0000000D  mc_w.l(entry10a.o)
    0x08000198   0x08000198   0x00000000   Code   RO         6123    .ARM.Collect$$$$0000000F  mc_w.l(entry11a.o)
    0x08000198   0x08000198   0x00000004   Code   RO         6112    .ARM.Collect$$$$00002712  mc_w.l(entry2.o)
    0x0800019c   0x0800019c   0x000000be   Code   RO         5500    .emb_text           port.o
    0x0800025a   0x0800025a   0x00000002   PAD
    0x0800025c   0x0800025c   0x00000024   Code   RO            4    .text               startup_stm32f407xx.o
    0x08000280   0x08000280   0x00000078   Code   RO         5932    .text               arm_cortexM4lf_math.lib(arm_cos_f32.o)
    0x080002f8   0x080002f8   0x00000074   Code   RO         5985    .text               arm_cortexM4lf_math.lib(arm_sin_f32.o)
    0x0800036c   0x0800036c   0x00000062   Code   RO         6091    .text               mc_w.l(uldiv.o)
    0x080003ce   0x080003ce   0x00000024   Code   RO         6093    .text               mc_w.l(memcpya.o)
    0x080003f2   0x080003f2   0x00000024   Code   RO         6097    .text               mc_w.l(memseta.o)
    0x08000416   0x08000416   0x000000e4   Code   RO         6101    .text               mf_w.l(dmul.o)
    0x080004fa   0x080004fa   0x000000de   Code   RO         6103    .text               mf_w.l(ddiv.o)
    0x080005d8   0x080005d8   0x00000022   Code   RO         6105    .text               mf_w.l(dflti.o)
    0x080005fa   0x080005fa   0x00000026   Code   RO         6107    .text               mf_w.l(f2d.o)
    0x08000620   0x08000620   0x00000038   Code   RO         6109    .text               mf_w.l(d2f.o)
    0x08000658   0x08000658   0x0000001e   Code   RO         6125    .text               mc_w.l(llshl.o)
    0x08000676   0x08000676   0x00000020   Code   RO         6127    .text               mc_w.l(llushr.o)
    0x08000696   0x08000696   0x00000000   Code   RO         6129    .text               mc_w.l(iusefp.o)
    0x08000696   0x08000696   0x0000006e   Code   RO         6130    .text               mf_w.l(fepilogue.o)
    0x08000704   0x08000704   0x000000ba   Code   RO         6132    .text               mf_w.l(depilogue.o)
    0x080007be   0x080007be   0x00000002   PAD
    0x080007c0   0x080007c0   0x00000024   Code   RO         6134    .text               mc_w.l(init.o)
    0x080007e4   0x080007e4   0x00000004   Code   RO          442    i.BusFault_Handler  stm32f4xx_it.o
    0x080007e8   0x080007e8   0x00000010   Code   RO          443    i.CAN1_RX0_IRQHandler  stm32f4xx_it.o
    0x080007f8   0x080007f8   0x00000010   Code   RO          444    i.CAN2_RX0_IRQHandler  stm32f4xx_it.o
    0x08000808   0x08000808   0x00000050   Code   RO          605    i.CAN_cmd_chassis   bsp_can.o
    0x08000858   0x08000858   0x000000c8   Code   RO          607    i.CAN_hook          bsp_can.o
    0x08000920   0x08000920   0x0000001c   Code   RO          608    i.Can2_init         bsp_can.o
    0x0800093c   0x0800093c   0x0000001c   Code   RO          609    i.Can_init          bsp_can.o
    0x08000958   0x08000958   0x00000010   Code   RO          445    i.DMA1_Stream1_IRQHandler  stm32f4xx_it.o
    0x08000968   0x08000968   0x00000010   Code   RO          446    i.DMA1_Stream5_IRQHandler  stm32f4xx_it.o
    0x08000978   0x08000978   0x00000010   Code   RO          447    i.DMA2_Stream1_IRQHandler  stm32f4xx_it.o
    0x08000988   0x08000988   0x00000034   Code   RO         1705    i.DMA_CalcBaseAndBitshift  stm32f4xx_hal_dma.o
    0x080009bc   0x080009bc   0x000000aa   Code   RO         1706    i.DMA_CheckFifoParam  stm32f4xx_hal_dma.o
    0x08000a66   0x08000a66   0x0000002c   Code   RO         1707    i.DMA_SetConfig     stm32f4xx_hal_dma.o
    0x08000a92   0x08000a92   0x00000002   Code   RO          448    i.DebugMon_Handler  stm32f4xx_it.o
    0x08000a94   0x08000a94   0x00000018   Code   RO         5764    i.DetectHook        detect_tesk.o
    0x08000aac   0x08000aac   0x00000024   Code   RO         5765    i.DetectInit        detect_tesk.o
    0x08000ad0   0x08000ad0   0x0000001c   Code   RO         5766    i.Detect_Judeg      detect_tesk.o
    0x08000aec   0x08000aec   0x00000104   Code   RO         5767    i.Detect_Task       detect_tesk.o
    0x08000bf0   0x08000bf0   0x00000006   Code   RO           13    i.Error_Handler     main.o
    0x08000bf6   0x08000bf6   0x00000002   PAD
    0x08000bf8   0x08000bf8   0x00000064   Code   RO         5580    i.Float2Byte        nground.o
    0x08000c5c   0x08000c5c   0x000000d2   Code   RO          704    i.Get_Remote_info   bsp_dma.o
    0x08000d2e   0x08000d2e   0x0000002a   Code   RO          968    i.HAL_CAN_ActivateNotification  stm32f4xx_hal_can.o
    0x08000d58   0x08000d58   0x00000156   Code   RO          969    i.HAL_CAN_AddTxMessage  stm32f4xx_hal_can.o
    0x08000eae   0x08000eae   0x00000002   PAD
    0x08000eb0   0x08000eb0   0x00000124   Code   RO          970    i.HAL_CAN_ConfigFilter  stm32f4xx_hal_can.o
    0x08000fd4   0x08000fd4   0x00000002   Code   RO          973    i.HAL_CAN_ErrorCallback  stm32f4xx_hal_can.o
    0x08000fd6   0x08000fd6   0x0000017a   Code   RO          976    i.HAL_CAN_GetRxMessage  stm32f4xx_hal_can.o
    0x08001150   0x08001150   0x0000024e   Code   RO          980    i.HAL_CAN_IRQHandler  stm32f4xx_hal_can.o
    0x0800139e   0x0800139e   0x00000174   Code   RO          981    i.HAL_CAN_Init      stm32f4xx_hal_can.o
    0x08001512   0x08001512   0x00000002   PAD
    0x08001514   0x08001514   0x00000154   Code   RO          307    i.HAL_CAN_MspInit   can.o
    0x08001668   0x08001668   0x00000002   Code   RO          988    i.HAL_CAN_RxFifo0FullCallback  stm32f4xx_hal_can.o
    0x0800166a   0x0800166a   0x00000002   PAD
    0x0800166c   0x0800166c   0x0000004c   Code   RO          610    i.HAL_CAN_RxFifo0MsgPendingCallback  bsp_can.o
    0x080016b8   0x080016b8   0x00000002   Code   RO          990    i.HAL_CAN_RxFifo1FullCallback  stm32f4xx_hal_can.o
    0x080016ba   0x080016ba   0x00000002   Code   RO          991    i.HAL_CAN_RxFifo1MsgPendingCallback  stm32f4xx_hal_can.o
    0x080016bc   0x080016bc   0x00000002   Code   RO          992    i.HAL_CAN_SleepCallback  stm32f4xx_hal_can.o
    0x080016be   0x080016be   0x0000005e   Code   RO          993    i.HAL_CAN_Start     stm32f4xx_hal_can.o
    0x0800171c   0x0800171c   0x00000002   Code   RO          995    i.HAL_CAN_TxMailbox0AbortCallback  stm32f4xx_hal_can.o
    0x0800171e   0x0800171e   0x00000002   Code   RO          996    i.HAL_CAN_TxMailbox0CompleteCallback  stm32f4xx_hal_can.o
    0x08001720   0x08001720   0x00000002   Code   RO          997    i.HAL_CAN_TxMailbox1AbortCallback  stm32f4xx_hal_can.o
    0x08001722   0x08001722   0x00000002   Code   RO          998    i.HAL_CAN_TxMailbox1CompleteCallback  stm32f4xx_hal_can.o
    0x08001724   0x08001724   0x00000002   Code   RO          999    i.HAL_CAN_TxMailbox2AbortCallback  stm32f4xx_hal_can.o
    0x08001726   0x08001726   0x00000002   Code   RO         1000    i.HAL_CAN_TxMailbox2CompleteCallback  stm32f4xx_hal_can.o
    0x08001728   0x08001728   0x00000002   Code   RO         1002    i.HAL_CAN_WakeUpFromRxMsgCallback  stm32f4xx_hal_can.o
    0x0800172a   0x0800172a   0x000000ac   Code   RO         1708    i.HAL_DMA_Abort     stm32f4xx_hal_dma.o
    0x080017d6   0x080017d6   0x00000028   Code   RO         1709    i.HAL_DMA_Abort_IT  stm32f4xx_hal_dma.o
    0x080017fe   0x080017fe   0x00000002   PAD
    0x08001800   0x08001800   0x00000240   Code   RO         1713    i.HAL_DMA_IRQHandler  stm32f4xx_hal_dma.o
    0x08001a40   0x08001a40   0x000000ec   Code   RO         1714    i.HAL_DMA_Init      stm32f4xx_hal_dma.o
    0x08001b2c   0x08001b2c   0x00000092   Code   RO         1718    i.HAL_DMA_Start_IT  stm32f4xx_hal_dma.o
    0x08001bbe   0x08001bbe   0x00000002   PAD
    0x08001bc0   0x08001bc0   0x000001f4   Code   RO         1601    i.HAL_GPIO_Init     stm32f4xx_hal_gpio.o
    0x08001db4   0x08001db4   0x0000000c   Code   RO         2138    i.HAL_GetTick       stm32f4xx_hal.o
    0x08001dc0   0x08001dc0   0x00000018   Code   RO         2144    i.HAL_IncTick       stm32f4xx_hal.o
    0x08001dd8   0x08001dd8   0x0000003c   Code   RO         2145    i.HAL_Init          stm32f4xx_hal.o
    0x08001e14   0x08001e14   0x000000b4   Code   RO          566    i.HAL_InitTick      stm32f4xx_hal_timebase_tim.o
    0x08001ec8   0x08001ec8   0x00000054   Code   RO          542    i.HAL_MspInit       stm32f4xx_hal_msp.o
    0x08001f1c   0x08001f1c   0x00000020   Code   RO         1990    i.HAL_NVIC_EnableIRQ  stm32f4xx_hal_cortex.o
    0x08001f3c   0x08001f3c   0x0000007c   Code   RO         1996    i.HAL_NVIC_SetPriority  stm32f4xx_hal_cortex.o
    0x08001fb8   0x08001fb8   0x00000028   Code   RO         1997    i.HAL_NVIC_SetPriorityGrouping  stm32f4xx_hal_cortex.o
    0x08001fe0   0x08001fe0   0x00000184   Code   RO         1202    i.HAL_RCC_ClockConfig  stm32f4xx_hal_rcc.o
    0x08002164   0x08002164   0x00000044   Code   RO         1206    i.HAL_RCC_GetClockConfig  stm32f4xx_hal_rcc.o
    0x080021a8   0x080021a8   0x0000000c   Code   RO         1207    i.HAL_RCC_GetHCLKFreq  stm32f4xx_hal_rcc.o
    0x080021b4   0x080021b4   0x00000020   Code   RO         1209    i.HAL_RCC_GetPCLK1Freq  stm32f4xx_hal_rcc.o
    0x080021d4   0x080021d4   0x00000020   Code   RO         1210    i.HAL_RCC_GetPCLK2Freq  stm32f4xx_hal_rcc.o
    0x080021f4   0x080021f4   0x000000b0   Code   RO         1211    i.HAL_RCC_GetSysClockFreq  stm32f4xx_hal_rcc.o
    0x080022a4   0x080022a4   0x0000049c   Code   RO         1214    i.HAL_RCC_OscConfig  stm32f4xx_hal_rcc.o
    0x08002740   0x08002740   0x00000002   Code   RO         3100    i.HAL_TIMEx_BreakCallback  stm32f4xx_hal_tim_ex.o
    0x08002742   0x08002742   0x00000002   Code   RO         3101    i.HAL_TIMEx_CommutCallback  stm32f4xx_hal_tim_ex.o
    0x08002744   0x08002744   0x00000066   Code   RO         2385    i.HAL_TIM_Base_Init  stm32f4xx_hal_tim.o
    0x080027aa   0x080027aa   0x00000002   Code   RO         2387    i.HAL_TIM_Base_MspInit  stm32f4xx_hal_tim.o
    0x080027ac   0x080027ac   0x000000a8   Code   RO         2390    i.HAL_TIM_Base_Start_IT  stm32f4xx_hal_tim.o
    0x08002854   0x08002854   0x00000002   Code   RO         2419    i.HAL_TIM_IC_CaptureCallback  stm32f4xx_hal_tim.o
    0x08002856   0x08002856   0x00000196   Code   RO         2433    i.HAL_TIM_IRQHandler  stm32f4xx_hal_tim.o
    0x080029ec   0x080029ec   0x00000002   Code   RO         2436    i.HAL_TIM_OC_DelayElapsedCallback  stm32f4xx_hal_tim.o
    0x080029ee   0x080029ee   0x00000002   Code   RO         2463    i.HAL_TIM_PWM_PulseFinishedCallback  stm32f4xx_hal_tim.o
    0x080029f0   0x080029f0   0x00000018   Code   RO           14    i.HAL_TIM_PeriodElapsedCallback  main.o
    0x08002a08   0x08002a08   0x00000002   Code   RO         2476    i.HAL_TIM_TriggerCallback  stm32f4xx_hal_tim.o
    0x08002a0a   0x08002a0a   0x00000002   Code   RO         3378    i.HAL_UARTEx_RxEventCallback  stm32f4xx_hal_uart.o
    0x08002a0c   0x08002a0c   0x00000002   Code   RO         3392    i.HAL_UART_ErrorCallback  stm32f4xx_hal_uart.o
    0x08002a0e   0x08002a0e   0x00000002   PAD
    0x08002a10   0x08002a10   0x000002e0   Code   RO         3395    i.HAL_UART_IRQHandler  stm32f4xx_hal_uart.o
    0x08002cf0   0x08002cf0   0x00000072   Code   RO         3396    i.HAL_UART_Init     stm32f4xx_hal_uart.o
    0x08002d62   0x08002d62   0x00000002   PAD
    0x08002d64   0x08002d64   0x00000300   Code   RO          380    i.HAL_UART_MspInit  usart.o
    0x08003064   0x08003064   0x00000042   Code   RO         3400    i.HAL_UART_Receive_DMA  stm32f4xx_hal_uart.o
    0x080030a6   0x080030a6   0x00000002   Code   RO         3402    i.HAL_UART_RxCpltCallback  stm32f4xx_hal_uart.o
    0x080030a8   0x080030a8   0x00000002   Code   RO         3403    i.HAL_UART_RxHalfCpltCallback  stm32f4xx_hal_uart.o
    0x080030aa   0x080030aa   0x000000d2   Code   RO         3404    i.HAL_UART_Transmit  stm32f4xx_hal_uart.o
    0x0800317c   0x0800317c   0x00000002   Code   RO         3407    i.HAL_UART_TxCpltCallback  stm32f4xx_hal_uart.o
    0x0800317e   0x0800317e   0x00000004   Code   RO          449    i.HardFault_Handler  stm32f4xx_it.o
    0x08003182   0x08003182   0x00000096   Code   RO          840    i.LimitMax          pid.o
    0x08003218   0x08003218   0x00000044   Code   RO          308    i.MX_CAN1_Init      can.o
    0x0800325c   0x0800325c   0x00000044   Code   RO          309    i.MX_CAN2_Init      can.o
    0x080032a0   0x080032a0   0x00000068   Code   RO          355    i.MX_DMA_Init       dma.o
    0x08003308   0x08003308   0x00000054   Code   RO          248    i.MX_FREERTOS_Init  freertos.o
    0x0800335c   0x0800335c   0x000000a0   Code   RO          223    i.MX_GPIO_Init      gpio.o
    0x080033fc   0x080033fc   0x00000034   Code   RO           15    i.MX_NVIC_Init      main.o
    0x08003430   0x08003430   0x00000038   Code   RO          381    i.MX_USART1_UART_Init  usart.o
    0x08003468   0x08003468   0x0000003c   Code   RO          382    i.MX_USART2_UART_Init  usart.o
    0x080034a4   0x080034a4   0x00000038   Code   RO          383    i.MX_USART3_UART_Init  usart.o
    0x080034dc   0x080034dc   0x00000038   Code   RO          384    i.MX_USART6_UART_Init  usart.o
    0x08003514   0x08003514   0x00000004   Code   RO          450    i.MemManage_Handler  stm32f4xx_it.o
    0x08003518   0x08003518   0x000000d8   Code   RO         5581    i.NCLink_Send_Userdata  nground.o
    0x080035f0   0x080035f0   0x00000004   Code   RO          451    i.NMI_Handler       stm32f4xx_it.o
    0x080035f4   0x080035f4   0x000000c0   Code   RO          841    i.PID_calc          pid.o
    0x080036b4   0x080036b4   0x00000060   Code   RO          843    i.PID_init          pid.o
    0x08003714   0x08003714   0x00000028   Code   RO          705    i.RC_Init           bsp_dma.o
    0x0800373c   0x0800373c   0x00000018   Code   RO         5582    i.Serial_Data_Send  nground.o
    0x08003754   0x08003754   0x00000026   Code   RO          249    i.StartTask02       freertos.o
    0x0800377a   0x0800377a   0x00000016   Code   RO         4915    i.SysTick_Handler   cmsis_os2.o
    0x08003790   0x08003790   0x000000b8   Code   RO           16    i.SystemClock_Config  main.o
    0x08003848   0x08003848   0x00000014   Code   RO         3735    i.SystemInit        system_stm32f4xx.o
    0x0800385c   0x0800385c   0x00000010   Code   RO          452    i.TIM8_TRG_COM_TIM14_IRQHandler  stm32f4xx_it.o
    0x0800386c   0x0800386c   0x000000d8   Code   RO         2478    i.TIM_Base_SetConfig  stm32f4xx_hal_tim.o
    0x08003944   0x08003944   0x00000014   Code   RO         3409    i.UART_DMAAbortOnError  stm32f4xx_hal_uart.o
    0x08003958   0x08003958   0x00000050   Code   RO         3410    i.UART_DMAError     stm32f4xx_hal_uart.o
    0x080039a8   0x080039a8   0x000000b0   Code   RO         3411    i.UART_DMAReceiveCplt  stm32f4xx_hal_uart.o
    0x08003a58   0x08003a58   0x00000020   Code   RO         3413    i.UART_DMARxHalfCplt  stm32f4xx_hal_uart.o
    0x08003a78   0x08003a78   0x0000006c   Code   RO         3419    i.UART_EndRxTransfer  stm32f4xx_hal_uart.o
    0x08003ae4   0x08003ae4   0x00000020   Code   RO         3420    i.UART_EndTransmit_IT  stm32f4xx_hal_uart.o
    0x08003b04   0x08003b04   0x00000026   Code   RO         3421    i.UART_EndTxTransfer  stm32f4xx_hal_uart.o
    0x08003b2a   0x08003b2a   0x000000f8   Code   RO         3422    i.UART_Receive_IT   stm32f4xx_hal_uart.o
    0x08003c22   0x08003c22   0x00000002   PAD
    0x08003c24   0x08003c24   0x0000022c   Code   RO         3423    i.UART_SetConfig    stm32f4xx_hal_uart.o
    0x08003e50   0x08003e50   0x000000d0   Code   RO         3424    i.UART_Start_Receive_DMA  stm32f4xx_hal_uart.o
    0x08003f20   0x08003f20   0x00000060   Code   RO         3426    i.UART_Transmit_IT  stm32f4xx_hal_uart.o
    0x08003f80   0x08003f80   0x00000092   Code   RO         3427    i.UART_WaitOnFlagUntilTimeout  stm32f4xx_hal_uart.o
    0x08004012   0x08004012   0x00000002   PAD
    0x08004014   0x08004014   0x000000e0   Code   RO          706    i.USART2_IRQHandler  bsp_dma.o
    0x080040f4   0x080040f4   0x00000010   Code   RO          453    i.USART3_IRQHandler  stm32f4xx_it.o
    0x08004104   0x08004104   0x00000004   Code   RO          454    i.UsageFault_Handler  stm32f4xx_it.o
    0x08004108   0x08004108   0x00000010   Code   RO         2003    i.__NVIC_GetPriorityGrouping  stm32f4xx_hal_cortex.o
    0x08004118   0x08004118   0x00000028   Code   RO         2004    i.__NVIC_SetPriority  stm32f4xx_hal_cortex.o
    0x08004140   0x08004140   0x00000006   Code   RO         4917    i.__get_IPSR        cmsis_os2.o
    0x08004146   0x08004146   0x0000000e   Code   RO         6138    i.__scatterload_copy  mc_w.l(handlers.o)
    0x08004154   0x08004154   0x00000002   Code   RO         6139    i.__scatterload_null  mc_w.l(handlers.o)
    0x08004156   0x08004156   0x0000000e   Code   RO         6140    i.__scatterload_zeroinit  mc_w.l(handlers.o)
    0x08004164   0x08004164   0x00000038   Code   RO          611    i.can2_filter_init  bsp_can.o
    0x0800419c   0x0800419c   0x00000034   Code   RO          612    i.can_filter_init   bsp_can.o
    0x080041d0   0x080041d0   0x00000074   Code   RO         5624    i.chassis_behaviour_control_set  chassis_behaviour.o
    0x08004244   0x08004244   0x00000078   Code   RO         5625    i.chassis_behaviour_mode_set  chassis_behaviour.o
    0x080042bc   0x080042bc   0x000001b0   Code   RO         5682    i.chassis_control_loop  chassis_task.o
    0x0800446c   0x0800446c   0x0000009c   Code   RO         5683    i.chassis_feedback_update  chassis_task.o
    0x08004508   0x08004508   0x000000bc   Code   RO         5626    i.chassis_infantry_follow_gimbal_yaw_control  chassis_behaviour.o
    0x080045c4   0x080045c4   0x000000c0   Code   RO         5684    i.chassis_init      chassis_task.o
    0x08004684   0x08004684   0x0000003c   Code   RO         5685    i.chassis_mode_change_control_transit  chassis_task.o
    0x080046c0   0x080046c0   0x00000026   Code   RO         5627    i.chassis_no_follow_yaw_control  chassis_behaviour.o
    0x080046e6   0x080046e6   0x00000002   PAD
    0x080046e8   0x080046e8   0x0000002c   Code   RO         5628    i.chassis_no_move_control  chassis_behaviour.o
    0x08004714   0x08004714   0x000000fc   Code   RO         5686    i.chassis_rc_to_control_vector  chassis_task.o
    0x08004810   0x08004810   0x000001f4   Code   RO         5687    i.chassis_set_contorl  chassis_task.o
    0x08004a04   0x08004a04   0x00000012   Code   RO         5688    i.chassis_set_mode  chassis_task.o
    0x08004a16   0x08004a16   0x00000002   PAD
    0x08004a18   0x08004a18   0x00000090   Code   RO         5689    i.chassis_task      chassis_task.o
    0x08004aa8   0x08004aa8   0x000000d0   Code   RO         5690    i.chassis_vector_to_mecanum_wheel_speed  chassis_task.o
    0x08004b78   0x08004b78   0x0000002c   Code   RO         5629    i.chassis_zero_force_control  chassis_behaviour.o
    0x08004ba4   0x08004ba4   0x0000002a   Code   RO         5817    i.fp32_constrain    user_lib.o
    0x08004bce   0x08004bce   0x00000002   PAD
    0x08004bd0   0x08004bd0   0x00000018   Code   RO          613    i.get_Chassis_Motor_Measure_Point  bsp_can.o
    0x08004be8   0x08004be8   0x00000008   Code   RO          615    i.get_Yaw_Gimbal_Motor_Measure_Point  bsp_can.o
    0x08004bf0   0x08004bf0   0x00000064   Code   RO          616    i.get_motor_measure  bsp_can.o
    0x08004c54   0x08004c54   0x00000008   Code   RO          707    i.get_remote_control_point  bsp_dma.o
    0x08004c5c   0x08004c5c   0x00000060   Code   RO         5822    i.loop_fp32_constrain  user_lib.o
    0x08004cbc   0x08004cbc   0x00000048   Code   RO           17    i.main              main.o
    0x08004d04   0x08004d04   0x0000001e   Code   RO         4918    i.osDelay           cmsis_os2.o
    0x08004d22   0x08004d22   0x00000002   PAD
    0x08004d24   0x08004d24   0x0000002c   Code   RO         4932    i.osKernelInitialize  cmsis_os2.o
    0x08004d50   0x08004d50   0x00000060   Code   RO         4935    i.osKernelStart     cmsis_os2.o
    0x08004db0   0x08004db0   0x000000b8   Code   RO         4977    i.osThreadNew       cmsis_os2.o
    0x08004e68   0x08004e68   0x0000007c   Code   RO         4352    i.prvAddCurrentTaskToDelayedList  tasks.o
    0x08004ee4   0x08004ee4   0x000000b8   Code   RO         4353    i.prvAddNewTaskToReadyList  tasks.o
    0x08004f9c   0x08004f9c   0x00000074   Code   RO         4728    i.prvCheckForValidListAndQueue  timers.o
    0x08005010   0x08005010   0x00000048   Code   RO         4354    i.prvCheckTasksWaitingTermination  tasks.o
    0x08005058   0x08005058   0x0000002a   Code   RO         3939    i.prvCopyDataFromQueue  queue.o
    0x08005082   0x08005082   0x0000007e   Code   RO         3940    i.prvCopyDataToQueue  queue.o
    0x08005100   0x08005100   0x00000050   Code   RO         4355    i.prvDeleteTCB      tasks.o
    0x08005150   0x08005150   0x00000028   Code   RO         4729    i.prvGetNextExpireTime  timers.o
    0x08005178   0x08005178   0x0000007c   Code   RO         5445    i.prvHeapInit       heap_4.o
    0x080051f4   0x080051f4   0x00000028   Code   RO         4356    i.prvIdleTask       tasks.o
    0x0800521c   0x0800521c   0x0000002a   Code   RO         3943    i.prvInitialiseNewQueue  queue.o
    0x08005246   0x08005246   0x000000be   Code   RO         4357    i.prvInitialiseNewTask  tasks.o
    0x08005304   0x08005304   0x00000068   Code   RO         4358    i.prvInitialiseTaskLists  tasks.o
    0x0800536c   0x0800536c   0x00000068   Code   RO         5446    i.prvInsertBlockIntoFreeList  heap_4.o
    0x080053d4   0x080053d4   0x00000058   Code   RO         4731    i.prvInsertTimerInActiveList  timers.o
    0x0800542c   0x0800542c   0x0000001a   Code   RO         3944    i.prvIsQueueEmpty   queue.o
    0x08005446   0x08005446   0x0000001e   Code   RO         3945    i.prvIsQueueFull    queue.o
    0x08005464   0x08005464   0x00000074   Code   RO         4732    i.prvProcessExpiredTimer  timers.o
    0x080054d8   0x080054d8   0x00000164   Code   RO         4733    i.prvProcessReceivedCommands  timers.o
    0x0800563c   0x0800563c   0x00000074   Code   RO         4734    i.prvProcessTimerOrBlockTask  timers.o
    0x080056b0   0x080056b0   0x00000034   Code   RO         4360    i.prvResetNextTaskUnblockTime  tasks.o
    0x080056e4   0x080056e4   0x0000002c   Code   RO         4735    i.prvSampleTimeNow  timers.o
    0x08005710   0x08005710   0x000000a4   Code   RO         4736    i.prvSwitchTimerLists  timers.o
    0x080057b4   0x080057b4   0x00000040   Code   RO         5501    i.prvTaskExitError  port.o
    0x080057f4   0x080057f4   0x0000001a   Code   RO         4737    i.prvTimerTask      timers.o
    0x0800580e   0x0800580e   0x0000007e   Code   RO         3946    i.prvUnlockQueue    queue.o
    0x0800588c   0x0800588c   0x0000014c   Code   RO         5447    i.pvPortMalloc      heap_4.o
    0x080059d8   0x080059d8   0x0000002c   Code   RO         5502    i.pxPortInitialiseStack  port.o
    0x08005a04   0x08005a04   0x00000010   Code   RO          708    i.remote_control_init  bsp_dma.o
    0x08005a14   0x08005a14   0x00000020   Code   RO         5826    i.theta_format      user_lib.o
    0x08005a34   0x08005a34   0x00000028   Code   RO         3899    i.uxListRemove      list.o
    0x08005a5c   0x08005a5c   0x00000018   Code   RO         4989    i.vApplicationGetIdleTaskMemory  cmsis_os2.o
    0x08005a74   0x08005a74   0x00000018   Code   RO         4990    i.vApplicationGetTimerTaskMemory  cmsis_os2.o
    0x08005a8c   0x08005a8c   0x0000001a   Code   RO         3900    i.vListInitialise   list.o
    0x08005aa6   0x08005aa6   0x00000006   Code   RO         3901    i.vListInitialiseItem  list.o
    0x08005aac   0x08005aac   0x00000034   Code   RO         3902    i.vListInsert       list.o
    0x08005ae0   0x08005ae0   0x00000018   Code   RO         3903    i.vListInsertEnd    list.o
    0x08005af8   0x08005af8   0x00000054   Code   RO         5504    i.vPortEnterCritical  port.o
    0x08005b4c   0x08005b4c   0x0000003c   Code   RO         5505    i.vPortExitCritical  port.o
    0x08005b88   0x08005b88   0x000000a4   Code   RO         5448    i.vPortFree         heap_4.o
    0x08005c2c   0x08005c2c   0x00000028   Code   RO         5506    i.vPortSetupTimerInterrupt  port.o
    0x08005c54   0x08005c54   0x00000078   Code   RO         5507    i.vPortValidateInterruptPriority  port.o
    0x08005ccc   0x08005ccc   0x0000002c   Code   RO         3952    i.vQueueAddToRegistry  queue.o
    0x08005cf8   0x08005cf8   0x0000004a   Code   RO         3956    i.vQueueWaitForMessageRestricted  queue.o
    0x08005d42   0x08005d42   0x00000002   PAD
    0x08005d44   0x08005d44   0x0000005c   Code   RO         4373    i.vTaskDelay        tasks.o
    0x08005da0   0x08005da0   0x00000018   Code   RO         4378    i.vTaskInternalSetTimeOutState  tasks.o
    0x08005db8   0x08005db8   0x0000000c   Code   RO         4379    i.vTaskMissedYield  tasks.o
    0x08005dc4   0x08005dc4   0x00000038   Code   RO         4381    i.vTaskPlaceOnEventList  tasks.o
    0x08005dfc   0x08005dfc   0x00000040   Code   RO         4382    i.vTaskPlaceOnEventListRestricted  tasks.o
    0x08005e3c   0x08005e3c   0x000000b8   Code   RO         4390    i.vTaskStartScheduler  tasks.o
    0x08005ef4   0x08005ef4   0x00000010   Code   RO         4392    i.vTaskSuspendAll   tasks.o
    0x08005f04   0x08005f04   0x00000090   Code   RO         4393    i.vTaskSwitchContext  tasks.o
    0x08005f94   0x08005f94   0x00000168   Code   RO         5508    i.xPortStartScheduler  port.o
    0x080060fc   0x080060fc   0x00000034   Code   RO         5509    i.xPortSysTickHandler  port.o
    0x08006130   0x08006130   0x000000e0   Code   RO         3962    i.xQueueGenericCreateStatic  queue.o
    0x08006210   0x08006210   0x00000098   Code   RO         3963    i.xQueueGenericReset  queue.o
    0x080062a8   0x080062a8   0x000001a8   Code   RO         3964    i.xQueueGenericSend  queue.o
    0x08006450   0x08006450   0x000000fc   Code   RO         3965    i.xQueueGenericSendFromISR  queue.o
    0x0800654c   0x0800654c   0x00000168   Code   RO         3974    i.xQueueReceive     queue.o
    0x080066b4   0x080066b4   0x0000008c   Code   RO         4395    i.xTaskCheckForTimeOut  tasks.o
    0x08006740   0x08006740   0x00000064   Code   RO         4396    i.xTaskCreate       tasks.o
    0x080067a4   0x080067a4   0x000000ba   Code   RO         4397    i.xTaskCreateStatic  tasks.o
    0x0800685e   0x0800685e   0x00000002   PAD
    0x08006860   0x08006860   0x00000020   Code   RO         4401    i.xTaskGetSchedulerState  tasks.o
    0x08006880   0x08006880   0x0000000c   Code   RO         4402    i.xTaskGetTickCount  tasks.o
    0x0800688c   0x0800688c   0x00000144   Code   RO         4404    i.xTaskIncrementTick  tasks.o
    0x080069d0   0x080069d0   0x000000a4   Code   RO         4407    i.xTaskPriorityDisinherit  tasks.o
    0x08006a74   0x08006a74   0x00000098   Code   RO         4409    i.xTaskRemoveFromEventList  tasks.o
    0x08006b0c   0x08006b0c   0x00000104   Code   RO         4410    i.xTaskResumeAll    tasks.o
    0x08006c10   0x08006c10   0x00000078   Code   RO         4746    i.xTimerCreateTimerTask  timers.o
    0x08006c88   0x08006c88   0x00000084   Code   RO         4747    i.xTimerGenericCommand  timers.o
    0x08006d0c   0x08006d0c   0x0000006c   Data   RO          251    .constdata          freertos.o
    0x08006d78   0x08006d78   0x00000008   Data   RO         1720    .constdata          stm32f4xx_hal_dma.o
    0x08006d80   0x08006d80   0x00000018   Data   RO         3736    .constdata          system_stm32f4xx.o
    0x08006d98   0x08006d98   0x00000804   Data   RO         6065    .constdata          arm_cortexM4lf_math.lib(arm_common_tables.o)
    0x0800759c   0x0800759c   0x00000020   Data   RO          252    .conststring        freertos.o
    0x080075bc   0x080075bc   0x00000020   Data   RO         6136    Region$$Table       anon$$obj.o


    Execution Region RW_IRAM2 (Exec base: 0x10000000, Load base: 0x080076ec, Size: 0x00000000, Max: 0x00010000, ABSOLUTE)

    **** No section assigned to this execution region ****


    Execution Region RW_IRAM1 (Exec base: 0x20000000, Load base: 0x080075dc, Size: 0x000054f0, Max: 0x00020000, ABSOLUTE)

    Exec Addr    Load Addr    Size         Type   Attr      Idx    E Section Name        Object

    0x20000000   0x080075dc   0x00000014   Data   RW          253    .data               freertos.o
    0x20000014   0x080075f0   0x00000004   Data   RW          311    .data               can.o
    0x20000018   0x080075f4   0x00000011   Data   RW          618    .data               bsp_can.o
    0x20000029   0x08007605   0x00000001   PAD
    0x2000002a   0x08007606   0x00000002   Data   RW          710    .data               bsp_dma.o
    0x2000002c   0x08007608   0x00000009   Data   RW         2152    .data               stm32f4xx_hal.o
    0x20000035   0x08007611   0x00000003   PAD
    0x20000038   0x08007614   0x00000004   Data   RW         3737    .data               system_stm32f4xx.o
    0x2000003c   0x08007618   0x0000003c   Data   RW         4413    .data               tasks.o
    0x20000078   0x08007654   0x00000014   Data   RW         4755    .data               timers.o
    0x2000008c   0x08007668   0x00000004   Data   RW         4992    .data               cmsis_os2.o
    0x20000090   0x0800766c   0x00000020   Data   RW         5454    .data               heap_4.o
    0x200000b0   0x0800768c   0x0000000c   Data   RW         5510    .data               port.o
    0x200000bc   0x08007698   0x00000008   Data   RW         5584    .data               nground.o
    0x200000c4   0x080076a0   0x0000000c   Data   RW         5630    .data               chassis_behaviour.o
    0x200000d0   0x080076ac   0x00000040   Data   RW         5692    .data               chassis_task.o
    0x20000110        -       0x00000050   Zero   RW          310    .bss                can.o
    0x20000160        -       0x00000230   Zero   RW          385    .bss                usart.o
    0x20000390        -       0x00000048   Zero   RW          569    .bss                stm32f4xx_hal_timebase_tim.o
    0x200003d8        -       0x000000d2   Zero   RW          617    .bss                bsp_can.o
    0x200004aa        -       0x00000096   Zero   RW          709    .bss                bsp_dma.o
    0x20000540        -       0x00000040   Zero   RW         3978    .bss                queue.o
    0x20000580        -       0x000004c4   Zero   RW         4412    .bss                tasks.o
    0x20000a44        -       0x00000118   Zero   RW         4754    .bss                timers.o
    0x20000b5c        -       0x000006b8   Zero   RW         4991    .bss                cmsis_os2.o
    0x20001214        -       0x00003c00   Zero   RW         5453    .bss                heap_4.o
    0x20004e14        -       0x00000064   Zero   RW         5583    .bss                nground.o
    0x20004e78        -       0x0000020c   Zero   RW         5691    .bss                chassis_task.o
    0x20005084        -       0x00000066   Zero   RW         5768    .bss                detect_tesk.o
    0x200050ea   0x080076ec   0x00000006   PAD
    0x200050f0        -       0x00000400   Zero   RW            1    STACK               startup_stm32f407xx.o


==============================================================================

Image component sizes


      Code (inc. data)   RO Data    RW Data    ZI Data      Debug   Object Name

       652         78          0         17        210       7777   bsp_can.o
       498         34          0          2        150       5624   bsp_dma.o
       476         46          0          4         80       2370   can.o
       550         44          0         12          0       7737   chassis_behaviour.o
      1962        136          0         64        524       8195   chassis_task.o
       430         38          0          4       1720      64727   cmsis_os2.o
       348         18          0          0        102       3235   detect_tesk.o
       104          6          0          0          0        786   dma.o
         0          0          0          0          0      19396   event_groups.o
       122         38        140         20          0       1970   freertos.o
       160          4          0          0          0        903   gpio.o
       724         74          0         32      15360       4791   heap_4.o
       148          0          0          0          0       3490   list.o
       338         16          0          0          0     718156   main.o
       340         20          0          8        100       2639   nground.o
       438         10          0          0          0       3333   pid.o
      1014         92          0         12          0      11541   port.o
      1922         20          0          0         64      17200   queue.o
        36          8        392          0       1024        820   startup_stm32f407xx.o
        96         20          0          9          0       8006   stm32f4xx_hal.o
      2134          6          0          0          0      14059   stm32f4xx_hal_can.o
       252         22          0          0          0      33606   stm32f4xx_hal_cortex.o
      1436         16          8          0          0       6918   stm32f4xx_hal_dma.o
       500         46          0          0          0       1428   stm32f4xx_hal_gpio.o
        84          6          0          0          0        834   stm32f4xx_hal_msp.o
      1888         94          0          0          0       6173   stm32f4xx_hal_rcc.o
       902         76          0          0          0       6330   stm32f4xx_hal_tim.o
         4          0          0          0          0       1529   stm32f4xx_hal_tim_ex.o
       180         20          0          0         72       1432   stm32f4xx_hal_timebase_tim.o
      2876         26          0          0          0      16446   stm32f4xx_hal_uart.o
       134         42          0          0          0       6183   stm32f4xx_it.o
         0          0          0          0          0        392   stream_buffer.o
        20          6         24          4          0       1091   system_stm32f4xx.o
      2808        346          0         60       1220      27078   tasks.o
      1318        124          0         20        280      32619   timers.o
       996        100          0          0        560       3954   usart.o
       170          8          0          0          0       2022   user_lib.o

    ----------------------------------------------------------------------
     26094       1640        596        272      21472    1054790   Object Totals
         0          0         32          0          0          0   (incl. Generated)
        34          0          0          4          6          0   (incl. Padding)

    ----------------------------------------------------------------------

      Code (inc. data)   RO Data    RW Data    ZI Data      Debug   Library Member Name

         0          0       2052          0          0       4636   arm_common_tables.o
       120         12          0          0          0      16970   arm_cos_f32.o
       116         12          0          0          0        658   arm_sin_f32.o
         0          0          0          0          0          0   entry.o
         0          0          0          0          0          0   entry10a.o
         0          0          0          0          0          0   entry11a.o
         8          4          0          0          0          0   entry2.o
         4          0          0          0          0          0   entry5.o
         0          0          0          0          0          0   entry7b.o
         0          0          0          0          0          0   entry8b.o
         8          4          0          0          0          0   entry9a.o
        30          0          0          0          0          0   handlers.o
        36          8          0          0          0         68   init.o
         0          0          0          0          0          0   iusefp.o
        30          0          0          0          0         68   llshl.o
        32          0          0          0          0         68   llushr.o
        36          0          0          0          0         68   memcpya.o
        36          0          0          0          0        108   memseta.o
        98          0          0          0          0         92   uldiv.o
        56          0          0          0          0         88   d2f.o
       222          0          0          0          0        100   ddiv.o
       186          0          0          0          0        176   depilogue.o
        34          0          0          0          0         76   dflti.o
       228          0          0          0          0         96   dmul.o
        38          0          0          0          0         68   f2d.o
       110          0          0          0          0        168   fepilogue.o

    ----------------------------------------------------------------------
      1430         40       2052          0          0      23508   Library Totals
         2          0          0          0          0          0   (incl. Padding)

    ----------------------------------------------------------------------

      Code (inc. data)   RO Data    RW Data    ZI Data      Debug   Library Name

       236         24       2052          0          0      22264   arm_cortexM4lf_math.lib
       318         16          0          0          0        472   mc_w.l
       874          0          0          0          0        772   mf_w.l

    ----------------------------------------------------------------------
      1430         40       2052          0          0      23508   Library Totals

    ----------------------------------------------------------------------

==============================================================================


      Code (inc. data)   RO Data    RW Data    ZI Data      Debug   

     27524       1680       2648        272      21472    1056582   Grand Totals
     27524       1680       2648        272      21472    1056582   ELF Image Totals
     27524       1680       2648        272          0          0   ROM Totals

==============================================================================

    Total RO  Size (Code + RO Data)                30172 (  29.46kB)
    Total RW  Size (RW Data + ZI Data)             21744 (  21.23kB)
    Total ROM Size (Code + RO Data + RW Data)      30444 (  29.73kB)

==============================================================================

