<html>
<body>
<pre>
<h1>µVision Build Log</h1>
<h2>Tool Versions:</h2>
IDE-Version: ¦ÌVision V5.30.0.0
Copyright (C) 2020 ARM Ltd and ARM Germany GmbH. All rights reserved.
License Information: 1 Administrator, 11, LIC=ZB4EI-TTEW6-JJH6S-LPW19-CWLZG-69275
 
Tool Versions:
Toolchain:       MDK-ARM Plus  Version: 5.30.0.0
Toolchain Path:  F:\mdk5\Core\ARM\ARMCC\Bin
C Compiler:      Armcc.exe V5.06 update 6 (build 750)
Assembler:       Armasm.exe V5.06 update 6 (build 750)
Linker/Locator:  ArmLink.exe V5.06 update 6 (build 750)
Library Manager: ArmAr.exe V5.06 update 6 (build 750)
Hex Converter:   FromElf.exe V5.06 update 6 (build 750)
CPU DLL:         SARMCM3.DLL V5.30.0.0
Dialog DLL:      DCM.DLL V1.17.3.0
Target DLL:      CMSIS_AGDI.dll V1.32.5.0
Dialog DLL:      TCM.DLL V1.42.0.0
 
<h2>Project:</h2>
D:\RMÈ«ÏòÂÖ\F407 VET6\MDK-ARM\FreeRTOS-m3508.uvprojx
Project File Date:  01/19/2023

<h2>Output:</h2>
*** Using Compiler 'V5.06 update 6 (build 750)', folder: 'F:\mdk5\Core\ARM\ARMCC\Bin'
Build target 'FreeRTOS-m3508'
compiling chassis_task.c...
..\APP\chassis\chassis_task.c(262): warning:  #177-D: variable "swing_angle"  was declared but never referenced
  					static int swing_angle=45;
..\APP\chassis\chassis_task.c(263): warning:  #177-D: variable "sin_angle"  was declared but never referenced
  					static int sin_angle=25;
..\APP\chassis\chassis_task.c(311): warning:  #177-D: variable "max_vector"  was declared but never referenced
      fp32 max_vector = 0.0f, vector_rate = 0.0f;
..\APP\chassis\chassis_task.c(311): warning:  #177-D: variable "vector_rate"  was declared but never referenced
      fp32 max_vector = 0.0f, vector_rate = 0.0f;
..\APP\chassis\chassis_task.c(312): warning:  #177-D: variable "temp"  was declared but never referenced
      fp32 temp = 0.0f;
..\APP\chassis\chassis_task.c: 5 warnings, 0 errors
linking...
Program Size: Code=27524 RO-data=2648 RW-data=272 ZI-data=21472  
FromELF: creating hex file...
"FreeRTOS-m3508\FreeRTOS-m3508.axf" - 0 Error(s), 5 Warning(s).

<h2>Software Packages used:</h2>

Package Vendor: ARM
                http://www.keil.com/pack/ARM.CMSIS.5.9.0.pack
                ARM.CMSIS.5.9.0
                CMSIS (Common Microcontroller Software Interface Standard)
   * Component: CORE Version: 5.6.0

Package Vendor: Keil
                http://www.keil.com/pack/Keil.STM32F4xx_DFP.2.16.0.pack
                Keil.STM32F4xx_DFP.2.16.0
                STMicroelectronics STM32F4 Series Device Support, Drivers and Examples

<h2>Collection of Component include folders:</h2>
  .\RTE\_FreeRTOS-m3508
  F:\mdk5\Packs\ARM\CMSIS\5.9.0\CMSIS\Core\Include
  F:\mdk5\Packs\Keil\STM32F4xx_DFP\2.16.0\Drivers\CMSIS\Device\ST\STM32F4xx\Include

<h2>Collection of Component Files used:</h2>

   * Component: ARM::CMSIS:CORE:5.6.0
      Include file:  CMSIS\Core\Include\tz_context.h
Build Time Elapsed:  00:00:02
</pre>
</body>
</html>
