Component: ARM Compiler 5.06 update 6 (build 750) Tool: armlink [4d35ed]

==============================================================================

Section Cross References

    startup_stm32f407xx.o(STACK) refers (Special) to heapauxi.o(.text) for __use_two_region_memory
    startup_stm32f407xx.o(HEAP) refers (Special) to heapauxi.o(.text) for __use_two_region_memory
    startup_stm32f407xx.o(RESET) refers (Special) to heapauxi.o(.text) for __use_two_region_memory
    startup_stm32f407xx.o(RESET) refers to startup_stm32f407xx.o(STACK) for __initial_sp
    startup_stm32f407xx.o(RESET) refers to startup_stm32f407xx.o(.text) for Reset_Handler
    startup_stm32f407xx.o(RESET) refers to stm32f4xx_it.o(i.NMI_Handler) for NMI_Handler
    startup_stm32f407xx.o(RESET) refers to stm32f4xx_it.o(i.HardFault_Handler) for HardFault_Handler
    startup_stm32f407xx.o(RESET) refers to stm32f4xx_it.o(i.MemManage_Handler) for MemManage_Handler
    startup_stm32f407xx.o(RESET) refers to stm32f4xx_it.o(i.BusFault_Handler) for BusFault_Handler
    startup_stm32f407xx.o(RESET) refers to stm32f4xx_it.o(i.UsageFault_Handler) for UsageFault_Handler
    startup_stm32f407xx.o(RESET) refers to port.o(.emb_text) for SVC_Handler
    startup_stm32f407xx.o(RESET) refers to stm32f4xx_it.o(i.DebugMon_Handler) for DebugMon_Handler
    startup_stm32f407xx.o(RESET) refers to port.o(i.SysTick_Handler) for SysTick_Handler
    startup_stm32f407xx.o(RESET) refers to stm32f4xx_it.o(i.EXTI0_IRQHandler) for EXTI0_IRQHandler
    startup_stm32f407xx.o(RESET) refers to stm32f4xx_it.o(i.EXTI3_IRQHandler) for EXTI3_IRQHandler
    startup_stm32f407xx.o(RESET) refers to stm32f4xx_it.o(i.EXTI4_IRQHandler) for EXTI4_IRQHandler
    startup_stm32f407xx.o(RESET) refers to stm32f4xx_it.o(i.DMA1_Stream1_IRQHandler) for DMA1_Stream1_IRQHandler
    startup_stm32f407xx.o(RESET) refers to stm32f4xx_it.o(i.CAN1_RX0_IRQHandler) for CAN1_RX0_IRQHandler
    startup_stm32f407xx.o(RESET) refers to stm32f4xx_it.o(i.EXTI9_5_IRQHandler) for EXTI9_5_IRQHandler
    startup_stm32f407xx.o(RESET) refers to stm32f4xx_it.o(i.TIM1_UP_TIM10_IRQHandler) for TIM1_UP_TIM10_IRQHandler
    startup_stm32f407xx.o(RESET) refers to stm32f4xx_it.o(i.TIM2_IRQHandler) for TIM2_IRQHandler
    startup_stm32f407xx.o(RESET) refers to stm32f4xx_it.o(i.USART1_IRQHandler) for USART1_IRQHandler
    startup_stm32f407xx.o(RESET) refers to bsp_dma.o(i.USART3_IRQHandler) for USART3_IRQHandler
    startup_stm32f407xx.o(RESET) refers to stm32f4xx_it.o(i.DMA2_Stream0_IRQHandler) for DMA2_Stream0_IRQHandler
    startup_stm32f407xx.o(RESET) refers to stm32f4xx_it.o(i.DMA2_Stream1_IRQHandler) for DMA2_Stream1_IRQHandler
    startup_stm32f407xx.o(RESET) refers to stm32f4xx_it.o(i.DMA2_Stream2_IRQHandler) for DMA2_Stream2_IRQHandler
    startup_stm32f407xx.o(RESET) refers to stm32f4xx_it.o(i.DMA2_Stream3_IRQHandler) for DMA2_Stream3_IRQHandler
    startup_stm32f407xx.o(RESET) refers to stm32f4xx_it.o(i.CAN2_RX0_IRQHandler) for CAN2_RX0_IRQHandler
    startup_stm32f407xx.o(RESET) refers to bsp_dma.o(i.USART6_IRQHandler) for USART6_IRQHandler
    startup_stm32f407xx.o(.text) refers (Special) to heapauxi.o(.text) for __use_two_region_memory
    startup_stm32f407xx.o(.text) refers to system_stm32f4xx.o(i.SystemInit) for SystemInit
    startup_stm32f407xx.o(.text) refers to __main.o(!!!main) for __main
    startup_stm32f407xx.o(.text) refers to startup_stm32f407xx.o(HEAP) for Heap_Mem
    startup_stm32f407xx.o(.text) refers to startup_stm32f407xx.o(STACK) for Stack_Mem
    main.o(i.HAL_TIM_PeriodElapsedCallback) refers to stm32f4xx_hal.o(i.HAL_IncTick) for HAL_IncTick
    main.o(i.SystemClock_Config) refers to rt_memclr_w.o(.text) for __aeabi_memclr4
    main.o(i.SystemClock_Config) refers to stm32f4xx_hal_rcc.o(i.HAL_RCC_OscConfig) for HAL_RCC_OscConfig
    main.o(i.SystemClock_Config) refers to main.o(i.Error_Handler) for Error_Handler
    main.o(i.SystemClock_Config) refers to stm32f4xx_hal_rcc.o(i.HAL_RCC_ClockConfig) for HAL_RCC_ClockConfig
    main.o(i.main) refers to stm32f4xx_hal.o(i.HAL_Init) for HAL_Init
    main.o(i.main) refers to main.o(i.SystemClock_Config) for SystemClock_Config
    main.o(i.main) refers to gpio.o(i.MX_GPIO_Init) for MX_GPIO_Init
    main.o(i.main) refers to can.o(i.MX_CAN1_Init) for MX_CAN1_Init
    main.o(i.main) refers to dma.o(i.MX_DMA_Init) for MX_DMA_Init
    main.o(i.main) refers to usart.o(i.MX_USART1_UART_Init) for MX_USART1_UART_Init
    main.o(i.main) refers to can.o(i.MX_CAN2_Init) for MX_CAN2_Init
    main.o(i.main) refers to usart.o(i.MX_USART3_UART_Init) for MX_USART3_UART_Init
    main.o(i.main) refers to spi.o(i.MX_SPI1_Init) for MX_SPI1_Init
    main.o(i.main) refers to i2c.o(i.MX_I2C3_Init) for MX_I2C3_Init
    main.o(i.main) refers to tim.o(i.MX_TIM10_Init) for MX_TIM10_Init
    main.o(i.main) refers to tim.o(i.MX_TIM1_Init) for MX_TIM1_Init
    main.o(i.main) refers to usart.o(i.MX_USART6_UART_Init) for MX_USART6_UART_Init
[...]
    Angle_Pid_Init                           0x080008f1   Thumb Code   104  pid.o(i.Angle_Pid_Init)
    BMI088_ACCEL_Read_Byte_Reg               0x0800095d   Thumb Code    50  bmi088_drive.o(i.BMI088_ACCEL_Read_Byte_Reg)
    BMI088_ACCEL_Read_Muli_Reg               0x08000995   Thumb Code    64  bmi088_drive.o(i.BMI088_ACCEL_Read_Muli_Reg)
    BMI088_ACCEL_Write_Byte_Reg              0x080009d9   Thumb Code    40  bmi088_drive.o(i.BMI088_ACCEL_Write_Byte_Reg)
    BMI088_Delay_us                          0x08000a05   Thumb Code    74  bmi088_drive.o(i.BMI088_Delay_us)
    BMI088_GYRO_Read_Byte_Reg                0x08000a51   Thumb Code    44  bmi088_drive.o(i.BMI088_GYRO_Read_Byte_Reg)
    BMI088_GYRO_Read_Muli_Reg                0x08000a81   Thumb Code    58  bmi088_drive.o(i.BMI088_GYRO_Read_Muli_Reg)
    BMI088_GYRO_Write_Byte_Reg               0x08000ac1   Thumb Code    40  bmi088_drive.o(i.BMI088_GYRO_Write_Byte_Reg)
    BMI088_Init                              0x08000aed   Thumb Code    82  bmi088.o(i.BMI088_Init)
    BMI088_Read_Write_Byte                   0x08000b45   Thumb Code    28  bmi088_drive.o(i.BMI088_Read_Write_Byte)
    BusFault_Handler                         0x08000b65   Thumb Code     4  stm32f4xx_it.o(i.BusFault_Handler)
    CAN1_RX0_IRQHandler                      0x08000b69   Thumb Code    10  stm32f4xx_it.o(i.CAN1_RX0_IRQHandler)
    CAN2_RX0_IRQHandler                      0x08000b79   Thumb Code    10  stm32f4xx_it.o(i.CAN2_RX0_IRQHandler)
    CAN2_get_remote                          0x08000b89   Thumb Code    12  bsp_can.o(i.CAN2_get_remote)
    CAN2_motor                               0x08000b95   Thumb Code    68  bsp_can.o(i.CAN2_motor)
    CAN2_remote_get1                         0x08000be5   Thumb Code    68  bsp_can.o(i.CAN2_remote_get1)
    CAN_cmd_gimbal                           0x08000c35   Thumb Code    68  bsp_can.o(i.CAN_cmd_gimbal)
    Can2_init                                0x08000cfd   Thumb Code    18  bsp_can.o(i.Can2_init)
    Can_init                                 0x08000d15   Thumb Code    22  bsp_can.o(i.Can_init)
    DMA1_Stream1_IRQHandler                  0x08000d31   Thumb Code    10  stm32f4xx_it.o(i.DMA1_Stream1_IRQHandler)
    DMA2_Stream0_IRQHandler                  0x08000d41   Thumb Code    10  stm32f4xx_it.o(i.DMA2_Stream0_IRQHandler)
    DMA2_Stream1_IRQHandler                  0x08000d51   Thumb Code    10  stm32f4xx_it.o(i.DMA2_Stream1_IRQHandler)
    DMA2_Stream2_IRQHandler                  0x08000d61   Thumb Code    10  stm32f4xx_it.o(i.DMA2_Stream2_IRQHandler)
    DMA2_Stream3_IRQHandler                  0x08000d71   Thumb Code    10  stm32f4xx_it.o(i.DMA2_Stream3_IRQHandler)
    DebugMon_Handler                         0x08000e8b   Thumb Code     2  stm32f4xx_it.o(i.DebugMon_Handler)
    DetectHook                               0x08000e8d   Thumb Code    20  detect_tesk.o(i.DetectHook)
    DetectInit                               0x08000ea5   Thumb Code    32  detect_tesk.o(i.DetectInit)
    DetectTask                               0x08000ec9   Thumb Code   236  detect_tesk.o(i.DetectTask)
    Detect_Judeg                             0x08000fb9   Thumb Code    22  detect_tesk.o(i.Detect_Judeg)
    EXTI0_IRQHandler                         0x08000fd5   Thumb Code    10  stm32f4xx_it.o(i.EXTI0_IRQHandler)
    EXTI3_IRQHandler                         0x08000fdf   Thumb Code    10  stm32f4xx_it.o(i.EXTI3_IRQHandler)
    EXTI4_IRQHandler                         0x08000fe9   Thumb Code    10  stm32f4xx_it.o(i.EXTI4_IRQHandler)
    EXTI9_5_IRQHandler                       0x08000ff3   Thumb Code    10  stm32f4xx_it.o(i.EXTI9_5_IRQHandler)
    Error_Handler                            0x08000ffd   Thumb Code     6  main.o(i.Error_Handler)
    FTraL                                    0x08001005   Thumb Code    76  pid.o(i.FTraL)
    FTraR                                    0x08001055   Thumb Code    76  pid.o(i.FTraR)
    FTri                                     0x080010a5   Thumb Code   110  pid.o(i.FTri)
    Fuzzy_Pid_Init                           0x08001119   Thumb Code   148  pid.o(i.Fuzzy_Pid_Init)
    Fuzzy_Pid_calc                           0x080011b1   Thumb Code  1524  pid.o(i.Fuzzy_Pid_calc)
    GETIST8310_address                       0x080017b5   Thumb Code     4  gyro_get_data.o(i.GETIST8310_address)
    GET_ACC_DATA                             0x080017bd   Thumb Code     4  gyro_get_data.o(i.GET_ACC_DATA)
    GET_GYRO_DATA                            0x080017c5   Thumb Code     4  gyro_get_data.o(i.GET_GYRO_DATA)
    Get_FRI_Motor_Data                       0x08001dc1   Thumb Code   214  bsp_can.o(i.Get_FRI_Motor_Data)
    Get_Fri1_Motor_Data_Point                0x08001ebd   Thumb Code     4  bsp_can.o(i.Get_Fri1_Motor_Data_Point)
    Get_Fri2_Motor_Data_Point                0x08001ec5   Thumb Code     4  bsp_can.o(i.Get_Fri2_Motor_Data_Point)
    Get_PLUCK_Motor_Data                     0x08001ecd   Thumb Code   122  bsp_can.o(i.Get_PLUCK_Motor_Data)
    Get_Pluck_Motor_Data_Point               0x08001f55   Thumb Code     4  bsp_can.o(i.Get_Pluck_Motor_Data_Point)
    Get_Remote_info                          0x08001f5d   Thumb Code   214  bsp_dma.o(i.Get_Remote_info)
    HAL_CAN_ActivateNotification             0x08002033   Thumb Code    42  stm32f4xx_hal_can.o(i.HAL_CAN_ActivateNotification)
    HAL_CAN_AddTxMessage                     0x0800205d   Thumb Code   342  stm32f4xx_hal_can.o(i.HAL_CAN_AddTxMessage)
    HAL_CAN_ConfigFilter                     0x080021b5   Thumb Code   286  stm32f4xx_hal_can.o(i.HAL_CAN_ConfigFilter)
    HAL_CAN_ErrorCallback                    0x080022d9   Thumb Code     2  stm32f4xx_hal_can.o(i.HAL_CAN_ErrorCallback)
    HAL_CAN_GetRxMessage                     0x080022db   Thumb Code   378  stm32f4xx_hal_can.o(i.HAL_CAN_GetRxMessage)
    HAL_CAN_IRQHandler                       0x08002455   Thumb Code   590  stm32f4xx_hal_can.o(i.HAL_CAN_IRQHandler)
    HAL_CAN_Init                             0x080026a3   Thumb Code   372  stm32f4xx_hal_can.o(i.HAL_CAN_Init)
    HAL_CAN_MspInit                          0x08002819   Thumb Code   328  can.o(i.HAL_CAN_MspInit)
    HAL_CAN_RxFifo0FullCallback              0x08002979   Thumb Code     2  stm32f4xx_hal_can.o(i.HAL_CAN_RxFifo0FullCallback)
    HAL_CAN_RxFifo0MsgPendingCallback        0x0800297b   Thumb Code    30  bsp_can.o(i.HAL_CAN_RxFifo0MsgPendingCallback)
    HAL_CAN_RxFifo1FullCallback              0x08002999   Thumb Code     2  stm32f4xx_hal_can.o(i.HAL_CAN_RxFifo1FullCallback)
    HAL_CAN_RxFifo1MsgPendingCallback        0x0800299b   Thumb Code     2  stm32f4xx_hal_can.o(i.HAL_CAN_RxFifo1MsgPendingCallback)
    HAL_CAN_SleepCallback                    0x0800299d   Thumb Code     2  stm32f4xx_hal_can.o(i.HAL_CAN_SleepCallback)
    HAL_CAN_Start                            0x0800299f   Thumb Code    94  stm32f4xx_hal_can.o(i.HAL_CAN_Start)
    HAL_CAN_TxMailbox0AbortCallback          0x080029fd   Thumb Code     2  stm32f4xx_hal_can.o(i.HAL_CAN_TxMailbox0AbortCallback)
    HAL_CAN_TxMailbox0CompleteCallback       0x080029ff   Thumb Code     2  stm32f4xx_hal_can.o(i.HAL_CAN_TxMailbox0CompleteCallback)
    HAL_CAN_TxMailbox1AbortCallback          0x08002a01   Thumb Code     2  stm32f4xx_hal_can.o(i.HAL_CAN_TxMailbox1AbortCallback)
    HAL_CAN_TxMailbox1CompleteCallback       0x08002a03   Thumb Code     2  stm32f4xx_hal_can.o(i.HAL_CAN_TxMailbox1CompleteCallback)
    HAL_CAN_TxMailbox2AbortCallback          0x08002a05   Thumb Code     2  stm32f4xx_hal_can.o(i.HAL_CAN_TxMailbox2AbortCallback)
    HAL_CAN_TxMailbox2CompleteCallback       0x08002a07   Thumb Code     2  stm32f4xx_hal_can.o(i.HAL_CAN_TxMailbox2CompleteCallback)
    HAL_CAN_WakeUpFromRxMsgCallback          0x08002a09   Thumb Code     2  stm32f4xx_hal_can.o(i.HAL_CAN_WakeUpFromRxMsgCallback)
    HAL_DMA_Abort                            0x08002a0b   Thumb Code   172  stm32f4xx_hal_dma.o(i.HAL_DMA_Abort)
    HAL_DMA_Abort_IT                         0x08002ab7   Thumb Code    40  stm32f4xx_hal_dma.o(i.HAL_DMA_Abort_IT)
    HAL_DMA_IRQHandler                       0x08002ae1   Thumb Code   570  stm32f4xx_hal_dma.o(i.HAL_DMA_IRQHandler)
    HAL_DMA_Init                             0x08002d21   Thumb Code   232  stm32f4xx_hal_dma.o(i.HAL_DMA_Init)
    HAL_DMA_Start_IT                         0x08002e0d   Thumb Code   146  stm32f4xx_hal_dma.o(i.HAL_DMA_Start_IT)
    HAL_Delay                                0x08002ea1   Thumb Code    36  stm32f4xx_hal.o(i.HAL_Delay)
    HAL_GPIO_EXTI_Callback                   0x08002ec9   Thumb Code     2  stm32f4xx_hal_gpio.o(i.HAL_GPIO_EXTI_Callback)
    HAL_GPIO_EXTI_IRQHandler                 0x08002ecd   Thumb Code    24  stm32f4xx_hal_gpio.o(i.HAL_GPIO_EXTI_IRQHandler)
    HAL_GPIO_Init                            0x08002ee9   Thumb Code   454  stm32f4xx_hal_gpio.o(i.HAL_GPIO_Init)
    HAL_GPIO_WritePin                        0x080030dd   Thumb Code    12  stm32f4xx_hal_gpio.o(i.HAL_GPIO_WritePin)
    HAL_GetTick                              0x080030e9   Thumb Code     6  stm32f4xx_hal.o(i.HAL_GetTick)
    HAL_I2C_Init                             0x080030f5   Thumb Code   446  stm32f4xx_hal_i2c.o(i.HAL_I2C_Init)
    HAL_I2C_Mem_Read                         0x080032c5   Thumb Code   744  stm32f4xx_hal_i2c.o(i.HAL_I2C_Mem_Read)
    HAL_I2C_Mem_Write                        0x080035b9   Thumb Code   348  stm32f4xx_hal_i2c.o(i.HAL_I2C_Mem_Write)
    HAL_I2C_MspInit                          0x0800371d   Thumb Code   182  i2c.o(i.HAL_I2C_MspInit)
    HAL_IncTick                              0x080037e5   Thumb Code    16  stm32f4xx_hal.o(i.HAL_IncTick)
    HAL_Init                                 0x080037fd   Thumb Code    54  stm32f4xx_hal.o(i.HAL_Init)
    HAL_InitTick                             0x08003839   Thumb Code   162  stm32f4xx_hal_timebase_tim.o(i.HAL_InitTick)
    HAL_MspInit                              0x080038ed   Thumb Code    78  stm32f4xx_hal_msp.o(i.HAL_MspInit)
    HAL_NVIC_EnableIRQ                       0x08003941   Thumb Code    32  stm32f4xx_hal_cortex.o(i.HAL_NVIC_EnableIRQ)
    HAL_NVIC_SetPriority                     0x08003961   Thumb Code   124  stm32f4xx_hal_cortex.o(i.HAL_NVIC_SetPriority)
    HAL_NVIC_SetPriorityGrouping             0x080039dd   Thumb Code    32  stm32f4xx_hal_cortex.o(i.HAL_NVIC_SetPriorityGrouping)
    HAL_RCC_ClockConfig                      0x08003a05   Thumb Code   368  stm32f4xx_hal_rcc.o(i.HAL_RCC_ClockConfig)
    HAL_RCC_GetClockConfig                   0x08003b89   Thumb Code    58  stm32f4xx_hal_rcc.o(i.HAL_RCC_GetClockConfig)
    HAL_RCC_GetHCLKFreq                      0x08003bcd   Thumb Code     6  stm32f4xx_hal_rcc.o(i.HAL_RCC_GetHCLKFreq)
    HAL_RCC_GetPCLK1Freq                     0x08003bd9   Thumb Code    22  stm32f4xx_hal_rcc.o(i.HAL_RCC_GetPCLK1Freq)
    HAL_RCC_GetPCLK2Freq                     0x08003bf9   Thumb Code    22  stm32f4xx_hal_rcc.o(i.HAL_RCC_GetPCLK2Freq)
    HAL_RCC_GetSysClockFreq                  0x08003c19   Thumb Code   162  stm32f4xx_hal_rcc.o(i.HAL_RCC_GetSysClockFreq)
    HAL_RCC_OscConfig                        0x08003cc9   Thumb Code  1172  stm32f4xx_hal_rcc.o(i.HAL_RCC_OscConfig)
    HAL_SPI_Init                             0x08004165   Thumb Code   200  stm32f4xx_hal_spi.o(i.HAL_SPI_Init)
    HAL_SPI_MspInit                          0x0800422d   Thumb Code   304  spi.o(i.HAL_SPI_MspInit)
    HAL_SPI_TransmitReceive                  0x08004379   Thumb Code   554  stm32f4xx_hal_spi.o(i.HAL_SPI_TransmitReceive)
    HAL_TIMEx_BreakCallback                  0x080045a3   Thumb Code     2  stm32f4xx_hal_tim_ex.o(i.HAL_TIMEx_BreakCallback)
    HAL_TIMEx_CommutCallback                 0x080045a5   Thumb Code     2  stm32f4xx_hal_tim_ex.o(i.HAL_TIMEx_CommutCallback)
    HAL_TIMEx_ConfigBreakDeadTime            0x080045a7   Thumb Code   116  stm32f4xx_hal_tim_ex.o(i.HAL_TIMEx_ConfigBreakDeadTime)
    HAL_TIMEx_MasterConfigSynchronization    0x0800461d   Thumb Code   150  stm32f4xx_hal_tim_ex.o(i.HAL_TIMEx_MasterConfigSynchronization)
    HAL_TIM_Base_Init                        0x080046d1   Thumb Code   102  stm32f4xx_hal_tim.o(i.HAL_TIM_Base_Init)
    HAL_TIM_Base_MspInit                     0x08004739   Thumb Code   120  tim.o(i.HAL_TIM_Base_MspInit)
    HAL_TIM_Base_Start_IT                    0x080047bd   Thumb Code   138  stm32f4xx_hal_tim.o(i.HAL_TIM_Base_Start_IT)
    HAL_TIM_ConfigClockSource                0x08004865   Thumb Code   268  stm32f4xx_hal_tim.o(i.HAL_TIM_ConfigClockSource)
    HAL_TIM_IC_CaptureCallback               0x08004971   Thumb Code     2  stm32f4xx_hal_tim.o(i.HAL_TIM_IC_CaptureCallback)
    HAL_TIM_IRQHandler                       0x08004973   Thumb Code   406  stm32f4xx_hal_tim.o(i.HAL_TIM_IRQHandler)
    HAL_TIM_MspPostInit                      0x08004b09   Thumb Code   156  tim.o(i.HAL_TIM_MspPostInit)
    HAL_TIM_OC_DelayElapsedCallback          0x08004bb9   Thumb Code     2  stm32f4xx_hal_tim.o(i.HAL_TIM_OC_DelayElapsedCallback)
    HAL_TIM_PWM_ConfigChannel                0x08004bbb   Thumb Code   260  stm32f4xx_hal_tim.o(i.HAL_TIM_PWM_ConfigChannel)
    HAL_TIM_PWM_Init                         0x08004cbf   Thumb Code   102  stm32f4xx_hal_tim.o(i.HAL_TIM_PWM_Init)
    HAL_TIM_PWM_MspInit                      0x08004d25   Thumb Code     2  stm32f4xx_hal_tim.o(i.HAL_TIM_PWM_MspInit)
    HAL_TIM_PWM_PulseFinishedCallback        0x08004d27   Thumb Code     2  stm32f4xx_hal_tim.o(i.HAL_TIM_PWM_PulseFinishedCallback)
    HAL_TIM_PWM_Start                        0x08004d29   Thumb Code   238  stm32f4xx_hal_tim.o(i.HAL_TIM_PWM_Start)
    HAL_TIM_PeriodElapsedCallback            0x08004e35   Thumb Code    18  main.o(i.HAL_TIM_PeriodElapsedCallback)
    HAL_TIM_TriggerCallback                  0x08004e47   Thumb Code     2  stm32f4xx_hal_tim.o(i.HAL_TIM_TriggerCallback)
    HAL_UARTEx_RxEventCallback               0x08004e49   Thumb Code     2  stm32f4xx_hal_uart.o(i.HAL_UARTEx_RxEventCallback)
    HAL_UART_ErrorCallback                   0x08004e4b   Thumb Code     2  stm32f4xx_hal_uart.o(i.HAL_UART_ErrorCallback)
    HAL_UART_IRQHandler                      0x08004e4d   Thumb Code   732  stm32f4xx_hal_uart.o(i.HAL_UART_IRQHandler)
    HAL_UART_Init                            0x0800512d   Thumb Code   114  stm32f4xx_hal_uart.o(i.HAL_UART_Init)
    HAL_UART_MspInit                         0x080051a1   Thumb Code   632  usart.o(i.HAL_UART_MspInit)
    HAL_UART_Receive_DMA                     0x0800544d   Thumb Code    66  stm32f4xx_hal_uart.o(i.HAL_UART_Receive_DMA)
    HAL_UART_RxCpltCallback                  0x0800548f   Thumb Code     2  stm32f4xx_hal_uart.o(i.HAL_UART_RxCpltCallback)
    HAL_UART_RxHalfCpltCallback              0x08005491   Thumb Code     2  stm32f4xx_hal_uart.o(i.HAL_UART_RxHalfCpltCallback)
    HAL_UART_TxCpltCallback                  0x08005493   Thumb Code     2  stm32f4xx_hal_uart.o(i.HAL_UART_TxCpltCallback)
    HardFault_Handler                        0x08005495   Thumb Code     4  stm32f4xx_it.o(i.HardFault_Handler)
    INS_task                                 0x0800599d   Thumb Code    34  gyro_get_data.o(i.INS_task)
    IST8310_IIC_Init                         0x080059e1   Thumb Code    36  ist8310.o(i.IST8310_IIC_Init)
    IST8310_IIC_WHO_AM_I                     0x08005a09   Thumb Code   178  ist8310.o(i.IST8310_IIC_WHO_AM_I)
    Init_offset_and_gyro                     0x08005ac1   Thumb Code   144  gyro_get_data.o(i.Init_offset_and_gyro)
    Loop_Get_Gyro_Data                       0x08005b6d   Thumb Code    28  gyro_get_data.o(i.Loop_Get_Gyro_Data)
    MX_CAN1_Init                             0x08005b8d   Thumb Code    62  can.o(i.MX_CAN1_Init)
    MX_CAN2_Init                             0x08005bd5   Thumb Code    62  can.o(i.MX_CAN2_Init)
    MX_DMA_Init                              0x08005c1d   Thumb Code   146  dma.o(i.MX_DMA_Init)
    MX_FREERTOS_Init                         0x08005cb5   Thumb Code   126  freertos.o(i.MX_FREERTOS_Init)
    MX_GPIO_Init                             0x08005d4d   Thumb Code   494  gpio.o(i.MX_GPIO_Init)
    MX_I2C3_Init                             0x08005f55   Thumb Code    48  i2c.o(i.MX_I2C3_Init)
    MX_SPI1_Init                             0x08005f91   Thumb Code    62  spi.o(i.MX_SPI1_Init)
    MX_TIM10_Init                            0x08005fd9   Thumb Code   110  tim.o(i.MX_TIM10_Init)
    MX_TIM1_Init                             0x08006051   Thumb Code   240  tim.o(i.MX_TIM1_Init)
    MX_USART1_UART_Init                      0x08006149   Thumb Code    46  usart.o(i.MX_USART1_UART_Init)
    MX_USART3_UART_Init                      0x08006181   Thumb Code    48  usart.o(i.MX_USART3_UART_Init)
    MX_USART6_UART_Init                      0x080061bd   Thumb Code    46  usart.o(i.MX_USART6_UART_Init)
    MahonyAHRSupdateIMU                      0x080061f5   Thumb Code   788  mahonyahrs.o(i.MahonyAHRSupdateIMU)
    MemManage_Handler                        0x08006539   Thumb Code     4  stm32f4xx_it.o(i.MemManage_Handler)
    NMI_Handler                              0x0800653d   Thumb Code     4  stm32f4xx_it.o(i.NMI_Handler)
    PID_calc                                 0x08006541   Thumb Code   282  pid.o(i.PID_calc)
    PID_init                                 0x08006661   Thumb Code    92  pid.o(i.PID_init)
    RC_Init                                  0x080066c1   Thumb Code    60  bsp_dma.o(i.RC_Init)
    SPEED_PID_Init                           0x08006709   Thumb Code    90  pid.o(i.SPEED_PID_Init)
    Shoot_GiveCUR                            0x080068ad   Thumb Code    72  shoot_task.o(i.Shoot_GiveCUR)
    Shoot_Init                               0x080068fd   Thumb Code   164  shoot_task.o(i.Shoot_Init)
    Shoot_Kaluli_limit                       0x080069c1   Thumb Code    16  shoot_task.o(i.Shoot_Kaluli_limit)
    Shoot_Mode_Set                           0x080069d5   Thumb Code   128  shoot_task.o(i.Shoot_Mode_Set)
    Shoot_Updata                             0x08006a55   Thumb Code    94  shoot_task.o(i.Shoot_Updata)
    Shoot_move                               0x08006ab5   Thumb Code   674  shoot_task.o(i.Shoot_move)
    Speed_Pid_Calc                           0x08006d95   Thumb Code   266  pid.o(i.Speed_Pid_Calc)
    SysTick_Handler                          0x08006ea1   Thumb Code    46  port.o(i.SysTick_Handler)
    SystemClock_Config                       0x08006ed5   Thumb Code   170  main.o(i.SystemClock_Config)
    SystemInit                               0x08006f89   Thumb Code    14  system_stm32f4xx.o(i.SystemInit)
    TIM1_UP_TIM10_IRQHandler                 0x08006f9d   Thumb Code    16  stm32f4xx_it.o(i.TIM1_UP_TIM10_IRQHandler)
    TIM2_IRQHandler                          0x08006fb5   Thumb Code    10  stm32f4xx_it.o(i.TIM2_IRQHandler)
    TIM_Base_SetConfig                       0x08006fc5   Thumb Code   170  stm32f4xx_hal_tim.o(i.TIM_Base_SetConfig)
    TIM_CCxChannelCmd                        0x0800709d   Thumb Code    34  stm32f4xx_hal_tim.o(i.TIM_CCxChannelCmd)
    TIM_ETR_SetConfig                        0x080070bf   Thumb Code    22  stm32f4xx_hal_tim.o(i.TIM_ETR_SetConfig)
    TIM_OC2_SetConfig                        0x08007159   Thumb Code   114  stm32f4xx_hal_tim.o(i.TIM_OC2_SetConfig)
    UART_Start_Receive_DMA                   0x080077f9   Thumb Code   196  stm32f4xx_hal_uart.o(i.UART_Start_Receive_DMA)
    USART1_IRQHandler                        0x08007929   Thumb Code    10  stm32f4xx_it.o(i.USART1_IRQHandler)
    USART3_IRQHandler                        0x08007939   Thumb Code   216  bsp_dma.o(i.USART3_IRQHandler)
    USART6_IRQHandler                        0x08007a25   Thumb Code   356  bsp_dma.o(i.USART6_IRQHandler)
    UsageFault_Handler                       0x08007b9d   Thumb Code     4  stm32f4xx_it.o(i.UsageFault_Handler)
    __ARM_fpclassifyf                        0x08007ba1   Thumb Code    38  fpclassifyf.o(i.__ARM_fpclassifyf)
    __hardfp_asinf                           0x08007c01   Thumb Code   258  asinf.o(i.__hardfp_asinf)
    __hardfp_atan2f                          0x08007d2d   Thumb Code   502  atan2f.o(i.__hardfp_atan2f)
    __mathlib_flt_infnan                     0x08007f7d   Thumb Code     6  funder.o(i.__mathlib_flt_infnan)
    __mathlib_flt_infnan2                    0x08007f83   Thumb Code     6  funder.o(i.__mathlib_flt_infnan2)
    __mathlib_flt_invalid                    0x08007f89   Thumb Code    10  funder.o(i.__mathlib_flt_invalid)
    __mathlib_flt_underflow                  0x08007f99   Thumb Code    10  funder.o(i.__mathlib_flt_underflow)
    angle_PID_clear                          0x08007fa9   Thumb Code    76  pid.o(i.angle_PID_clear)
    bmi088_accel_init                        0x08007ff9   Thumb Code   180  bmi088.o(i.bmi088_accel_init)
    bmi088_accel_self_test                   0x080080b1   Thumb Code   514  bmi088.o(i.bmi088_accel_self_test)
    bmi088_gyro_init                         0x080082c5   Thumb Code   180  bmi088.o(i.bmi088_gyro_init)
    bmi088_gyro_self_test                    0x0800837d   Thumb Code   150  bmi088.o(i.bmi088_gyro_self_test)
    can_filter_init                          0x08008415   Thumb Code    52  bsp_can.o(i.can_filter_init)
    fp32_constrain                           0x08008451   Thumb Code    58  gimbal_task.o(i.fp32_constrain)
    get_Pitch_Gimbal_Motor_Measure_Point     0x0800848d   Thumb Code     4  bsp_can.o(i.get_Pitch_Gimbal_Motor_Measure_Point)
    get_Yaw_Gimbal_Motor_Measure_Point       0x08008495   Thumb Code     4  bsp_can.o(i.get_Yaw_Gimbal_Motor_Measure_Point)
    get_angle                                0x0800849d   Thumb Code   324  gyro_get_data.o(i.get_angle)
    get_imu_data                             0x080085e9   Thumb Code   838  bmi088_drive.o(i.get_imu_data)
    get_motor_measure                        0x08008965   Thumb Code   124  bsp_can.o(i.get_motor_measure)
    get_remote_control_point                 0x080089e5   Thumb Code     4  bsp_dma.o(i.get_remote_control_point)
    gimbal_behaviour_control_set             0x080089ed   Thumb Code   210  gimbal_task.o(i.gimbal_behaviour_control_set)
    gimbal_behaviour_mode_set                0x08008ad9   Thumb Code   134  gimbal_task.o(i.gimbal_behaviour_mode_set)
    gimbal_task                              0x08008c3d   Thumb Code   332  gimbal_task.o(i.gimbal_task)
    hero_gimbal                              0x08008dd5   Thumb Code    10  freertos.o(i.hero_gimbal)
    imu_pwm_set                              0x08008de1   Thumb Code     8  imu_temp_control.o(i.imu_pwm_set)
    imu_temp_PID_calc                        0x08008ded   Thumb Code   492  imu_temp_control.o(i.imu_temp_PID_calc)
    imu_temp_PID_init                        0x08008fdd   Thumb Code    92  imu_temp_control.o(i.imu_temp_PID_init)
    imu_temp_control                         0x0800903d   Thumb Code   132  imu_temp_control.o(i.imu_temp_control)
    invSqrt                                  0x080090d9   Thumb Code    56  mahonyahrs.o(i.invSqrt)
    loop_fp32_constrain                      0x08009115   Thumb Code    96  bsp_can.o(i.loop_fp32_constrain)
    main                                     0x08009175   Thumb Code    76  main.o(i.main)
    minMax                                   0x080091cf   Thumb Code   150  gimbal_task.o(i.minMax)
    osDelay                                  0x08009265   Thumb Code    24  cmsis_os.o(i.osDelay)
    osKernelStart                            0x0800927d   Thumb Code    10  cmsis_os.o(i.osKernelStart)
    osThreadCreate                           0x08009287   Thumb Code    94  cmsis_os.o(i.osThreadCreate)
    pvPortMalloc                             0x08009765   Thumb Code   306  heap_4.o(i.pvPortMalloc)
    pxPortInitialiseStack                    0x080098b1   Thumb Code    38  port.o(i.pxPortInitialiseStack)
    rc_deadline_limit                        0x080098dd   Thumb Code    20  gimbal_task.o(i.rc_deadline_limit)
    remote_control_init                      0x080098f1   Thumb Code    12  bsp_dma.o(i.remote_control_init)
    send_shoot_cur                           0x08009901   Thumb Code    84  bsp_can.o(i.send_shoot_cur)
    shoot_task                               0x0800995d   Thumb Code    40  shoot_task.o(i.shoot_task)
    sqrtf                                    0x08009989   Thumb Code    62  sqrtf.o(i.sqrtf)
    theta_format                             0x080099c9   Thumb Code    24  bsp_can.o(i.theta_format)
    uxListRemove                             0x080099e9   Thumb Code    40  list.o(i.uxListRemove)
    vApplicationGetIdleTaskMemory            0x08009a11   Thumb Code    14  freertos.o(i.vApplicationGetIdleTaskMemory)
    vListInitialise                          0x08009a29   Thumb Code    26  list.o(i.vListInitialise)
    vListInitialiseItem                      0x08009a43   Thumb Code     6  list.o(i.vListInitialiseItem)
    vListInsert                              0x08009a49   Thumb Code    52  list.o(i.vListInsert)
    vListInsertEnd                           0x08009a7d   Thumb Code    24  list.o(i.vListInsertEnd)
    vPortEnterCritical                       0x08009a95   Thumb Code    76  port.o(i.vPortEnterCritical)
    vPortExitCritical                        0x08009ae9   Thumb Code    56  port.o(i.vPortExitCritical)
    vPortFree                                0x08009b25   Thumb Code   150  heap_4.o(i.vPortFree)
    vPortSetupTimerInterrupt                 0x08009bc9   Thumb Code    36  port.o(i.vPortSetupTimerInterrupt)
    vTaskDelay                               0x08009bf1   Thumb Code    82  tasks.o(i.vTaskDelay)
    vTaskStartScheduler                      0x08009c4d   Thumb Code   146  tasks.o(i.vTaskStartScheduler)
    vTaskSuspendAll                          0x08009cfd   Thumb Code    12  tasks.o(i.vTaskSuspendAll)
    vTaskSwitchContext                       0x08009d0d   Thumb Code   118  tasks.o(i.vTaskSwitchContext)
    xPortStartScheduler                      0x08009d99   Thumb Code   330  port.o(i.xPortStartScheduler)
    xTaskCreate                              0x08009f01   Thumb Code   100  tasks.o(i.xTaskCreate)
    xTaskCreateStatic                        0x08009f65   Thumb Code   186  tasks.o(i.xTaskCreateStatic)
    xTaskGetTickCount                        0x0800a021   Thumb Code     6  tasks.o(i.xTaskGetTickCount)
    xTaskIncrementTick                       0x0800a02d   Thumb Code   282  tasks.o(i.xTaskIncrementTick)
    xTaskResumeAll                           0x0800a175   Thumb Code   224  tasks.o(i.xTaskResumeAll)
    __aeabi_d2f                              0x0800a279   Thumb Code     0  d2f.o(x$fpl$d2f)
    _d2f                                     0x0800a279   Thumb Code    98  d2f.o(x$fpl$d2f)
    __fpl_dcmp_Inf                           0x0800a2db   Thumb Code    24  dcmpi.o(x$fpl$dcmpinf)
    __aeabi_ddiv                             0x0800a2f5   Thumb Code     0  ddiv.o(x$fpl$ddiv)
    _ddiv                                    0x0800a2f5   Thumb Code   552  ddiv.o(x$fpl$ddiv)
    __aeabi_i2d                              0x0800a5a5   Thumb Code     0  dflt_clz.o(x$fpl$dflt)
    _dflt                                    0x0800a5a5   Thumb Code    46  dflt_clz.o(x$fpl$dflt)
    __aeabi_cdcmple                          0x0800a5d5   Thumb Code     0  dleqf.o(x$fpl$dleqf)
    _dcmple                                  0x0800a5d5   Thumb Code   120  dleqf.o(x$fpl$dleqf)
    __fpl_dcmple_InfNaN                      0x0800a637   Thumb Code     0  dleqf.o(x$fpl$dleqf)
    __aeabi_dmul                             0x0800a64d   Thumb Code     0  dmul.o(x$fpl$dmul)
    _dmul                                    0x0800a64d   Thumb Code   332  dmul.o(x$fpl$dmul)
    __fpl_dnaninf                            0x0800a7a1   Thumb Code   156  dnaninf.o(x$fpl$dnaninf)
    __fpl_dretinf                            0x0800a83d   Thumb Code    12  dretinf.o(x$fpl$dretinf)
    __aeabi_cdrcmple                         0x0800a849   Thumb Code     0  drleqf.o(x$fpl$drleqf)
    _drcmple                                 0x0800a849   Thumb Code   108  drleqf.o(x$fpl$drleqf)
    __aeabi_f2d                              0x0800a8b5   Thumb Code     0  f2d.o(x$fpl$f2d)
    _f2d                                     0x0800a8b5   Thumb Code    86  f2d.o(x$fpl$f2d)
    __aeabi_ul2f                             0x0800a90b   Thumb Code     0  ffltll_clz.o(x$fpl$ffltll)
    _ll_uto_f                                0x0800a90b   Thumb Code     6  ffltll_clz.o(x$fpl$ffltll)
    __aeabi_l2f                              0x0800a911   Thumb Code     0  ffltll_clz.o(x$fpl$ffltll)
    _ll_sto_f                                0x0800a911   Thumb Code    90  ffltll_clz.o(x$fpl$ffltll)
    __fpl_fnaninf                            0x0800a96b   Thumb Code   140  fnaninf.o(x$fpl$fnaninf)
    _fp_init                                 0x0800a9f7   Thumb Code    10  fpinit.o(x$fpl$fpinit)
    __fplib_config_fpu_vfp                   0x0800a9ff   Thumb Code     0  fpinit.o(x$fpl$fpinit)
    __fplib_config_pureend_doubles           0x0800a9ff   Thumb Code     0  fpinit.o(x$fpl$fpinit)
    __fpl_fretinf                            0x0800aa01   Thumb Code    10  fretinf.o(x$fpl$fretinf)
    __I$use$fp                               0x0800aa0a   Number         0  usenofp.o(x$fpl$usenofp)
    AHBPrescTable                            0x0800aaa0   Data          16  system_stm32f4xx.o(.constdata)
    APBPrescTable                            0x0800aab0   Data           8  system_stm32f4xx.o(.constdata)
    Region$$Table$$Base                      0x0800ab0c   Number         0  anon$$obj.o(Region$$Table)
    Region$$Table$$Limit                     0x0800ab2c   Number         0  anon$$obj.o(Region$$Table)
    defaultTaskHandle                        0x20000000   Data           4  freertos.o(.data)
    GimbalHandle                             0x20000004   Data           4  freertos.o(.data)
    INS_BMI088Handle                         0x20000008   Data           4  freertos.o(.data)
    UserHandle                               0x2000000c   Data           4  freertos.o(.data)
    myTask05Handle                           0x20000010   Data           4  freertos.o(.data)
    uwTick                                   0x20000018   Data           4  stm32f4xx_hal.o(.data)
    uwTickPrio                               0x2000001c   Data           4  stm32f4xx_hal.o(.data)
    uwTickFreq                               0x20000020   Data           1  stm32f4xx_hal.o(.data)
    SystemCoreClock                          0x20000024   Data           4  system_stm32f4xx.o(.data)
    pxCurrentTCB                             0x20000028   Data           4  tasks.o(.data)
    get_speed                                0x200000bc   Data           8  bmi088_drive.o(.data)
    get_acc                                  0x200000c4   Data           6  bmi088_drive.o(.data)
    get_tmp                                  0x200000ca   Data           2  bmi088_drive.o(.data)
    twoKp                                    0x200000fc   Data           4  mahonyahrs.o(.data)
    twoKi                                    0x20000100   Data           4  mahonyahrs.o(.data)
    q0                                       0x20000104   Data           4  mahonyahrs.o(.data)
    q1                                       0x20000108   Data           4  mahonyahrs.o(.data)
    q2                                       0x2000010c   Data           4  mahonyahrs.o(.data)
    q3                                       0x20000110   Data           4  mahonyahrs.o(.data)
    integralFBx                              0x20000114   Data           4  mahonyahrs.o(.data)
    integralFBy                              0x20000118   Data           4  mahonyahrs.o(.data)
    integralFBz                              0x2000011c   Data           4  mahonyahrs.o(.data)
    chassis_can_send_data                    0x20000120   Data           8  bsp_can.o(.data)
    GIMBAL_can_send_data                     0x20000128   Data           8  bsp_can.o(.data)
    motor_flag                               0x20000130   Data           4  bsp_can.o(.data)
    temp                                     0x20000148   Data           2  bsp_dma.o(.data)
    Yaw_speed_pid                            0x20000154   Data          12  gimbal_task.o(.data)
    YAW_GYRO_ABSOLUTE_PID_KP                 0x20000160   Data           4  gimbal_task.o(.data)
    YAW_GYRO_ABSOLUTE_PID_KI                 0x20000164   Data           4  gimbal_task.o(.data)
    YAW_GYRO_ABSOLUTE_PID_KD                 0x20000168   Data           4  gimbal_task.o(.data)
    YAW_max_out                              0x2000016c   Data           4  gimbal_task.o(.data)
    YAW_gyro_max_iout                        0x20000170   Data           4  gimbal_task.o(.data)
    YAW_gyro_max_out                         0x20000174   Data           4  gimbal_task.o(.data)
    Pitch_speed_pid                          0x20000178   Data          12  gimbal_task.o(.data)
    pitch_GYRO_ABSOLUTE_PID_KP               0x20000184   Data           4  gimbal_task.o(.data)
    pitch_GYRO_ABSOLUTE_PID_KI               0x20000188   Data           4  gimbal_task.o(.data)
    pitch_GYRO_ABSOLUTE_PID_KD               0x2000018c   Data           4  gimbal_task.o(.data)
    pitch_max_out                            0x20000190   Data           4  gimbal_task.o(.data)
    pitch_gyro_max_iout                      0x20000194   Data           4  gimbal_task.o(.data)
    pitch_gyro_out                           0x20000198   Data           4  gimbal_task.o(.data)
    pitch_max_iout                           0x2000019c   Data           4  gimbal_task.o(.data)
    RC_DF                                    0x200001a0   Data           4  gimbal_task.o(.data)
    ceshi                                    0x200001a4   Data           4  gimbal_task.o(.data)
    motor_data                               0x20000228   Data           4  pid.o(.data)
    pid_speed                                0x2000022c   Data           4  pid.o(.data)
    pid_angld                                0x20000230   Data           4  pid.o(.data)
    kp                                       0x20000234   Data         196  pid.o(.data)
    kd                                       0x200002f8   Data         196  pid.o(.data)
    ki                                       0x200003bc   Data         196  pid.o(.data)
    detkp                                    0x20000480   Data           4  pid.o(.data)
    detki                                    0x20000484   Data           4  pid.o(.data)
    detkd                                    0x20000488   Data           4  pid.o(.data)
    SPPED                                    0x20000498   Data           4  shoot_task.o(.data)
    SPPED1                                   0x2000049c   Data           4  shoot_task.o(.data)
    hcan1                                    0x20000794   Data          40  can.o(.bss)
    hcan2                                    0x200007bc   Data          40  can.o(.bss)
    hi2c3                                    0x200007e4   Data          84  i2c.o(.bss)
    hspi1                                    0x20000838   Data          88  spi.o(.bss)
    hdma_spi1_rx                             0x20000890   Data          96  spi.o(.bss)
    hdma_spi1_tx                             0x200008f0   Data          96  spi.o(.bss)
    htim1                                    0x20000950   Data          72  tim.o(.bss)
    htim10                                   0x20000998   Data          72  tim.o(.bss)
    huart1                                   0x200009e0   Data          68  usart.o(.bss)
    huart3                                   0x20000a24   Data          68  usart.o(.bss)
    huart6                                   0x20000a68   Data          68  usart.o(.bss)
    hdma_usart1_rx                           0x20000aac   Data          96  usart.o(.bss)
    hdma_usart3_rx                           0x20000b0c   Data          96  usart.o(.bss)
    hdma_usart6_rx                           0x20000b6c   Data          96  usart.o(.bss)
    htim2                                    0x20000bcc   Data          72  stm32f4xx_hal_timebase_tim.o(.bss)
    Base_Gyro                                0x20004910   Data          76  gyro_get_data.o(.bss)
    Base_Acc                                 0x20004960   Data          32  gyro_get_data.o(.bss)
    imu_temp_pid                             0x20004998   Data          72  imu_temp_control.o(.bss)
    chassis_tx_message                       0x200049e0   Data          24  bsp_can.o(.bss)
    GIMBAL_TxMessage                         0x200049f8   Data          24  bsp_can.o(.bss)
    Tx_Shoot_Message                         0x20004a10   Data          24  bsp_can.o(.bss)
    motor_yaw                                0x20004a28   Data          32  bsp_can.o(.bss)
    motor_pit                                0x20004a48   Data          32  bsp_can.o(.bss)
    motor_trigger                            0x20004a68   Data          32  bsp_can.o(.bss)
    motor_chassis                            0x20004a88   Data         224  bsp_can.o(.bss)
    rc_RxBuffer                              0x20004bc8   Data         128  bsp_dma.o(.bss)
    gk_RxBuffer                              0x20004c48   Data          18  bsp_dma.o(.bss)
    pc_data                                  0x20004c60   Data          32  bsp_dma.o(.bss)
    RC_CtrlData                              0x20004c80   Data          22  bsp_dma.o(.bss)
    send_buf                                 0x20004c96   Data          21  bsp_dma.o(.bss)
    gimbal_control                           0x20004cac   Data        1064  gimbal_task.o(.bss)
    gimbal_control2                          0x200050d4   Data        1064  gimbal_task.o(.bss)
    SHOOT_TASK                               0x200054fc   Data         472  shoot_task.o(.bss)
    __libspace_start                         0x20005718   Data          96  libspace.o(.bss)
    __temporary_stack_top$libspace           0x20005778   Data           0  libspace.o(.bss)



==============================================================================

Memory Map of the image

  Image Entry point : 0x08000189

  Load Region LR_IROM1 (Base: 0x08000000, Size: 0x0000b06c, Max: 0x00100000, ABSOLUTE, COMPRESSED[0x0000ac68])

    Execution Region ER_IROM1 (Exec base: 0x08000000, Load base: 0x08000000, Size: 0x0000ab2c, Max: 0x00100000, ABSOLUTE)

    Exec Addr    Load Addr    Size         Type   Attr      Idx    E Section Name        Object

    0x08000000   0x08000000   0x00000188   Data   RO            3    RESET               startup_stm32f407xx.o
    0x08000188   0x08000188   0x00000008   Code   RO         6940  * !!!main             c_w.l(__main.o)
    0x08000190   0x08000190   0x00000034   Code   RO         7223    !!!scatter          c_w.l(__scatter.o)
    0x080001c4   0x080001c4   0x0000005a   Code   RO         7221    !!dczerorl2         c_w.l(__dczerorl2.o)
    0x0800021e   0x0800021e   0x00000002   PAD
    0x08000220   0x08000220   0x0000001c   Code   RO         7225    !!handler_zi        c_w.l(__scatter_zi.o)
    0x0800023c   0x0800023c   0x00000002   Code   RO         7094    .ARM.Collect$$libinit$$00000000  c_w.l(libinit.o)
    0x0800023e   0x0800023e   0x00000004   Code   RO         7103    .ARM.Collect$$libinit$$00000001  c_w.l(libinit2.o)
    0x08000242   0x08000242   0x00000000   Code   RO         7106    .ARM.Collect$$libinit$$00000004  c_w.l(libinit2.o)
    0x08000242   0x08000242   0x00000000   Code   RO         7109    .ARM.Collect$$libinit$$0000000A  c_w.l(libinit2.o)
    0x08000242   0x08000242   0x00000000   Code   RO         7111    .ARM.Collect$$libinit$$0000000C  c_w.l(libinit2.o)
    0x08000242   0x08000242   0x00000000   Code   RO         7113    .ARM.Collect$$libinit$$0000000E  c_w.l(libinit2.o)
    0x08000242   0x08000242   0x00000000   Code   RO         7116    .ARM.Collect$$libinit$$00000011  c_w.l(libinit2.o)
    0x08000242   0x08000242   0x00000000   Code   RO         7118    .ARM.Collect$$libinit$$00000013  c_w.l(libinit2.o)
    0x08000242   0x08000242   0x00000000   Code   RO         7120    .ARM.Collect$$libinit$$00000015  c_w.l(libinit2.o)
    0x08000242   0x08000242   0x00000000   Code   RO         7122    .ARM.Collect$$libinit$$00000017  c_w.l(libinit2.o)
    0x08000242   0x08000242   0x00000000   Code   RO         7124    .ARM.Collect$$libinit$$00000019  c_w.l(libinit2.o)
    0x08000242   0x08000242   0x00000000   Code   RO         7126    .ARM.Collect$$libinit$$0000001B  c_w.l(libinit2.o)
    0x08000242   0x08000242   0x00000000   Code   RO         7128    .ARM.Collect$$libinit$$0000001D  c_w.l(libinit2.o)
    0x08000242   0x08000242   0x00000000   Code   RO         7130    .ARM.Collect$$libinit$$0000001F  c_w.l(libinit2.o)
    0x08000242   0x08000242   0x00000000   Code   RO         7132    .ARM.Collect$$libinit$$00000021  c_w.l(libinit2.o)
    0x08000242   0x08000242   0x00000000   Code   RO         7134    .ARM.Collect$$libinit$$00000023  c_w.l(libinit2.o)
    0x08000242   0x08000242   0x00000000   Code   RO         7136    .ARM.Collect$$libinit$$00000025  c_w.l(libinit2.o)
    0x08000242   0x08000242   0x00000000   Code   RO         7140    .ARM.Collect$$libinit$$0000002C  c_w.l(libinit2.o)
    0x08000242   0x08000242   0x00000000   Code   RO         7142    .ARM.Collect$$libinit$$0000002E  c_w.l(libinit2.o)
    0x08000242   0x08000242   0x00000000   Code   RO         7144    .ARM.Collect$$libinit$$00000030  c_w.l(libinit2.o)
    0x08000242   0x08000242   0x00000000   Code   RO         7146    .ARM.Collect$$libinit$$00000032  c_w.l(libinit2.o)
    0x08000242   0x08000242   0x00000002   Code   RO         7147    .ARM.Collect$$libinit$$00000033  c_w.l(libinit2.o)
    0x08000244   0x08000244   0x00000002   Code   RO         7178    .ARM.Collect$$libshutdown$$00000000  c_w.l(libshutdown.o)
    0x08000246   0x08000246   0x00000000   Code   RO         7204    .ARM.Collect$$libshutdown$$00000002  c_w.l(libshutdown2.o)
    0x08000246   0x08000246   0x00000000   Code   RO         7206    .ARM.Collect$$libshutdown$$00000004  c_w.l(libshutdown2.o)
    0x08000246   0x08000246   0x00000000   Code   RO         7209    .ARM.Collect$$libshutdown$$00000007  c_w.l(libshutdown2.o)
    0x08000246   0x08000246   0x00000000   Code   RO         7212    .ARM.Collect$$libshutdown$$0000000A  c_w.l(libshutdown2.o)
    0x08000246   0x08000246   0x00000000   Code   RO         7214    .ARM.Collect$$libshutdown$$0000000C  c_w.l(libshutdown2.o)
    0x08000246   0x08000246   0x00000000   Code   RO         7217    .ARM.Collect$$libshutdown$$0000000F  c_w.l(libshutdown2.o)
    0x08000246   0x08000246   0x00000002   Code   RO         7218    .ARM.Collect$$libshutdown$$00000010  c_w.l(libshutdown2.o)
    0x08000248   0x08000248   0x00000000   Code   RO         7006    .ARM.Collect$$rtentry$$00000000  c_w.l(__rtentry.o)
    0x08000248   0x08000248   0x00000000   Code   RO         7057    .ARM.Collect$$rtentry$$00000002  c_w.l(__rtentry2.o)
    0x08000248   0x08000248   0x00000006   Code   RO         7069    .ARM.Collect$$rtentry$$00000004  c_w.l(__rtentry4.o)
    0x0800024e   0x0800024e   0x00000000   Code   RO         7059    .ARM.Collect$$rtentry$$00000009  c_w.l(__rtentry2.o)
    0x0800024e   0x0800024e   0x00000004   Code   RO         7060    .ARM.Collect$$rtentry$$0000000A  c_w.l(__rtentry2.o)
    0x08000252   0x08000252   0x00000000   Code   RO         7062    .ARM.Collect$$rtentry$$0000000C  c_w.l(__rtentry2.o)
    0x08000252   0x08000252   0x00000008   Code   RO         7063    .ARM.Collect$$rtentry$$0000000D  c_w.l(__rtentry2.o)
    0x0800025a   0x0800025a   0x00000002   Code   RO         7095    .ARM.Collect$$rtexit$$00000000  c_w.l(rtexit.o)
    0x0800025c   0x0800025c   0x00000000   Code   RO         7151    .ARM.Collect$$rtexit$$00000002  c_w.l(rtexit2.o)
    0x0800025c   0x0800025c   0x00000004   Code   RO         7152    .ARM.Collect$$rtexit$$00000003  c_w.l(rtexit2.o)
    0x08000260   0x08000260   0x00000006   Code   RO         7153    .ARM.Collect$$rtexit$$00000004  c_w.l(rtexit2.o)
    0x08000266   0x08000266   0x00000002   PAD
    0x08000268   0x08000268   0x000000be   Code   RO         5673    .emb_text           port.o
    0x08000326   0x08000326   0x00000002   PAD
    0x08000328   0x08000328   0x00000040   Code   RO            4    .text               startup_stm32f407xx.o
    0x08000368   0x08000368   0x000000ee   Code   RO         6928    .text               c_w.l(lludivv7m.o)
    0x08000456   0x08000456   0x00000064   Code   RO         6932    .text               c_w.l(rt_memcpy_w.o)
    0x080004ba   0x080004ba   0x0000004e   Code   RO         6936    .text               c_w.l(rt_memclr_w.o)
    0x08000508   0x08000508   0x00000006   Code   RO         6938    .text               c_w.l(heapauxi.o)
    0x0800050e   0x0800050e   0x00000016   Code   RO         7011    .text               c_w.l(_rserrno.o)
    0x08000524   0x08000524   0x00000008   Code   RO         7076    .text               c_w.l(rt_errno_addr_intlibspace.o)
    0x0800052c   0x0800052c   0x00000008   Code   RO         7078    .text               c_w.l(libspace.o)
    0x08000534   0x08000534   0x0000004a   Code   RO         7081    .text               c_w.l(sys_stackheap_outer.o)
    0x0800057e   0x0800057e   0x00000012   Code   RO         7083    .text               c_w.l(exit.o)
    0x08000590   0x08000590   0x0000000c   Code   RO         7148    .text               c_w.l(sys_exit.o)
    0x0800059c   0x0800059c   0x00000002   Code   RO         7167    .text               c_w.l(use_no_semi.o)
    0x0800059e   0x0800059e   0x00000000   Code   RO         7169    .text               c_w.l(indicate_semi.o)
    0x0800059e   0x0800059e   0x00000002   PAD
    0x080005a0   0x080005a0   0x000001fc   Code   RO         5902    i.Acc_Solution      gyro_get_data.o
    0x0800079c   0x0800079c   0x00000154   Code   RO         6579    i.Angle_Pid_Cala    pid.o
    0x080008f0   0x080008f0   0x0000006c   Code   RO         6580    i.Angle_Pid_Init    pid.o
    0x0800095c   0x0800095c   0x00000038   Code   RO         5814    i.BMI088_ACCEL_Read_Byte_Reg  bmi088_drive.o
    0x08000994   0x08000994   0x00000044   Code   RO         5815    i.BMI088_ACCEL_Read_Muli_Reg  bmi088_drive.o
    0x080009d8   0x080009d8   0x0000002c   Code   RO         5816    i.BMI088_ACCEL_Write_Byte_Reg  bmi088_drive.o
    0x08000a04   0x08000a04   0x0000004a   Code   RO         5817    i.BMI088_Delay_us   bmi088_drive.o
    0x08000a4e   0x08000a4e   0x00000002   PAD
    0x08000a50   0x08000a50   0x00000030   Code   RO         5818    i.BMI088_GYRO_Read_Byte_Reg  bmi088_drive.o
    0x08000a80   0x08000a80   0x00000040   Code   RO         5819    i.BMI088_GYRO_Read_Muli_Reg  bmi088_drive.o
    0x08000ac0   0x08000ac0   0x0000002c   Code   RO         5820    i.BMI088_GYRO_Write_Byte_Reg  bmi088_drive.o
    0x08000aec   0x08000aec   0x00000058   Code   RO         5753    i.BMI088_Init       bmi088.o
    0x08000b44   0x08000b44   0x00000020   Code   RO         5821    i.BMI088_Read_Write_Byte  bmi088_drive.o
    0x08000b64   0x08000b64   0x00000004   Code   RO          614    i.BusFault_Handler  stm32f4xx_it.o
    0x08000b68   0x08000b68   0x00000010   Code   RO          615    i.CAN1_RX0_IRQHandler  stm32f4xx_it.o
    0x08000b78   0x08000b78   0x00000010   Code   RO          616    i.CAN2_RX0_IRQHandler  stm32f4xx_it.o
    0x08000b88   0x08000b88   0x0000000c   Code   RO         6091    i.CAN2_get_remote   bsp_can.o
    0x08000b94   0x08000b94   0x00000050   Code   RO         6092    i.CAN2_motor        bsp_can.o
    0x08000be4   0x08000be4   0x00000050   Code   RO         6093    i.CAN2_remote_get1  bsp_can.o
    0x08000c34   0x08000c34   0x00000050   Code   RO         6095    i.CAN_cmd_gimbal    bsp_can.o
    0x08000c84   0x08000c84   0x00000078   Code   RO         6096    i.CAN_hook          bsp_can.o
    0x08000cfc   0x08000cfc   0x00000018   Code   RO         6097    i.Can2_init         bsp_can.o
    0x08000d14   0x08000d14   0x0000001c   Code   RO         6098    i.Can_init          bsp_can.o
    0x08000d30   0x08000d30   0x00000010   Code   RO          617    i.DMA1_Stream1_IRQHandler  stm32f4xx_it.o
    0x08000d40   0x08000d40   0x00000010   Code   RO          618    i.DMA2_Stream0_IRQHandler  stm32f4xx_it.o
    0x08000d50   0x08000d50   0x00000010   Code   RO          619    i.DMA2_Stream1_IRQHandler  stm32f4xx_it.o
    0x08000d60   0x08000d60   0x00000010   Code   RO          620    i.DMA2_Stream2_IRQHandler  stm32f4xx_it.o
    0x08000d70   0x08000d70   0x00000010   Code   RO          621    i.DMA2_Stream3_IRQHandler  stm32f4xx_it.o
    0x08000d80   0x08000d80   0x00000034   Code   RO         1557    i.DMA_CalcBaseAndBitshift  stm32f4xx_hal_dma.o
    0x08000db4   0x08000db4   0x000000aa   Code   RO         1558    i.DMA_CheckFifoParam  stm32f4xx_hal_dma.o
    0x08000e5e   0x08000e5e   0x0000002c   Code   RO         1559    i.DMA_SetConfig     stm32f4xx_hal_dma.o
    0x08000e8a   0x08000e8a   0x00000002   Code   RO          622    i.DebugMon_Handler  stm32f4xx_it.o
    0x08000e8c   0x08000e8c   0x00000018   Code   RO         6882    i.DetectHook        detect_tesk.o
    0x08000ea4   0x08000ea4   0x00000024   Code   RO         6883    i.DetectInit        detect_tesk.o
    0x08000ec8   0x08000ec8   0x000000f0   Code   RO         6884    i.DetectTask        detect_tesk.o
    0x08000fb8   0x08000fb8   0x0000001c   Code   RO         6885    i.Detect_Judeg      detect_tesk.o
    0x08000fd4   0x08000fd4   0x0000000a   Code   RO          623    i.EXTI0_IRQHandler  stm32f4xx_it.o
    0x08000fde   0x08000fde   0x0000000a   Code   RO          624    i.EXTI3_IRQHandler  stm32f4xx_it.o
    0x08000fe8   0x08000fe8   0x0000000a   Code   RO          625    i.EXTI4_IRQHandler  stm32f4xx_it.o
    0x08000ff2   0x08000ff2   0x0000000a   Code   RO          626    i.EXTI9_5_IRQHandler  stm32f4xx_it.o
    0x08000ffc   0x08000ffc   0x00000006   Code   RO           13    i.Error_Handler     main.o
    0x08001002   0x08001002   0x00000002   PAD
    0x08001004   0x08001004   0x00000050   Code   RO         6581    i.FTraL             pid.o
    0x08001054   0x08001054   0x00000050   Code   RO         6582    i.FTraR             pid.o
    0x080010a4   0x080010a4   0x00000074   Code   RO         6583    i.FTri              pid.o
    0x08001118   0x08001118   0x00000098   Code   RO         6585    i.Fuzzy_Pid_Init    pid.o
    0x080011b0   0x080011b0   0x00000604   Code   RO         6586    i.Fuzzy_Pid_calc    pid.o
    0x080017b4   0x080017b4   0x00000008   Code   RO         5903    i.GETIST8310_address  gyro_get_data.o
    0x080017bc   0x080017bc   0x00000008   Code   RO         5904    i.GET_ACC_DATA      gyro_get_data.o
    0x080017c4   0x080017c4   0x00000008   Code   RO         5905    i.GET_GYRO_DATA     gyro_get_data.o
    0x080017cc   0x080017cc   0x00000108   Code   RO         6453    i.GIMBAL_Control_loop  gimbal_task.o
    0x080018d4   0x080018d4   0x00000052   Code   RO         6454    i.GIMBAL_Feedback_Update  gimbal_task.o
    0x08001926   0x08001926   0x00000002   PAD
    0x08001928   0x08001928   0x0000019c   Code   RO         6455    i.GIMBAL_Init       gimbal_task.o
    0x08001ac4   0x08001ac4   0x000000c4   Code   RO         6456    i.GIMBAL_Mode_Change_Control_Transit  gimbal_task.o
    0x08001b88   0x08001b88   0x000000d8   Code   RO         6457    i.GIMBAL_PID_Calc   gimbal_task.o
    0x08001c60   0x08001c60   0x00000058   Code   RO         6458    i.GIMBAL_PID_Init   gimbal_task.o
    0x08001cb8   0x08001cb8   0x00000108   Code   RO         6459    i.GIMBAL_Set_Contorl  gimbal_task.o
    0x08001dc0   0x08001dc0   0x000000fc   Code   RO         6099    i.Get_FRI_Motor_Data  bsp_can.o
    0x08001ebc   0x08001ebc   0x00000008   Code   RO         6100    i.Get_Fri1_Motor_Data_Point  bsp_can.o
    0x08001ec4   0x08001ec4   0x00000008   Code   RO         6101    i.Get_Fri2_Motor_Data_Point  bsp_can.o
    0x08001ecc   0x08001ecc   0x00000088   Code   RO         6102    i.Get_PLUCK_Motor_Data  bsp_can.o
    0x08001f54   0x08001f54   0x00000008   Code   RO         6103    i.Get_Pluck_Motor_Data_Point  bsp_can.o
    0x08001f5c   0x08001f5c   0x000000d6   Code   RO         6256    i.Get_Remote_info   bsp_dma.o
    0x08002032   0x08002032   0x0000002a   Code   RO          820    i.HAL_CAN_ActivateNotification  stm32f4xx_hal_can.o
    0x0800205c   0x0800205c   0x00000156   Code   RO          821    i.HAL_CAN_AddTxMessage  stm32f4xx_hal_can.o
    0x080021b2   0x080021b2   0x00000002   PAD
    0x080021b4   0x080021b4   0x00000124   Code   RO          822    i.HAL_CAN_ConfigFilter  stm32f4xx_hal_can.o
    0x080022d8   0x080022d8   0x00000002   Code   RO          825    i.HAL_CAN_ErrorCallback  stm32f4xx_hal_can.o
    0x080022da   0x080022da   0x0000017a   Code   RO          828    i.HAL_CAN_GetRxMessage  stm32f4xx_hal_can.o
    0x08002454   0x08002454   0x0000024e   Code   RO          832    i.HAL_CAN_IRQHandler  stm32f4xx_hal_can.o
    0x080026a2   0x080026a2   0x00000174   Code   RO          833    i.HAL_CAN_Init      stm32f4xx_hal_can.o
    0x08002816   0x08002816   0x00000002   PAD
    0x08002818   0x08002818   0x00000160   Code   RO          350    i.HAL_CAN_MspInit   can.o
    0x08002978   0x08002978   0x00000002   Code   RO          840    i.HAL_CAN_RxFifo0FullCallback  stm32f4xx_hal_can.o
    0x0800297a   0x0800297a   0x0000001e   Code   RO         6104    i.HAL_CAN_RxFifo0MsgPendingCallback  bsp_can.o
    0x08002998   0x08002998   0x00000002   Code   RO          842    i.HAL_CAN_RxFifo1FullCallback  stm32f4xx_hal_can.o
    0x0800299a   0x0800299a   0x00000002   Code   RO          843    i.HAL_CAN_RxFifo1MsgPendingCallback  stm32f4xx_hal_can.o
    0x0800299c   0x0800299c   0x00000002   Code   RO          844    i.HAL_CAN_SleepCallback  stm32f4xx_hal_can.o
    0x0800299e   0x0800299e   0x0000005e   Code   RO          845    i.HAL_CAN_Start     stm32f4xx_hal_can.o
    0x080029fc   0x080029fc   0x00000002   Code   RO          847    i.HAL_CAN_TxMailbox0AbortCallback  stm32f4xx_hal_can.o
    0x080029fe   0x080029fe   0x00000002   Code   RO          848    i.HAL_CAN_TxMailbox0CompleteCallback  stm32f4xx_hal_can.o
    0x08002a00   0x08002a00   0x00000002   Code   RO          849    i.HAL_CAN_TxMailbox1AbortCallback  stm32f4xx_hal_can.o
    0x08002a02   0x08002a02   0x00000002   Code   RO          850    i.HAL_CAN_TxMailbox1CompleteCallback  stm32f4xx_hal_can.o
    0x08002a04   0x08002a04   0x00000002   Code   RO          851    i.HAL_CAN_TxMailbox2AbortCallback  stm32f4xx_hal_can.o
    0x08002a06   0x08002a06   0x00000002   Code   RO          852    i.HAL_CAN_TxMailbox2CompleteCallback  stm32f4xx_hal_can.o
    0x08002a08   0x08002a08   0x00000002   Code   RO          854    i.HAL_CAN_WakeUpFromRxMsgCallback  stm32f4xx_hal_can.o
    0x08002a0a   0x08002a0a   0x000000ac   Code   RO         1560    i.HAL_DMA_Abort     stm32f4xx_hal_dma.o
    0x08002ab6   0x08002ab6   0x00000028   Code   RO         1561    i.HAL_DMA_Abort_IT  stm32f4xx_hal_dma.o
    0x08002ade   0x08002ade   0x00000002   PAD
    0x08002ae0   0x08002ae0   0x00000240   Code   RO         1565    i.HAL_DMA_IRQHandler  stm32f4xx_hal_dma.o
    0x08002d20   0x08002d20   0x000000ec   Code   RO         1566    i.HAL_DMA_Init      stm32f4xx_hal_dma.o
    0x08002e0c   0x08002e0c   0x00000092   Code   RO         1570    i.HAL_DMA_Start_IT  stm32f4xx_hal_dma.o
    0x08002e9e   0x08002e9e   0x00000002   PAD
    0x08002ea0   0x08002ea0   0x00000028   Code   RO         1984    i.HAL_Delay         stm32f4xx_hal.o
    0x08002ec8   0x08002ec8   0x00000002   Code   RO         1451    i.HAL_GPIO_EXTI_Callback  stm32f4xx_hal_gpio.o
    0x08002eca   0x08002eca   0x00000002   PAD
    0x08002ecc   0x08002ecc   0x0000001c   Code   RO         1452    i.HAL_GPIO_EXTI_IRQHandler  stm32f4xx_hal_gpio.o
    0x08002ee8   0x08002ee8   0x000001f4   Code   RO         1453    i.HAL_GPIO_Init     stm32f4xx_hal_gpio.o
    0x080030dc   0x080030dc   0x0000000c   Code   RO         1457    i.HAL_GPIO_WritePin  stm32f4xx_hal_gpio.o
    0x080030e8   0x080030e8   0x0000000c   Code   RO         1990    i.HAL_GetTick       stm32f4xx_hal.o
    0x080030f4   0x080030f4   0x000001d0   Code   RO         2246    i.HAL_I2C_Init      stm32f4xx_hal_i2c.o
    0x080032c4   0x080032c4   0x000002f4   Code   RO         2264    i.HAL_I2C_Mem_Read  stm32f4xx_hal_i2c.o
    0x080035b8   0x080035b8   0x00000164   Code   RO         2267    i.HAL_I2C_Mem_Write  stm32f4xx_hal_i2c.o
    0x0800371c   0x0800371c   0x000000c8   Code   RO          423    i.HAL_I2C_MspInit   i2c.o
    0x080037e4   0x080037e4   0x00000018   Code   RO         1996    i.HAL_IncTick       stm32f4xx_hal.o
    0x080037fc   0x080037fc   0x0000003c   Code   RO         1997    i.HAL_Init          stm32f4xx_hal.o
    0x08003838   0x08003838   0x000000b4   Code   RO          780    i.HAL_InitTick      stm32f4xx_hal_timebase_tim.o
    0x080038ec   0x080038ec   0x00000054   Code   RO          756    i.HAL_MspInit       stm32f4xx_hal_msp.o
    0x08003940   0x08003940   0x00000020   Code   RO         1842    i.HAL_NVIC_EnableIRQ  stm32f4xx_hal_cortex.o
    0x08003960   0x08003960   0x0000007c   Code   RO         1848    i.HAL_NVIC_SetPriority  stm32f4xx_hal_cortex.o
    0x080039dc   0x080039dc   0x00000028   Code   RO         1849    i.HAL_NVIC_SetPriorityGrouping  stm32f4xx_hal_cortex.o
    0x08003a04   0x08003a04   0x00000184   Code   RO         1054    i.HAL_RCC_ClockConfig  stm32f4xx_hal_rcc.o
    0x08003b88   0x08003b88   0x00000044   Code   RO         1058    i.HAL_RCC_GetClockConfig  stm32f4xx_hal_rcc.o
    0x08003bcc   0x08003bcc   0x0000000c   Code   RO         1059    i.HAL_RCC_GetHCLKFreq  stm32f4xx_hal_rcc.o
    0x08003bd8   0x08003bd8   0x00000020   Code   RO         1061    i.HAL_RCC_GetPCLK1Freq  stm32f4xx_hal_rcc.o
    0x08003bf8   0x08003bf8   0x00000020   Code   RO         1062    i.HAL_RCC_GetPCLK2Freq  stm32f4xx_hal_rcc.o
    0x08003c18   0x08003c18   0x000000b0   Code   RO         1063    i.HAL_RCC_GetSysClockFreq  stm32f4xx_hal_rcc.o
    0x08003cc8   0x08003cc8   0x0000049c   Code   RO         1066    i.HAL_RCC_OscConfig  stm32f4xx_hal_rcc.o
    0x08004164   0x08004164   0x000000c8   Code   RO         2736    i.HAL_SPI_Init      stm32f4xx_hal_spi.o
    0x0800422c   0x0800422c   0x0000014c   Code   RO          465    i.HAL_SPI_MspInit   spi.o
    0x08004378   0x08004378   0x0000022a   Code   RO         2745    i.HAL_SPI_TransmitReceive  stm32f4xx_hal_spi.o
    0x080045a2   0x080045a2   0x00000002   Code   RO         3764    i.HAL_TIMEx_BreakCallback  stm32f4xx_hal_tim_ex.o
    0x080045a4   0x080045a4   0x00000002   Code   RO         3765    i.HAL_TIMEx_CommutCallback  stm32f4xx_hal_tim_ex.o
    0x080045a6   0x080045a6   0x00000074   Code   RO         3767    i.HAL_TIMEx_ConfigBreakDeadTime  stm32f4xx_hal_tim_ex.o
    0x0800461a   0x0800461a   0x00000002   PAD
    0x0800461c   0x0800461c   0x000000b4   Code   RO         3783    i.HAL_TIMEx_MasterConfigSynchronization  stm32f4xx_hal_tim_ex.o
    0x080046d0   0x080046d0   0x00000066   Code   RO         3049    i.HAL_TIM_Base_Init  stm32f4xx_hal_tim.o
    0x08004736   0x08004736   0x00000002   PAD
    0x08004738   0x08004738   0x00000084   Code   RO          507    i.HAL_TIM_Base_MspInit  tim.o
    0x080047bc   0x080047bc   0x000000a8   Code   RO         3054    i.HAL_TIM_Base_Start_IT  stm32f4xx_hal_tim.o
    0x08004864   0x08004864   0x0000010c   Code   RO         3058    i.HAL_TIM_ConfigClockSource  stm32f4xx_hal_tim.o
    0x08004970   0x08004970   0x00000002   Code   RO         3083    i.HAL_TIM_IC_CaptureCallback  stm32f4xx_hal_tim.o
    0x08004972   0x08004972   0x00000196   Code   RO         3097    i.HAL_TIM_IRQHandler  stm32f4xx_hal_tim.o
    0x08004b08   0x08004b08   0x000000b0   Code   RO          508    i.HAL_TIM_MspPostInit  tim.o
    0x08004bb8   0x08004bb8   0x00000002   Code   RO         3100    i.HAL_TIM_OC_DelayElapsedCallback  stm32f4xx_hal_tim.o
    0x08004bba   0x08004bba   0x00000104   Code   RO         3121    i.HAL_TIM_PWM_ConfigChannel  stm32f4xx_hal_tim.o
    0x08004cbe   0x08004cbe   0x00000066   Code   RO         3124    i.HAL_TIM_PWM_Init  stm32f4xx_hal_tim.o
    0x08004d24   0x08004d24   0x00000002   Code   RO         3126    i.HAL_TIM_PWM_MspInit  stm32f4xx_hal_tim.o
    0x08004d26   0x08004d26   0x00000002   Code   RO         3127    i.HAL_TIM_PWM_PulseFinishedCallback  stm32f4xx_hal_tim.o
    0x08004d28   0x08004d28   0x0000010c   Code   RO         3129    i.HAL_TIM_PWM_Start  stm32f4xx_hal_tim.o
    0x08004e34   0x08004e34   0x00000012   Code   RO           14    i.HAL_TIM_PeriodElapsedCallback  main.o
    0x08004e46   0x08004e46   0x00000002   Code   RO         3140    i.HAL_TIM_TriggerCallback  stm32f4xx_hal_tim.o
    0x08004e48   0x08004e48   0x00000002   Code   RO         4042    i.HAL_UARTEx_RxEventCallback  stm32f4xx_hal_uart.o
    0x08004e4a   0x08004e4a   0x00000002   Code   RO         4056    i.HAL_UART_ErrorCallback  stm32f4xx_hal_uart.o
    0x08004e4c   0x08004e4c   0x000002e0   Code   RO         4059    i.HAL_UART_IRQHandler  stm32f4xx_hal_uart.o
    0x0800512c   0x0800512c   0x00000072   Code   RO         4060    i.HAL_UART_Init     stm32f4xx_hal_uart.o
    0x0800519e   0x0800519e   0x00000002   PAD
    0x080051a0   0x080051a0   0x000002ac   Code   RO          561    i.HAL_UART_MspInit  usart.o
    0x0800544c   0x0800544c   0x00000042   Code   RO         4064    i.HAL_UART_Receive_DMA  stm32f4xx_hal_uart.o
    0x0800548e   0x0800548e   0x00000002   Code   RO         4066    i.HAL_UART_RxCpltCallback  stm32f4xx_hal_uart.o
    0x08005490   0x08005490   0x00000002   Code   RO         4067    i.HAL_UART_RxHalfCpltCallback  stm32f4xx_hal_uart.o
    0x08005492   0x08005492   0x00000002   Code   RO         4071    i.HAL_UART_TxCpltCallback  stm32f4xx_hal_uart.o
    0x08005494   0x08005494   0x00000004   Code   RO          627    i.HardFault_Handler  stm32f4xx_it.o
    0x08005498   0x08005498   0x0000003e   Code   RO         2289    i.I2C_IsAcknowledgeFailed  stm32f4xx_hal_i2c.o
    0x080054d6   0x080054d6   0x00000002   PAD
    0x080054d8   0x080054d8   0x00000160   Code   RO         2300    i.I2C_RequestMemoryRead  stm32f4xx_hal_i2c.o
    0x08005638   0x08005638   0x000000e0   Code   RO         2301    i.I2C_RequestMemoryWrite  stm32f4xx_hal_i2c.o
    0x08005718   0x08005718   0x0000005c   Code   RO         2309    i.I2C_WaitOnBTFFlagUntilTimeout  stm32f4xx_hal_i2c.o
    0x08005774   0x08005774   0x00000086   Code   RO         2310    i.I2C_WaitOnFlagUntilTimeout  stm32f4xx_hal_i2c.o
    0x080057fa   0x080057fa   0x000000c4   Code   RO         2311    i.I2C_WaitOnMasterAddressFlagUntilTimeout  stm32f4xx_hal_i2c.o
    0x080058be   0x080058be   0x00000080   Code   RO         2312    i.I2C_WaitOnRXNEFlagUntilTimeout  stm32f4xx_hal_i2c.o
    0x0800593e   0x0800593e   0x0000005c   Code   RO         2315    i.I2C_WaitOnTXEFlagUntilTimeout  stm32f4xx_hal_i2c.o
    0x0800599a   0x0800599a   0x00000002   PAD
    0x0800599c   0x0800599c   0x00000044   Code   RO         5906    i.INS_task          gyro_get_data.o
    0x080059e0   0x080059e0   0x00000028   Code   RO         6030    i.IST8310_IIC_Init  ist8310.o
    0x08005a08   0x08005a08   0x000000b8   Code   RO         6031    i.IST8310_IIC_WHO_AM_I  ist8310.o
    0x08005ac0   0x08005ac0   0x000000ac   Code   RO         5907    i.Init_offset_and_gyro  gyro_get_data.o
    0x08005b6c   0x08005b6c   0x00000020   Code   RO         5908    i.Loop_Get_Gyro_Data  gyro_get_data.o
    0x08005b8c   0x08005b8c   0x00000048   Code   RO          351    i.MX_CAN1_Init      can.o
    0x08005bd4   0x08005bd4   0x00000048   Code   RO          352    i.MX_CAN2_Init      can.o
    0x08005c1c   0x08005c1c   0x00000098   Code   RO          398    i.MX_DMA_Init       dma.o
    0x08005cb4   0x08005cb4   0x00000098   Code   RO          276    i.MX_FREERTOS_Init  freertos.o
    0x08005d4c   0x08005d4c   0x00000208   Code   RO          250    i.MX_GPIO_Init      gpio.o
    0x08005f54   0x08005f54   0x0000003c   Code   RO          424    i.MX_I2C3_Init      i2c.o
    0x08005f90   0x08005f90   0x00000048   Code   RO          466    i.MX_SPI1_Init      spi.o
    0x08005fd8   0x08005fd8   0x00000078   Code   RO          509    i.MX_TIM10_Init     tim.o
    0x08006050   0x08006050   0x000000f8   Code   RO          510    i.MX_TIM1_Init      tim.o
    0x08006148   0x08006148   0x00000038   Code   RO          562    i.MX_USART1_UART_Init  usart.o
    0x08006180   0x08006180   0x0000003c   Code   RO          563    i.MX_USART3_UART_Init  usart.o
    0x080061bc   0x080061bc   0x00000038   Code   RO          564    i.MX_USART6_UART_Init  usart.o
    0x080061f4   0x080061f4   0x00000344   Code   RO         6059    i.MahonyAHRSupdateIMU  mahonyahrs.o
    0x08006538   0x08006538   0x00000004   Code   RO          628    i.MemManage_Handler  stm32f4xx_it.o
    0x0800653c   0x0800653c   0x00000004   Code   RO          629    i.NMI_Handler       stm32f4xx_it.o
    0x08006540   0x08006540   0x00000120   Code   RO         6587    i.PID_calc          pid.o
    0x08006660   0x08006660   0x00000060   Code   RO         6589    i.PID_init          pid.o
    0x080066c0   0x080066c0   0x00000048   Code   RO         6258    i.RC_Init           bsp_dma.o
    0x08006708   0x08006708   0x00000060   Code   RO         6590    i.SPEED_PID_Init    pid.o
    0x08006768   0x08006768   0x0000006c   Code   RO         2774    i.SPI_EndRxTxTransaction  stm32f4xx_hal_spi.o
    0x080067d4   0x080067d4   0x000000d8   Code   RO         2779    i.SPI_WaitFlagStateUntilTimeout  stm32f4xx_hal_spi.o
    0x080068ac   0x080068ac   0x00000050   Code   RO         6806    i.Shoot_GiveCUR     shoot_task.o
    0x080068fc   0x080068fc   0x000000c4   Code   RO         6807    i.Shoot_Init        shoot_task.o
    0x080069c0   0x080069c0   0x00000014   Code   RO         6808    i.Shoot_Kaluli_limit  shoot_task.o
    0x080069d4   0x080069d4   0x00000080   Code   RO         6809    i.Shoot_Mode_Set    shoot_task.o
    0x08006a54   0x08006a54   0x0000005e   Code   RO         6810    i.Shoot_Updata      shoot_task.o
    0x08006ab2   0x08006ab2   0x00000002   PAD
    0x08006ab4   0x08006ab4   0x000002e0   Code   RO         6811    i.Shoot_move        shoot_task.o
    0x08006d94   0x08006d94   0x0000010a   Code   RO         6591    i.Speed_Pid_Calc    pid.o
    0x08006e9e   0x08006e9e   0x00000002   PAD
    0x08006ea0   0x08006ea0   0x00000034   Code   RO         5674    i.SysTick_Handler   port.o
    0x08006ed4   0x08006ed4   0x000000b4   Code   RO           15    i.SystemClock_Config  main.o
    0x08006f88   0x08006f88   0x00000014   Code   RO         4399    i.SystemInit        system_stm32f4xx.o
    0x08006f9c   0x08006f9c   0x00000018   Code   RO          630    i.TIM1_UP_TIM10_IRQHandler  stm32f4xx_it.o
    0x08006fb4   0x08006fb4   0x00000010   Code   RO          631    i.TIM2_IRQHandler   stm32f4xx_it.o
    0x08006fc4   0x08006fc4   0x000000d8   Code   RO         3142    i.TIM_Base_SetConfig  stm32f4xx_hal_tim.o
    0x0800709c   0x0800709c   0x00000022   Code   RO         3143    i.TIM_CCxChannelCmd  stm32f4xx_hal_tim.o
    0x080070be   0x080070be   0x00000016   Code   RO         3153    i.TIM_ETR_SetConfig  stm32f4xx_hal_tim.o
    0x080070d4   0x080070d4   0x00000012   Code   RO         3154    i.TIM_ITRx_SetConfig  stm32f4xx_hal_tim.o
    0x080070e6   0x080070e6   0x00000002   PAD
    0x080070e8   0x080070e8   0x00000070   Code   RO         3155    i.TIM_OC1_SetConfig  stm32f4xx_hal_tim.o
    0x08007158   0x08007158   0x0000007c   Code   RO         3156    i.TIM_OC2_SetConfig  stm32f4xx_hal_tim.o
    0x080071d4   0x080071d4   0x00000078   Code   RO         3157    i.TIM_OC3_SetConfig  stm32f4xx_hal_tim.o
    0x0800724c   0x0800724c   0x00000054   Code   RO         3158    i.TIM_OC4_SetConfig  stm32f4xx_hal_tim.o
    0x080072a0   0x080072a0   0x00000026   Code   RO         3160    i.TIM_TI1_ConfigInputStage  stm32f4xx_hal_tim.o
    0x080072c6   0x080072c6   0x00000028   Code   RO         3162    i.TIM_TI2_ConfigInputStage  stm32f4xx_hal_tim.o
    0x080072ee   0x080072ee   0x00000014   Code   RO         4073    i.UART_DMAAbortOnError  stm32f4xx_hal_uart.o
    0x08007302   0x08007302   0x00000050   Code   RO         4074    i.UART_DMAError     stm32f4xx_hal_uart.o
    0x08007352   0x08007352   0x000000b0   Code   RO         4075    i.UART_DMAReceiveCplt  stm32f4xx_hal_uart.o
    0x08007402   0x08007402   0x00000020   Code   RO         4077    i.UART_DMARxHalfCplt  stm32f4xx_hal_uart.o
    0x08007422   0x08007422   0x0000006c   Code   RO         4083    i.UART_EndRxTransfer  stm32f4xx_hal_uart.o
    0x0800748e   0x0800748e   0x00000020   Code   RO         4084    i.UART_EndTransmit_IT  stm32f4xx_hal_uart.o
    0x080074ae   0x080074ae   0x00000026   Code   RO         4085    i.UART_EndTxTransfer  stm32f4xx_hal_uart.o
    0x080074d4   0x080074d4   0x000000f8   Code   RO         4086    i.UART_Receive_IT   stm32f4xx_hal_uart.o
    0x080075cc   0x080075cc   0x0000022c   Code   RO         4087    i.UART_SetConfig    stm32f4xx_hal_uart.o
    0x080077f8   0x080077f8   0x000000d0   Code   RO         4088    i.UART_Start_Receive_DMA  stm32f4xx_hal_uart.o
    0x080078c8   0x080078c8   0x00000060   Code   RO         4090    i.UART_Transmit_IT  stm32f4xx_hal_uart.o
    0x08007928   0x08007928   0x00000010   Code   RO          632    i.USART1_IRQHandler  stm32f4xx_it.o
    0x08007938   0x08007938   0x000000ec   Code   RO         6259    i.USART3_IRQHandler  bsp_dma.o
    0x08007a24   0x08007a24   0x00000178   Code   RO         6260    i.USART6_IRQHandler  bsp_dma.o
    0x08007b9c   0x08007b9c   0x00000004   Code   RO          633    i.UsageFault_Handler  stm32f4xx_it.o
    0x08007ba0   0x08007ba0   0x00000026   Code   RO         7028    i.__ARM_fpclassifyf  m_wm.l(fpclassifyf.o)
    0x08007bc6   0x08007bc6   0x00000002   PAD
    0x08007bc8   0x08007bc8   0x00000010   Code   RO         1855    i.__NVIC_GetPriorityGrouping  stm32f4xx_hal_cortex.o
    0x08007bd8   0x08007bd8   0x00000028   Code   RO         1856    i.__NVIC_SetPriority  stm32f4xx_hal_cortex.o
    0x08007c00   0x08007c00   0x0000012c   Code   RO         6970    i.__hardfp_asinf    m_wm.l(asinf.o)
    0x08007d2c   0x08007d2c   0x00000250   Code   RO         6982    i.__hardfp_atan2f   m_wm.l(atan2f.o)
    0x08007f7c   0x08007f7c   0x00000006   Code   RO         7031    i.__mathlib_flt_infnan  m_wm.l(funder.o)
    0x08007f82   0x08007f82   0x00000006   Code   RO         7032    i.__mathlib_flt_infnan2  m_wm.l(funder.o)
    0x08007f88   0x08007f88   0x00000010   Code   RO         7033    i.__mathlib_flt_invalid  m_wm.l(funder.o)
    0x08007f98   0x08007f98   0x00000010   Code   RO         7036    i.__mathlib_flt_underflow  m_wm.l(funder.o)
    0x08007fa8   0x08007fa8   0x00000050   Code   RO         6592    i.angle_PID_clear   pid.o
    0x08007ff8   0x08007ff8   0x000000b8   Code   RO         5754    i.bmi088_accel_init  bmi088.o
    0x080080b0   0x080080b0   0x00000214   Code   RO         5755    i.bmi088_accel_self_test  bmi088.o
    0x080082c4   0x080082c4   0x000000b8   Code   RO         5756    i.bmi088_gyro_init  bmi088.o
    0x0800837c   0x0800837c   0x00000096   Code   RO         5757    i.bmi088_gyro_self_test  bmi088.o
    0x08008412   0x08008412   0x00000002   PAD
    0x08008414   0x08008414   0x0000003c   Code   RO         6105    i.can_filter_init   bsp_can.o
    0x08008450   0x08008450   0x0000003a   Code   RO         6461    i.fp32_constrain    gimbal_task.o
    0x0800848a   0x0800848a   0x00000002   PAD
    0x0800848c   0x0800848c   0x00000008   Code   RO         6107    i.get_Pitch_Gimbal_Motor_Measure_Point  bsp_can.o
    0x08008494   0x08008494   0x00000008   Code   RO         6109    i.get_Yaw_Gimbal_Motor_Measure_Point  bsp_can.o
    0x0800849c   0x0800849c   0x0000014c   Code   RO         5909    i.get_angle         gyro_get_data.o
    0x080085e8   0x080085e8   0x0000037c   Code   RO         5823    i.get_imu_data      bmi088_drive.o
    0x08008964   0x08008964   0x00000080   Code   RO         6110    i.get_motor_measure  bsp_can.o
    0x080089e4   0x080089e4   0x00000008   Code   RO         6261    i.get_remote_control_point  bsp_dma.o
    0x080089ec   0x080089ec   0x000000ec   Code   RO         6462    i.gimbal_behaviour_control_set  gimbal_task.o
    0x08008ad8   0x08008ad8   0x0000008c   Code   RO         6463    i.gimbal_behaviour_mode_set  gimbal_task.o
    0x08008b64   0x08008b64   0x00000058   Code   RO         6464    i.gimbal_behavour_set  gimbal_task.o
    0x08008bbc   0x08008bbc   0x00000022   Code   RO         6466    i.gimbal_motor_raw_angle_control  gimbal_task.o
    0x08008bde   0x08008bde   0x0000005c   Code   RO         6467    i.gimbal_motor_relative_angle_control  gimbal_task.o
    0x08008c3a   0x08008c3a   0x00000002   PAD
    0x08008c3c   0x08008c3c   0x00000198   Code   RO         6468    i.gimbal_task       gimbal_task.o
    0x08008dd4   0x08008dd4   0x0000000a   Code   RO          278    i.hero_gimbal       freertos.o
    0x08008dde   0x08008dde   0x00000002   PAD
    0x08008de0   0x08008de0   0x0000000c   Code   RO         5984    i.imu_pwm_set       imu_temp_control.o
    0x08008dec   0x08008dec   0x000001f0   Code   RO         5985    i.imu_temp_PID_calc  imu_temp_control.o
    0x08008fdc   0x08008fdc   0x00000060   Code   RO         5986    i.imu_temp_PID_init  imu_temp_control.o
    0x0800903c   0x0800903c   0x0000009c   Code   RO         5987    i.imu_temp_control  imu_temp_control.o
    0x080090d8   0x080090d8   0x0000003c   Code   RO         6060    i.invSqrt           mahonyahrs.o
    0x08009114   0x08009114   0x00000060   Code   RO         6111    i.loop_fp32_constrain  bsp_can.o
    0x08009174   0x08009174   0x0000004c   Code   RO           16    i.main              main.o
    0x080091c0   0x080091c0   0x0000000e   Code   RO         5239    i.makeFreeRtosPriority  cmsis_os.o
    0x080091ce   0x080091ce   0x00000096   Code   RO         6469    i.minMax            gimbal_task.o
    0x08009264   0x08009264   0x00000018   Code   RO         5241    i.osDelay           cmsis_os.o
    0x0800927c   0x0800927c   0x0000000a   Code   RO         5244    i.osKernelStart     cmsis_os.o
    0x08009286   0x08009286   0x0000005e   Code   RO         5278    i.osThreadCreate    cmsis_os.o
    0x080092e4   0x080092e4   0x00000098   Code   RO         4910    i.prvAddCurrentTaskToDelayedList  tasks.o
    0x0800937c   0x0800937c   0x000000b4   Code   RO         4911    i.prvAddNewTaskToReadyList  tasks.o
    0x08009430   0x08009430   0x00000048   Code   RO         4912    i.prvCheckTasksWaitingTermination  tasks.o
    0x08009478   0x08009478   0x00000050   Code   RO         4913    i.prvDeleteTCB      tasks.o
    0x080094c8   0x080094c8   0x0000007c   Code   RO         5606    i.prvHeapInit       heap_4.o
    0x08009544   0x08009544   0x00000028   Code   RO         4914    i.prvIdleTask       tasks.o
    0x0800956c   0x0800956c   0x000000b4   Code   RO         4915    i.prvInitialiseNewTask  tasks.o
    0x08009620   0x08009620   0x00000068   Code   RO         4916    i.prvInitialiseTaskLists  tasks.o
    0x08009688   0x08009688   0x00000068   Code   RO         5607    i.prvInsertBlockIntoFreeList  heap_4.o
    0x080096f0   0x080096f0   0x00000034   Code   RO         4917    i.prvResetNextTaskUnblockTime  tasks.o
    0x08009724   0x08009724   0x00000040   Code   RO         5675    i.prvTaskExitError  port.o
    0x08009764   0x08009764   0x0000014c   Code   RO         5608    i.pvPortMalloc      heap_4.o
    0x080098b0   0x080098b0   0x0000002c   Code   RO         5676    i.pxPortInitialiseStack  port.o
    0x080098dc   0x080098dc   0x00000014   Code   RO         6470    i.rc_deadline_limit  gimbal_task.o
    0x080098f0   0x080098f0   0x00000010   Code   RO         6262    i.remote_control_init  bsp_dma.o
    0x08009900   0x08009900   0x0000005c   Code   RO         6112    i.send_shoot_cur    bsp_can.o
    0x0800995c   0x0800995c   0x0000002c   Code   RO         6812    i.shoot_task        shoot_task.o
    0x08009988   0x08009988   0x0000003e   Code   RO         7046    i.sqrtf             m_wm.l(sqrtf.o)
    0x080099c6   0x080099c6   0x00000002   PAD
    0x080099c8   0x080099c8   0x00000020   Code   RO         6113    i.theta_format      bsp_can.o
    0x080099e8   0x080099e8   0x00000028   Code   RO         4536    i.uxListRemove      list.o
    0x08009a10   0x08009a10   0x00000018   Code   RO          280    i.vApplicationGetIdleTaskMemory  freertos.o
    0x08009a28   0x08009a28   0x0000001a   Code   RO         4537    i.vListInitialise   list.o
    0x08009a42   0x08009a42   0x00000006   Code   RO         4538    i.vListInitialiseItem  list.o
    0x08009a48   0x08009a48   0x00000034   Code   RO         4539    i.vListInsert       list.o
    0x08009a7c   0x08009a7c   0x00000018   Code   RO         4540    i.vListInsertEnd    list.o
    0x08009a94   0x08009a94   0x00000054   Code   RO         5678    i.vPortEnterCritical  port.o
    0x08009ae8   0x08009ae8   0x0000003c   Code   RO         5679    i.vPortExitCritical  port.o
    0x08009b24   0x08009b24   0x000000a4   Code   RO         5609    i.vPortFree         heap_4.o
    0x08009bc8   0x08009bc8   0x00000028   Code   RO         5680    i.vPortSetupTimerInterrupt  port.o
    0x08009bf0   0x08009bf0   0x0000005c   Code   RO         4926    i.vTaskDelay        tasks.o
    0x08009c4c   0x08009c4c   0x000000b0   Code   RO         4939    i.vTaskStartScheduler  tasks.o
    0x08009cfc   0x08009cfc   0x00000010   Code   RO         4941    i.vTaskSuspendAll   tasks.o
    0x08009d0c   0x08009d0c   0x0000008c   Code   RO         4942    i.vTaskSwitchContext  tasks.o
    0x08009d98   0x08009d98   0x00000168   Code   RO         5682    i.xPortStartScheduler  port.o
    0x08009f00   0x08009f00   0x00000064   Code   RO         4945    i.xTaskCreate       tasks.o
    0x08009f64   0x08009f64   0x000000ba   Code   RO         4946    i.xTaskCreateStatic  tasks.o
    0x0800a01e   0x0800a01e   0x00000002   PAD
    0x0800a020   0x0800a020   0x0000000c   Code   RO         4951    i.xTaskGetTickCount  tasks.o
    0x0800a02c   0x0800a02c   0x00000148   Code   RO         4953    i.xTaskIncrementTick  tasks.o
    0x0800a174   0x0800a174   0x00000104   Code   RO         4959    i.xTaskResumeAll    tasks.o
    0x0800a278   0x0800a278   0x00000062   Code   RO         6942    x$fpl$d2f           fz_wm.l(d2f.o)
    0x0800a2da   0x0800a2da   0x00000018   Code   RO         7015    x$fpl$dcmpinf       fz_wm.l(dcmpi.o)
    0x0800a2f2   0x0800a2f2   0x00000002   PAD
    0x0800a2f4   0x0800a2f4   0x000002b0   Code   RO         6951    x$fpl$ddiv          fz_wm.l(ddiv.o)
    0x0800a5a4   0x0800a5a4   0x0000002e   Code   RO         6955    x$fpl$dflt          fz_wm.l(dflt_clz.o)
    0x0800a5d2   0x0800a5d2   0x00000002   PAD
    0x0800a5d4   0x0800a5d4   0x00000078   Code   RO         6960    x$fpl$dleqf         fz_wm.l(dleqf.o)
    0x0800a64c   0x0800a64c   0x00000154   Code   RO         6962    x$fpl$dmul          fz_wm.l(dmul.o)
    0x0800a7a0   0x0800a7a0   0x0000009c   Code   RO         7017    x$fpl$dnaninf       fz_wm.l(dnaninf.o)
    0x0800a83c   0x0800a83c   0x0000000c   Code   RO         7019    x$fpl$dretinf       fz_wm.l(dretinf.o)
    0x0800a848   0x0800a848   0x0000006c   Code   RO         6964    x$fpl$drleqf        fz_wm.l(drleqf.o)
    0x0800a8b4   0x0800a8b4   0x00000056   Code   RO         6966    x$fpl$f2d           fz_wm.l(f2d.o)
    0x0800a90a   0x0800a90a   0x00000060   Code   RO         6968    x$fpl$ffltll        fz_wm.l(ffltll_clz.o)
    0x0800a96a   0x0800a96a   0x0000008c   Code   RO         7023    x$fpl$fnaninf       fz_wm.l(fnaninf.o)
    0x0800a9f6   0x0800a9f6   0x0000000a   Code   RO         7163    x$fpl$fpinit        fz_wm.l(fpinit.o)
    0x0800aa00   0x0800aa00   0x0000000a   Code   RO         7025    x$fpl$fretinf       fz_wm.l(fretinf.o)
    0x0800aa0a   0x0800aa0a   0x00000000   Code   RO         7027    x$fpl$usenofp       fz_wm.l(usenofp.o)
    0x0800aa0a   0x0800aa0a   0x00000002   PAD
    0x0800aa0c   0x0800aa0c   0x0000008c   Data   RO          282    .constdata          freertos.o
    0x0800aa98   0x0800aa98   0x00000008   Data   RO         1572    .constdata          stm32f4xx_hal_dma.o
    0x0800aaa0   0x0800aaa0   0x00000018   Data   RO         4400    .constdata          system_stm32f4xx.o
    0x0800aab8   0x0800aab8   0x00000012   Data   RO         5759    .constdata          bmi088.o
    0x0800aaca   0x0800aaca   0x00000002   PAD
    0x0800aacc   0x0800aacc   0x0000000c   Data   RO         5911    .constdata          gyro_get_data.o
    0x0800aad8   0x0800aad8   0x00000031   Data   RO          283    .conststring        freertos.o
    0x0800ab09   0x0800ab09   0x00000003   PAD
    0x0800ab0c   0x0800ab0c   0x00000020   Data   RO         7219    Region$$Table       anon$$obj.o


    Execution Region RW_IRAM1 (Exec base: 0x20000000, Load base: 0x0800ab2c, Size: 0x00005d78, Max: 0x0001c000, ABSOLUTE, COMPRESSED[0x0000013c])

    Exec Addr    Load Addr    Size         Type   Attr      Idx    E Section Name        Object

    0x20000000   COMPRESSED   0x00000014   Data   RW          284    .data               freertos.o
    0x20000014   COMPRESSED   0x00000004   Data   RW          354    .data               can.o
    0x20000018   COMPRESSED   0x00000009   Data   RW         2004    .data               stm32f4xx_hal.o
    0x20000021   COMPRESSED   0x00000003   PAD
    0x20000024   COMPRESSED   0x00000004   Data   RW         4401    .data               system_stm32f4xx.o
    0x20000028   COMPRESSED   0x0000003c   Data   RW         4962    .data               tasks.o
    0x20000064   COMPRESSED   0x00000020   Data   RW         5615    .data               heap_4.o
    0x20000084   COMPRESSED   0x0000000c   Data   RW         5683    .data               port.o
    0x20000090   COMPRESSED   0x0000002c   Data   RW         5760    .data               bmi088.o
    0x200000bc   COMPRESSED   0x00000020   Data   RW         5824    .data               bmi088_drive.o
    0x200000dc   COMPRESSED   0x0000001c   Data   RW         5912    .data               gyro_get_data.o
    0x200000f8   COMPRESSED   0x00000002   Data   RW         5989    .data               imu_temp_control.o
    0x200000fa   COMPRESSED   0x00000002   PAD
    0x200000fc   COMPRESSED   0x00000024   Data   RW         6061    .data               mahonyahrs.o
    0x20000120   COMPRESSED   0x00000028   Data   RW         6115    .data               bsp_can.o
    0x20000148   COMPRESSED   0x00000004   Data   RW         6264    .data               bsp_dma.o
    0x2000014c   COMPRESSED   0x000000dc   Data   RW         6472    .data               gimbal_task.o
    0x20000228   COMPRESSED   0x00000264   Data   RW         6599    .data               pid.o
    0x2000048c   COMPRESSED   0x00000004   PAD
    0x20000490   COMPRESSED   0x000000b0   Data   RW         6814    .data               shoot_task.o
    0x20000540        -       0x00000254   Zero   RW          281    .bss                freertos.o
    0x20000794        -       0x00000050   Zero   RW          353    .bss                can.o
    0x200007e4        -       0x00000054   Zero   RW          425    .bss                i2c.o
    0x20000838        -       0x00000118   Zero   RW          467    .bss                spi.o
    0x20000950        -       0x00000090   Zero   RW          511    .bss                tim.o
    0x200009e0        -       0x000001ec   Zero   RW          565    .bss                usart.o
    0x20000bcc        -       0x00000048   Zero   RW          783    .bss                stm32f4xx_hal_timebase_tim.o
    0x20000c14        -       0x000000f0   Zero   RW         4961    .bss                tasks.o
    0x20000d04        -       0x00003c00   Zero   RW         5614    .bss                heap_4.o
    0x20004904        -       0x0000000c   Zero   RW         5758    .bss                bmi088.o
    0x20004910        -       0x00000088   Zero   RW         5910    .bss                gyro_get_data.o
    0x20004998        -       0x00000048   Zero   RW         5988    .bss                imu_temp_control.o
    0x200049e0        -       0x000001e8   Zero   RW         6114    .bss                bsp_can.o
    0x20004bc8        -       0x000000e3   Zero   RW         6263    .bss                bsp_dma.o
    0x20004cab   COMPRESSED   0x00000001   PAD
    0x20004cac        -       0x00000850   Zero   RW         6471    .bss                gimbal_task.o
    0x200054fc        -       0x000001d8   Zero   RW         6813    .bss                shoot_task.o
    0x200056d4        -       0x00000044   Zero   RW         6886    .bss                detect_tesk.o
    0x20005718        -       0x00000060   Zero   RW         7079    .bss                c_w.l(libspace.o)
    0x20005778        -       0x00000200   Zero   RW            2    HEAP                startup_stm32f407xx.o
    0x20005978        -       0x00000400   Zero   RW            1    STACK               startup_stm32f407xx.o


    Execution Region RW_IRAM2 (Exec base: 0x2001c000, Load base: 0x0800ac68, Size: 0x00000000, Max: 0x00004000, ABSOLUTE)

    **** No section assigned to this execution region ****


==============================================================================

Image component sizes


      Code (inc. data)   RO Data    RW Data    ZI Data      Debug   Object Name

      1138         32         18         44         12       4326   bmi088.o
      1322         86          0         32          0       8571   bmi088_drive.o
      1290        174          0         40        488      13656   bsp_can.o
       922         60          0          4        227     588765   bsp_dma.o
       496         44          0          4         80       2382   can.o
       142          0          0          0          0      22895   cmsis_os.o
       328         18          0          0         68       3266   detect_tesk.o
       152          6          0          0          0        810   dma.o
         0          0          0          0          0      16844   event_groups.o
       186         36        189         20        596       2810   freertos.o
      2748        232          0        220       2128      16037   gimbal_task.o
       520         26          0          0          0       1227   gpio.o
      1136        144         12         28        136       6554   gyro_get_data.o
       724         74          0         32      15360       7323   heap_4.o
       260         30          0          0         84       1673   i2c.o
       760         36          0          2         72       3416   imu_temp_control.o
       224         10          0          0          0       1034   ist8310.o
       148          0          0          0          0       3486   list.o
       896         52          0         36          0       2226   mahonyahrs.o
       280         10          0          0          0     756276   main.o
      3242        108          0        612          0      12765   pid.o
       894         78          0         12          0      10996   port.o
      1298        110          0        176        472       7546   shoot_task.o
       404         38          0          0        280       1867   spi.o
        64         26        392          0       1536        828   startup_stm32f407xx.o
       136         24          0          9          0       8626   stm32f4xx_hal.o
      2134          6          0          0          0      14043   stm32f4xx_hal_can.o
       252         22          0          0          0      33598   stm32f4xx_hal_cortex.o
      1436         16          8          0          0       6902   stm32f4xx_hal_dma.o
       542         50          0          0          0       3256   stm32f4xx_hal_gpio.o
      2856         46          0          0          0      11510   stm32f4xx_hal_i2c.o
        84          6          0          0          0        834   stm32f4xx_hal_msp.o
      1888         94          0          0          0       6161   stm32f4xx_hal_rcc.o
      1078         14          0          0          0       4597   stm32f4xx_hal_spi.o
      2392        142          0          0          0      16092   stm32f4xx_hal_tim.o
       300         30          0          0          0       3249   stm32f4xx_hal_tim_ex.o
       180         18          0          0         72       1427   stm32f4xx_hal_timebase_tim.o
      2520         26          0          0          0      14362   stm32f4xx_hal_uart.o
       230         62          0          0          0       9550   stm32f4xx_it.o
         0          0          0          0          0        392   stream_buffer.o
        20          6         24          4          0       1091   system_stm32f4xx.o
      2170        276          0         60        240      20721   tasks.o
       676         50          0          0        144       3203   tim.o
       856         84          0          0        492       3305   usart.o

    ----------------------------------------------------------------------
     39368       2402        680       1344      22488    1660498   Object Totals
         0          0         32          0          0          0   (incl. Generated)
        44          0          5          9          1          0   (incl. Padding)

    ----------------------------------------------------------------------

      Code (inc. data)   RO Data    RW Data    ZI Data      Debug   Library Member Name

        90          0          0          0          0          0   __dczerorl2.o
         8          0          0          0          0         68   __main.o
         0          0          0          0          0          0   __rtentry.o
        12          0          0          0          0          0   __rtentry2.o
         6          0          0          0          0          0   __rtentry4.o
        52          8          0          0          0          0   __scatter.o
        28          0          0          0          0          0   __scatter_zi.o
        22          0          0          0          0        100   _rserrno.o
        18          0          0          0          0         80   exit.o
         6          0          0          0          0        152   heapauxi.o
         0          0          0          0          0          0   indicate_semi.o
         2          0          0          0          0          0   libinit.o
         6          0          0          0          0          0   libinit2.o
         2          0          0          0          0          0   libshutdown.o
         2          0          0          0          0          0   libshutdown2.o
         8          4          0          0         96         68   libspace.o
       238          0          0          0          0        100   lludivv7m.o
         8          4          0          0          0         68   rt_errno_addr_intlibspace.o
        78          0          0          0          0         80   rt_memclr_w.o
       100          0          0          0          0         80   rt_memcpy_w.o
         2          0          0          0          0          0   rtexit.o
        10          0          0          0          0          0   rtexit2.o
        12          4          0          0          0         68   sys_exit.o
        74          0          0          0          0         80   sys_stackheap_outer.o
         2          0          0          0          0         68   use_no_semi.o
        98          4          0          0          0        140   d2f.o
        24          0          0          0          0        116   dcmpi.o
       688        140          0          0          0        256   ddiv.o
        46          0          0          0          0        116   dflt_clz.o
       120          4          0          0          0        140   dleqf.o
       340         12          0          0          0        152   dmul.o
       156          4          0          0          0        140   dnaninf.o
        12          0          0          0          0        116   dretinf.o
       108          0          0          0          0        128   drleqf.o
        86          4          0          0          0        132   f2d.o
        96          0          0          0          0        132   ffltll_clz.o
       140          4          0          0          0        132   fnaninf.o
        10          0          0          0          0        116   fpinit.o
        10          0          0          0          0        116   fretinf.o
         0          0          0          0          0          0   usenofp.o
       300         42          0          0          0        176   asinf.o
       592         90          0          0          0        184   atan2f.o
        38          0          0          0          0        116   fpclassifyf.o
        44         12          0          0          0        464   funder.o
        62          0          0          0          0        136   sqrtf.o

    ----------------------------------------------------------------------
      3772        336          0          0         96       4020   Library Totals
        16          0          0          0          0          0   (incl. Padding)

    ----------------------------------------------------------------------

      Code (inc. data)   RO Data    RW Data    ZI Data      Debug   Library Name

       786         20          0          0         96       1012   c_w.l
      1934        172          0          0          0       1932   fz_wm.l
      1036        144          0          0          0       1076   m_wm.l

    ----------------------------------------------------------------------
      3772        336          0          0         96       4020   Library Totals

    ----------------------------------------------------------------------

==============================================================================


      Code (inc. data)   RO Data    RW Data    ZI Data      Debug   

     43140       2738        680       1344      22584    1635102   Grand Totals
     43140       2738        680        316      22584    1635102   ELF Image Totals (compressed)
     43140       2738        680        316          0          0   ROM Totals

==============================================================================

    Total RO  Size (Code + RO Data)                43820 (  42.79kB)
    Total RW  Size (RW Data + ZI Data)             23928 (  23.37kB)
    Total ROM Size (Code + RO Data + RW Data)      44136 (  43.10kB)

==============================================================================

