<html>
<body>
<pre>
<h1>µVision Build Log</h1>
<h2>Tool Versions:</h2>
IDE-Version: ¦ÌVision V5.30.0.0
Copyright (C) 2020 ARM Ltd and ARM Germany GmbH. All rights reserved.
License Information: 1 Administrator, 11, LIC=ZB4EI-TTEW6-JJH6S-LPW19-CWLZG-69275
 
Tool Versions:
Toolchain:       MDK-ARM Plus  Version: 5.30.0.0
Toolchain Path:  F:\mdk5\Core\ARM\ARMCC\Bin
C Compiler:      Armcc.exe V5.06 update 6 (build 750)
Assembler:       Armasm.exe V5.06 update 6 (build 750)
Linker/Locator:  ArmLink.exe V5.06 update 6 (build 750)
Library Manager: ArmAr.exe V5.06 update 6 (build 750)
Hex Converter:   FromElf.exe V5.06 update 6 (build 750)
CPU DLL:         SARMCM3.DLL V5.30.0.0
Dialog DLL:      DCM.DLL V1.17.3.0
Target DLL:      CMSIS_AGDI.dll V1.32.5.0
Dialog DLL:      TCM.DLL V1.42.0.0
 
<h2>Project:</h2>
D:\RMÈ«ÏòÂÖ\ZGIMABAL\MDK-ARM\Whole_car_C.uvprojx
Project File Date:  02/10/2023

<h2>Output:</h2>
*** Using Compiler 'V5.06 update 6 (build 750)', folder: 'F:\mdk5\Core\ARM\ARMCC\Bin'
Build target 'Whole_car_C'
compiling bsp_dma.c...
..\BSP\BSP_DMA\bsp_dma.c(69): warning:  #550-D: variable "temp"  was set but never used
  	static uint16_t temp;
..\BSP\BSP_DMA\bsp_dma.c: 1 warning, 0 errors
compiling pid.c...
..\BSP\pid\pid.c(378): warning:  #177-D: variable "lsd"  was declared but never referenced
  	float lsd;
..\BSP\pid\pid.c(379): warning:  #177-D: variable "temp_p"  was declared but never referenced
  	int temp_p,temp_d,temp_i;
..\BSP\pid\pid.c(379): warning:  #177-D: variable "temp_d"  was declared but never referenced
  	int temp_p,temp_d,temp_i;
..\BSP\pid\pid.c(379): warning:  #177-D: variable "temp_i"  was declared but never referenced
  	int temp_p,temp_d,temp_i;
..\BSP\pid\pid.c: 4 warnings, 0 errors
compiling gimbal_task.c...
..\BSP\gimbal_task\gimbal_task.c(492): warning:  #177-D: function "gimbal_motor_absolute_angle_control"  was declared but never referenced
  static void gimbal_motor_absolute_angle_control(Gimbal_Motor_t *gimbal_motor)
..\BSP\gimbal_task\gimbal_task.c(30): warning:  #177-D: variable "Shoot_Can_Set_Current"  was declared but never referenced
  static int16_t Yaw_Can_Set_Current = 0, Pitch_Can_Set_Current = 0, Shoot_Can_Set_Current = 0;
..\BSP\gimbal_task\gimbal_task.c(109): warning:  #177-D: function "Gimbal_PID_clear"  was declared but never referenced
  	void Gimbal_PID_clear(Gimbal_PID_t *gimbal_pid_clear)
..\BSP\gimbal_task\gimbal_task.c: 3 warnings, 0 errors
compiling shoot_task.c...
..\BSP\shoot_task\shoot_task.c(125): warning:  #177-D: variable "first_time"  was declared but never referenced
  static long long first_time,second_time,keep_time_ON,keep_time_OFF,stoppage_Time,reverse_Time;
..\BSP\shoot_task\shoot_task.c(125): warning:  #177-D: variable "second_time"  was declared but never referenced
  static long long first_time,second_time,keep_time_ON,keep_time_OFF,stoppage_Time,reverse_Time;
..\BSP\shoot_task\shoot_task.c(125): warning:  #177-D: variable "keep_time_ON"  was declared but never referenced
  static long long first_time,second_time,keep_time_ON,keep_time_OFF,stoppage_Time,reverse_Time;
..\BSP\shoot_task\shoot_task.c(125): warning:  #177-D: variable "keep_time_OFF"  was declared but never referenced
  static long long first_time,second_time,keep_time_ON,keep_time_OFF,stoppage_Time,reverse_Time;
..\BSP\shoot_task\shoot_task.c(125): warning:  #177-D: variable "stoppage_Time"  was declared but never referenced
  static long long first_time,second_time,keep_time_ON,keep_time_OFF,stoppage_Time,reverse_Time;
..\BSP\shoot_task\shoot_task.c(125): warning:  #177-D: variable "reverse_Time"  was declared but never referenced
  static long long first_time,second_time,keep_time_ON,keep_time_OFF,stoppage_Time,reverse_Time;
..\BSP\shoot_task\shoot_task.c(126): warning:  #177-D: variable "KEYBORD_FLAG"  was declared but never referenced
  static int KEYBORD_FLAG,stoppage_FLAG;
..\BSP\shoot_task\shoot_task.c(126): warning:  #177-D: variable "stoppage_FLAG"  was declared but never referenced
  static int KEYBORD_FLAG,stoppage_FLAG;
..\BSP\shoot_task\shoot_task.c(10): warning:  #177-D: variable "Bullet_mode"  was declared but never referenced
  static char Bullet_mode = Switich_OFF;
..\BSP\shoot_task\shoot_task.c: 9 warnings, 0 errors
compiling main.c...
compiling bsp_can.c...
..\BSP\bsp_can.c\bsp_can.c(213): warning:  #177-D: variable "angle_cnt"  was declared but never referenced
  			static	int32_t round_cnt,total_ecd,angle_cnt;    
..\BSP\bsp_can.c\bsp_can.c: 1 warning, 0 errors
linking...
Program Size: Code=43140 RO-data=680 RW-data=1344 ZI-data=22584  
FromELF: creating hex file...
"Whole_car_C\Whole_car_C.axf" - 0 Error(s), 18 Warning(s).

<h2>Software Packages used:</h2>

Package Vendor: ARM
                http://www.keil.com/pack/ARM.CMSIS.5.9.0.pack
                ARM.CMSIS.5.9.0
                CMSIS (Common Microcontroller Software Interface Standard)
   * Component: CORE Version: 5.6.0

Package Vendor: Keil
                http://www.keil.com/pack/Keil.STM32F4xx_DFP.2.16.0.pack
                Keil.STM32F4xx_DFP.2.16.0
                STMicroelectronics STM32F4 Series Device Support, Drivers and Examples

<h2>Collection of Component include folders:</h2>
  .\RTE\_Whole_car_C
  F:\mdk5\Packs\ARM\CMSIS\5.9.0\CMSIS\Core\Include
  F:\mdk5\Packs\Keil\STM32F4xx_DFP\2.16.0\Drivers\CMSIS\Device\ST\STM32F4xx\Include

<h2>Collection of Component Files used:</h2>

   * Component: ARM::CMSIS:CORE:5.6.0
Build Time Elapsed:  00:00:04
</pre>
</body>
</html>
